22:09:24 | INFO: Data are loaded, start creating Blender stuff
22:09:24 | INFO: Blender create Mesh node meshes[0]
22:09:24 | INFO: glTF import finished in 0.02s
00:10.578  render           | Saved: 'C:\Users\peaceful\Station Peaceful\Station Peaceful\artifacts\rock_shadow_bake\rock_1\frames_512\rock_1_rot_00_000deg.png'
00:18.578  render           | Saved: 'C:\Users\peaceful\Station Peaceful\Station Peaceful\artifacts\rock_shadow_bake\rock_1\frames_512\rock_1_rot_01_011deg.png'
00:26.688  render           | Saved: 'C:\Users\peaceful\Station Peaceful\Station Peaceful\artifacts\rock_shadow_bake\rock_1\frames_512\rock_1_rot_02_022deg.png'
00:34.625  render           | Saved: 'C:\Users\peaceful\Station Peaceful\Station Peaceful\artifacts\rock_shadow_bake\rock_1\frames_512\rock_1_rot_03_034deg.png'
00:42.719  render           | Saved: 'C:\Users\peaceful\Station Peaceful\Station Peaceful\artifacts\rock_shadow_bake\rock_1\frames_512\rock_1_rot_04_045deg.png'
00:50.735  render           | Saved: 'C:\Users\peaceful\Station Peaceful\Station Peaceful\artifacts\rock_shadow_bake\rock_1\frames_512\rock_1_rot_05_056deg.png'
00:58.719  render           | Saved: 'C:\Users\peaceful\Station Peaceful\Station Peaceful\artifacts\rock_shadow_bake\rock_1\frames_512\rock_1_rot_06_068deg.png'
01:06.719  render           | Saved: 'C:\Users\peaceful\Station Peaceful\Station Peaceful\artifacts\rock_shadow_bake\rock_1\frames_512\rock_1_rot_07_079deg.png'
01:14.969  render           | Saved: 'C:\Users\peaceful\Station Peaceful\Station Peaceful\artifacts\rock_shadow_bake\rock_1\frames_512\rock_1_rot_08_090deg.png'
01:23.453  render           | Saved: 'C:\Users\peaceful\Station Peaceful\Station Peaceful\artifacts\rock_shadow_bake\rock_1\frames_512\rock_1_rot_09_101deg.png'
01:31.938  render           | Saved: 'C:\Users\peaceful\Station Peaceful\Station Peaceful\artifacts\rock_shadow_bake\rock_1\frames_512\rock_1_rot_10_112deg.png'
01:41.063  render           | Saved: 'C:\Users\peaceful\Station Peaceful\Station Peaceful\artifacts\rock_shadow_bake\rock_1\frames_512\rock_1_rot_11_124deg.png'
01:49.110  render           | Saved: 'C:\Users\peaceful\Station Peaceful\Station Peaceful\artifacts\rock_shadow_bake\rock_1\frames_512\rock_1_rot_12_135deg.png'
01:57.891  render           | Saved: 'C:\Users\peaceful\Station Peaceful\Station Peaceful\artifacts\rock_shadow_bake\rock_1\frames_512\rock_1_rot_13_146deg.png'
02:06.094  render           | Saved: 'C:\Users\peaceful\Station Peaceful\Station Peaceful\artifacts\rock_shadow_bake\rock_1\frames_512\rock_1_rot_14_158deg.png'
02:14.625  render           | Saved: 'C:\Users\peaceful\Station Peaceful\Station Peaceful\artifacts\rock_shadow_bake\rock_1\frames_512\rock_1_rot_15_169deg.png'
02:22.782  render           | Saved: 'C:\Users\peaceful\Station Peaceful\Station Peaceful\artifacts\rock_shadow_bake\rock_1\frames_512\rock_1_rot_16_180deg.png'
02:30.453  render           | Saved: 'C:\Users\peaceful\Station Peaceful\Station Peaceful\artifacts\rock_shadow_bake\rock_1\frames_512\rock_1_rot_17_191deg.png'
02:38.203  render           | Saved: 'C:\Users\peaceful\Station Peaceful\Station Peaceful\artifacts\rock_shadow_bake\rock_1\frames_512\rock_1_rot_18_202deg.png'
02:45.860  render           | Saved: 'C:\Users\peaceful\Station Peaceful\Station Peaceful\artifacts\rock_shadow_bake\rock_1\frames_512\rock_1_rot_19_214deg.png'
02:53.485  render           | Saved: 'C:\Users\peaceful\Station Peaceful\Station Peaceful\artifacts\rock_shadow_bake\rock_1\frames_512\rock_1_rot_20_225deg.png'
03:01.172  render           | Saved: 'C:\Users\peaceful\Station Peaceful\Station Peaceful\artifacts\rock_shadow_bake\rock_1\frames_512\rock_1_rot_21_236deg.png'
03:09.172  render           | Saved: 'C:\Users\peaceful\Station Peaceful\Station Peaceful\artifacts\rock_shadow_bake\rock_1\frames_512\rock_1_rot_22_248deg.png'
03:18.313  render           | Saved: 'C:\Users\peaceful\Station Peaceful\Station Peaceful\artifacts\rock_shadow_bake\rock_1\frames_512\rock_1_rot_23_259deg.png'
03:27.907  render           | Saved: 'C:\Users\peaceful\Station Peaceful\Station Peaceful\artifacts\rock_shadow_bake\rock_1\frames_512\rock_1_rot_24_270deg.png'
03:37.047  render           | Saved: 'C:\Users\peaceful\Station Peaceful\Station Peaceful\artifacts\rock_shadow_bake\rock_1\frames_512\rock_1_rot_25_281deg.png'
03:45.172  render           | Saved: 'C:\Users\peaceful\Station Peaceful\Station Peaceful\artifacts\rock_shadow_bake\rock_1\frames_512\rock_1_rot_26_292deg.png'
03:53.828  render           | Saved: 'C:\Users\peaceful\Station Peaceful\Station Peaceful\artifacts\rock_shadow_bake\rock_1\frames_512\rock_1_rot_27_304deg.png'
04:02.360  render           | Saved: 'C:\Users\peaceful\Station Peaceful\Station Peaceful\artifacts\rock_shadow_bake\rock_1\frames_512\rock_1_rot_28_315deg.png'
04:10.563  render           | Saved: 'C:\Users\peaceful\Station Peaceful\Station Peaceful\artifacts\rock_shadow_bake\rock_1\frames_512\rock_1_rot_29_326deg.png'
04:19.032  render           | Saved: 'C:\Users\peaceful\Station Peaceful\Station Peaceful\artifacts\rock_shadow_bake\rock_1\frames_512\rock_1_rot_30_338deg.png'
04:27.157  render           | Saved: 'C:\Users\peaceful\Station Peaceful\Station Peaceful\artifacts\rock_shadow_bake\rock_1\frames_512\rock_1_rot_31_349deg.png'
Rock overhead shadow sprite render complete
input_glb=C:\Users\peaceful\Station Peaceful\flora glb\rock 1.glb
output_dir=C:\Users\peaceful\Station Peaceful\Station Peaceful\artifacts\rock_shadow_bake\rock_1\frames_512
asset_name=rock_1
rotations=32
frame_size=512
bounds_min=(-0.4678, -0.499, 0.0)
bounds_max=(0.4678, 0.499, 0.7832)
render_engine=CYCLES
camera_ortho_scale=1.7009
shadow=cycles shadow catcher, overhead sun
Blender 5.0.1 (hash a3db93c5b259 built 2025-12-16 01:32:30)

Blender quit
