Godot Engine v4.7.stable.official.5b4e0cb0f - https://godotengine.org
D3D12 12_0 - Forward+ - Using Device #0: NVIDIA - NVIDIA GeForce GTX 1060 6GB

[FrameBudget] streaming=2.7ms topology=0.0ms visual=2.4ms spawn=0.0ms total=5.1ms/6.0ms world.streaming_v0=2.7ms(60) world.mountain_native_mask_visual_upload=2.4ms(59)
ground_variant_probe: saved C:/Users/peaceful/Station Peaceful/Station Peaceful/artifacts/ground_variant_probe/mosaic_now_z100.png
ground_variant_probe: saved C:/Users/peaceful/Station Peaceful/Station Peaceful/artifacts/ground_variant_probe/mosaic_grass_x3_z100.png
ground_variant_probe: saved C:/Users/peaceful/Station Peaceful/Station Peaceful/artifacts/ground_variant_probe/mosaic_grass_max_z100.png
ground_variant_probe: panel saved C:/Users/peaceful/Station Peaceful/Station Peaceful/artifacts/ground_variant_probe/panel_z100.png
[FrameBudget] streaming=2.4ms topology=0.0ms visual=1.6ms spawn=0.0ms total=4.0ms/6.0ms world.streaming_v0=2.4ms(60) world.mountain_native_mask_visual_upload=1.6ms(56)
ground_variant_probe: saved C:/Users/peaceful/Station Peaceful/Station Peaceful/artifacts/ground_variant_probe/mosaic_now_z045.png
[FrameBudget] streaming=3.8ms topology=0.0ms visual=2.4ms spawn=0.0ms total=6.2ms/6.0ms world.streaming_v0=3.8ms(60) world.mountain_native_mask_visual_upload=2.4ms(49)
ground_variant_probe: saved C:/Users/peaceful/Station Peaceful/Station Peaceful/artifacts/ground_variant_probe/mosaic_grass_x3_z045.png
ground_variant_probe: saved C:/Users/peaceful/Station Peaceful/Station Peaceful/artifacts/ground_variant_probe/mosaic_grass_max_z045.png
ground_variant_probe: panel saved C:/Users/peaceful/Station Peaceful/Station Peaceful/artifacts/ground_variant_probe/panel_z045.png
[FrameBudget] streaming=4.5ms topology=0.0ms visual=2.7ms spawn=0.0ms total=7.2ms/6.0ms world.streaming_v0=4.5ms(60) world.mountain_native_mask_visual_upload=2.7ms(46)
ground_variant_probe: saved C:/Users/peaceful/Station Peaceful/Station Peaceful/artifacts/ground_variant_probe/mosaic_now_z022.png
ground_variant_probe: saved C:/Users/peaceful/Station Peaceful/Station Peaceful/artifacts/ground_variant_probe/mosaic_grass_x3_z022.png
ground_variant_probe: saved C:/Users/peaceful/Station Peaceful/Station Peaceful/artifacts/ground_variant_probe/mosaic_grass_max_z022.png
ground_variant_probe: panel saved C:/Users/peaceful/Station Peaceful/Station Peaceful/artifacts/ground_variant_probe/panel_z022.png
ground_variant_probe: DONE
WARNING: 14 ObjectDB instances were leaked at exit (run with `--verbose` for details).
   at: cleanup (core/object/object.cpp:2535)
ERROR: 7 resources still in use at exit (run with --verbose for details).
   at: clear (core/io/resource.cpp:822)
