Godot Engine v4.6.2.stable.official.71f334935 - https://godotengine.org

runtime_mountain_raster_walk_probe: start density=0.60
runtime_mountain_raster_walk_probe: route_size=7
STREAMING_STEP_TIMING total=28.95ms {"drain_packets":1.908,"drain_pages":0.006,"enqueue":0.024,"evict":0.013,"player_chunk":0.021,"prune":0.002,"publish":26.919,"queue_pages":0.035,"spawn":0.003,"wrap":0.013}
STREAMING_STEP_TIMING total=12.25ms {"drain_packets":3.968,"drain_pages":0.006,"enqueue":0.097,"evict":0.02,"player_chunk":0.024,"prune":0.033,"publish":7.369,"queue_pages":0.711,"spawn":0.004,"wrap":0.017}
STREAMING_STEP_TIMING total=15.00ms {"drain_packets":4.403,"drain_pages":0.007,"enqueue":0.198,"evict":0.039,"player_chunk":0.017,"prune":0.145,"publish":8.073,"queue_pages":2.101,"spawn":0.003,"wrap":0.011}
STREAMING_STEP_TIMING total=13.50ms {"drain_packets":5.524,"drain_pages":0.007,"enqueue":0.398,"evict":0.019,"player_chunk":0.028,"prune":0.453,"publish":6.55,"queue_pages":0.503,"spawn":0.004,"wrap":0.014}
STREAMING_STEP_TIMING total=7.76ms {"drain_packets":0.005,"drain_pages":0.005,"enqueue":0.312,"evict":0.059,"player_chunk":0.015,"prune":0.185,"publish":7.084,"queue_pages":0.086,"spawn":0.002,"wrap":0.009}
STREAMING_STEP_TIMING total=11.85ms {"drain_packets":0.009,"drain_pages":0.006,"enqueue":0.49,"evict":0.046,"player_chunk":0.027,"prune":0.186,"publish":10.967,"queue_pages":0.098,"spawn":0.004,"wrap":0.016}
STREAMING_STEP_TIMING total=12.05ms {"drain_packets":0.013,"drain_pages":0.008,"enqueue":0.545,"evict":0.057,"player_chunk":0.033,"prune":0.312,"publish":10.908,"queue_pages":0.144,"spawn":0.006,"wrap":0.019}
STREAMING_STEP_TIMING total=11.14ms {"drain_packets":0.021,"drain_pages":0.009,"enqueue":0.585,"evict":0.039,"player_chunk":0.039,"prune":0.356,"publish":9.867,"queue_pages":0.196,"spawn":0.005,"wrap":0.022}
STREAMING_STEP_TIMING total=9.98ms {"drain_packets":0.007,"drain_pages":0.006,"enqueue":0.442,"evict":0.061,"player_chunk":0.018,"prune":0.252,"publish":9.069,"queue_pages":0.108,"spawn":0.003,"wrap":0.009}
STREAMING_STEP_TIMING total=10.55ms {"drain_packets":0.009,"drain_pages":0.006,"enqueue":0.453,"evict":0.048,"player_chunk":0.021,"prune":0.245,"publish":9.634,"queue_pages":0.124,"spawn":0.002,"wrap":0.008}
STREAMING_STEP_TIMING total=11.29ms {"drain_packets":0.016,"drain_pages":0.009,"enqueue":0.47,"evict":0.056,"player_chunk":0.019,"prune":1.051,"publish":9.5,"queue_pages":0.148,"spawn":0.003,"wrap":0.011}
STREAMING_STEP_TIMING total=12.07ms {"drain_packets":0.009,"drain_pages":0.006,"enqueue":0.781,"evict":0.05,"player_chunk":0.022,"prune":0.237,"publish":10.829,"queue_pages":0.12,"spawn":0.003,"wrap":0.013}
STREAMING_STEP_TIMING total=11.08ms {"drain_packets":0.01,"drain_pages":0.006,"enqueue":0.485,"evict":0.073,"player_chunk":0.017,"prune":0.277,"publish":10.082,"queue_pages":0.112,"spawn":0.003,"wrap":0.01}
STREAMING_STEP_TIMING total=11.53ms {"drain_packets":0.01,"drain_pages":0.006,"enqueue":0.463,"evict":0.101,"player_chunk":0.023,"prune":0.245,"publish":10.529,"queue_pages":0.124,"spawn":0.003,"wrap":0.014}
STREAMING_STEP_TIMING total=11.00ms {"drain_packets":0.013,"drain_pages":0.006,"enqueue":1.282,"evict":0.069,"player_chunk":0.022,"prune":0.368,"publish":9.02,"queue_pages":0.201,"spawn":0.004,"wrap":0.015}
STREAMING_STEP_TIMING total=12.54ms {"drain_packets":0.009,"drain_pages":0.006,"enqueue":0.446,"evict":0.079,"player_chunk":0.022,"prune":0.222,"publish":11.615,"queue_pages":0.117,"spawn":0.003,"wrap":0.015}
STREAMING_STEP_TIMING total=15.09ms {"drain_packets":0.01,"drain_pages":0.007,"enqueue":0.65,"evict":0.099,"player_chunk":0.02,"prune":0.255,"publish":13.902,"queue_pages":0.132,"spawn":0.003,"wrap":0.012}
STREAMING_STEP_TIMING total=13.88ms {"drain_packets":0.014,"drain_pages":0.008,"enqueue":0.493,"evict":0.074,"player_chunk":0.024,"prune":0.25,"publish":12.864,"queue_pages":0.139,"spawn":0.004,"wrap":0.011}
STREAMING_STEP_TIMING total=10.42ms {"drain_packets":0.011,"drain_pages":0.007,"enqueue":0.465,"evict":0.087,"player_chunk":0.019,"prune":0.231,"publish":9.411,"queue_pages":0.175,"spawn":0.003,"wrap":0.01}
STREAMING_STEP_TIMING total=12.23ms {"drain_packets":0.01,"drain_pages":0.006,"enqueue":0.477,"evict":0.08,"player_chunk":0.025,"prune":0.232,"publish":11.259,"queue_pages":0.126,"spawn":0.004,"wrap":0.014}
STREAMING_STEP_TIMING total=10.01ms {"drain_packets":0.008,"drain_pages":0.007,"enqueue":0.47,"evict":0.094,"player_chunk":0.018,"prune":0.224,"publish":9.061,"queue_pages":0.116,"spawn":0.003,"wrap":0.011}
STREAMING_STEP_TIMING total=13.07ms {"drain_packets":0.01,"drain_pages":0.006,"enqueue":0.44,"evict":0.089,"player_chunk":0.024,"prune":0.329,"publish":12.031,"queue_pages":0.123,"spawn":0.003,"wrap":0.013}
STREAMING_STEP_TIMING total=10.10ms {"drain_packets":0.008,"drain_pages":0.005,"enqueue":0.471,"evict":0.103,"player_chunk":0.019,"prune":0.217,"publish":9.151,"queue_pages":0.112,"spawn":0.003,"wrap":0.011}
STREAMING_STEP_TIMING total=14.22ms {"drain_packets":0.017,"drain_pages":0.007,"enqueue":0.449,"evict":0.105,"player_chunk":0.023,"prune":1.818,"publish":11.521,"queue_pages":0.258,"spawn":0.004,"wrap":0.013}
STREAMING_STEP_TIMING total=20.73ms {"drain_packets":0.016,"drain_pages":0.01,"enqueue":0.528,"evict":0.118,"player_chunk":0.027,"prune":0.245,"publish":19.628,"queue_pages":0.14,"spawn":0.004,"wrap":0.016}
STREAMING_STEP_TIMING total=16.06ms {"drain_packets":0.011,"drain_pages":0.007,"enqueue":0.498,"evict":0.123,"player_chunk":0.029,"prune":0.232,"publish":15.018,"queue_pages":0.13,"spawn":0.002,"wrap":0.01}
STREAMING_STEP_TIMING total=11.32ms {"drain_packets":0.009,"drain_pages":0.008,"enqueue":0.424,"evict":0.297,"player_chunk":0.022,"prune":0.209,"publish":10.214,"queue_pages":0.114,"spawn":0.005,"wrap":0.014}
STREAMING_STEP_TIMING total=17.89ms {"drain_packets":0.011,"drain_pages":0.443,"enqueue":0.529,"evict":0.125,"player_chunk":0.026,"prune":0.403,"publish":15.741,"queue_pages":0.591,"spawn":0.003,"wrap":0.015}
STREAMING_STEP_TIMING total=10.34ms {"drain_packets":0.008,"drain_pages":0.006,"enqueue":0.466,"evict":0.128,"player_chunk":0.021,"prune":0.202,"publish":9.373,"queue_pages":0.112,"spawn":0.004,"wrap":0.013}
STREAMING_STEP_TIMING total=19.58ms {"drain_packets":0.01,"drain_pages":0.007,"enqueue":0.466,"evict":0.141,"player_chunk":0.021,"prune":0.194,"publish":18.607,"queue_pages":0.123,"spawn":0.002,"wrap":0.008}
STREAMING_STEP_TIMING total=9.36ms {"drain_packets":0.008,"drain_pages":0.005,"enqueue":0.389,"evict":0.126,"player_chunk":0.018,"prune":0.172,"publish":8.53,"queue_pages":0.094,"spawn":0.004,"wrap":0.011}
STREAMING_STEP_TIMING total=10.44ms {"drain_packets":0.009,"drain_pages":0.007,"enqueue":0.406,"evict":0.125,"player_chunk":0.024,"prune":0.184,"publish":9.563,"queue_pages":0.108,"spawn":0.003,"wrap":0.012}
STREAMING_STEP_TIMING total=9.81ms {"drain_packets":0.007,"drain_pages":0.128,"enqueue":0.417,"evict":0.137,"player_chunk":0.017,"prune":0.172,"publish":8.335,"queue_pages":0.579,"spawn":0.002,"wrap":0.01}
STREAMING_STEP_TIMING total=12.66ms {"drain_packets":0.008,"drain_pages":0.006,"enqueue":0.386,"evict":0.143,"player_chunk":0.02,"prune":0.16,"publish":11.809,"queue_pages":0.113,"spawn":0.003,"wrap":0.011}
STREAMING_STEP_TIMING total=9.51ms {"drain_packets":0.013,"drain_pages":0.007,"enqueue":0.523,"evict":0.249,"player_chunk":0.018,"prune":0.214,"publish":8.345,"queue_pages":0.123,"spawn":0.003,"wrap":0.012}
STREAMING_STEP_TIMING total=12.79ms {"drain_packets":0.008,"drain_pages":0.411,"enqueue":0.431,"evict":0.146,"player_chunk":0.021,"prune":0.17,"publish":11.064,"queue_pages":0.527,"spawn":0.002,"wrap":0.008}
STREAMING_STEP_TIMING total=9.80ms {"drain_packets":0.008,"drain_pages":0.006,"enqueue":0.447,"evict":0.196,"player_chunk":0.018,"prune":0.165,"publish":8.844,"queue_pages":0.094,"spawn":0.003,"wrap":0.012}
STREAMING_STEP_TIMING total=13.14ms {"drain_packets":0.011,"drain_pages":0.006,"enqueue":0.393,"evict":0.139,"player_chunk":0.022,"prune":0.161,"publish":12.293,"queue_pages":0.099,"spawn":0.003,"wrap":0.013}
STREAMING_STEP_TIMING total=10.94ms {"drain_packets":0.017,"drain_pages":0.008,"enqueue":0.444,"evict":0.175,"player_chunk":0.038,"prune":0.42,"publish":9.657,"queue_pages":0.143,"spawn":0.006,"wrap":0.03}
STREAMING_STEP_TIMING total=13.70ms {"drain_packets":0.009,"drain_pages":0.007,"enqueue":0.443,"evict":0.132,"player_chunk":0.025,"prune":0.155,"publish":12.799,"queue_pages":0.109,"spawn":0.003,"wrap":0.012}
STREAMING_STEP_TIMING total=11.98ms {"drain_packets":0.009,"drain_pages":0.006,"enqueue":0.333,"evict":0.165,"player_chunk":0.017,"prune":0.176,"publish":11.151,"queue_pages":0.106,"spawn":0.003,"wrap":0.011}
STREAMING_STEP_TIMING total=12.87ms {"drain_packets":0.009,"drain_pages":0.006,"enqueue":0.453,"evict":0.165,"player_chunk":0.023,"prune":0.154,"publish":11.935,"queue_pages":0.11,"spawn":0.002,"wrap":0.013}
STREAMING_STEP_TIMING total=9.83ms {"drain_packets":0.008,"drain_pages":0.005,"enqueue":0.444,"evict":0.176,"player_chunk":0.018,"prune":0.155,"publish":8.909,"queue_pages":0.099,"spawn":0.003,"wrap":0.011}
STREAMING_STEP_TIMING total=13.34ms {"drain_packets":0.008,"drain_pages":0.005,"enqueue":0.442,"evict":0.185,"player_chunk":0.017,"prune":0.147,"publish":12.412,"queue_pages":0.115,"spawn":0.002,"wrap":0.007}
STREAMING_STEP_TIMING total=9.75ms {"drain_packets":0.008,"drain_pages":0.006,"enqueue":0.446,"evict":0.206,"player_chunk":0.023,"prune":0.149,"publish":8.796,"queue_pages":0.097,"spawn":0.003,"wrap":0.011}
STREAMING_STEP_TIMING total=13.60ms {"drain_packets":0.009,"drain_pages":0.006,"enqueue":0.442,"evict":0.221,"player_chunk":0.021,"prune":0.142,"publish":12.625,"queue_pages":0.111,"spawn":0.002,"wrap":0.012}
STREAMING_STEP_TIMING total=25.70ms {"drain_packets":0.008,"drain_pages":0.006,"enqueue":0.441,"evict":24.806,"player_chunk":0.018,"prune":0.143,"publish":0.158,"queue_pages":0.096,"spawn":0.004,"wrap":0.011}
STREAMING_STEP_TIMING total=13.67ms {"drain_packets":0.007,"drain_pages":0.004,"enqueue":0.651,"evict":0.197,"player_chunk":0.016,"prune":0.15,"publish":0.212,"queue_pages":12.424,"spawn":0.002,"wrap":0.008}
[FrameBudget] streaming=6.1ms topology=0.0ms visual=0.0ms spawn=0.0ms total=6.1ms/6.0ms world.streaming_v0=6.1ms(60)
STREAMING_STEP_TIMING total=9.42ms {"drain_packets":0.006,"drain_pages":0.134,"enqueue":0.715,"evict":0.231,"player_chunk":0.015,"prune":0.154,"publish":8.056,"queue_pages":0.093,"spawn":0.002,"wrap":0.009}
STREAMING_STEP_TIMING total=11.65ms {"drain_packets":0.009,"drain_pages":0.006,"enqueue":0.398,"evict":0.192,"player_chunk":0.026,"prune":0.127,"publish":10.762,"queue_pages":0.105,"spawn":0.003,"wrap":0.016}
STREAMING_STEP_TIMING total=11.08ms {"drain_packets":0.008,"drain_pages":0.005,"enqueue":0.547,"evict":0.229,"player_chunk":0.023,"prune":0.125,"publish":10.043,"queue_pages":0.083,"spawn":0.002,"wrap":0.013}
STREAMING_STEP_TIMING total=18.86ms {"drain_packets":0.013,"drain_pages":0.008,"enqueue":0.534,"evict":0.281,"player_chunk":0.031,"prune":0.178,"publish":17.653,"queue_pages":0.128,"spawn":0.006,"wrap":0.022}
STREAMING_STEP_TIMING total=11.87ms {"drain_packets":0.008,"drain_pages":0.006,"enqueue":0.45,"evict":0.223,"player_chunk":0.017,"prune":0.133,"publish":10.921,"queue_pages":0.096,"spawn":0.002,"wrap":0.011}
STREAMING_STEP_TIMING total=17.49ms {"drain_packets":0.01,"drain_pages":0.006,"enqueue":0.444,"evict":0.183,"player_chunk":0.03,"prune":0.127,"publish":16.562,"queue_pages":0.111,"spawn":0.002,"wrap":0.009}
STREAMING_STEP_TIMING total=8.55ms {"drain_packets":0.007,"drain_pages":0.113,"enqueue":0.386,"evict":0.229,"player_chunk":0.016,"prune":0.11,"publish":7.595,"queue_pages":0.078,"spawn":0.002,"wrap":0.008}
STREAMING_STEP_TIMING total=12.41ms {"drain_packets":0.008,"drain_pages":0.127,"enqueue":0.392,"evict":0.217,"player_chunk":0.021,"prune":0.13,"publish":11.419,"queue_pages":0.085,"spawn":0.002,"wrap":0.011}
STREAMING_STEP_TIMING total=9.28ms {"drain_packets":0.008,"drain_pages":0.006,"enqueue":0.379,"evict":0.175,"player_chunk":0.017,"prune":0.105,"publish":8.487,"queue_pages":0.085,"spawn":0.003,"wrap":0.009}
STREAMING_STEP_TIMING total=12.31ms {"drain_packets":0.007,"drain_pages":0.005,"enqueue":0.329,"evict":0.18,"player_chunk":0.017,"prune":0.083,"publish":11.604,"queue_pages":0.071,"spawn":0.002,"wrap":0.009}
STREAMING_STEP_TIMING total=7.13ms {"drain_packets":0.006,"drain_pages":0.004,"enqueue":0.326,"evict":0.191,"player_chunk":0.015,"prune":0.084,"publish":6.429,"queue_pages":0.065,"spawn":0.002,"wrap":0.007}
STREAMING_STEP_TIMING total=10.87ms {"drain_packets":0.005,"drain_pages":0.003,"enqueue":0.306,"evict":0.175,"player_chunk":0.01,"prune":0.078,"publish":10.224,"queue_pages":0.06,"spawn":0.001,"wrap":0.006}
STREAMING_STEP_TIMING total=7.18ms {"drain_packets":0.005,"drain_pages":0.005,"enqueue":0.312,"evict":0.232,"player_chunk":0.014,"prune":0.08,"publish":6.455,"queue_pages":0.064,"spawn":0.002,"wrap":0.007}
STREAMING_STEP_TIMING total=12.36ms {"drain_packets":0.008,"drain_pages":0.005,"enqueue":0.331,"evict":0.19,"player_chunk":0.019,"prune":0.078,"publish":11.641,"queue_pages":0.075,"spawn":0.002,"wrap":0.01}
STREAMING_STEP_TIMING total=7.18ms {"drain_packets":0.007,"drain_pages":0.004,"enqueue":0.325,"evict":0.221,"player_chunk":0.013,"prune":0.076,"publish":6.46,"queue_pages":0.064,"spawn":0.001,"wrap":0.007}
STREAMING_STEP_TIMING total=11.15ms {"drain_packets":0.007,"drain_pages":0.005,"enqueue":0.317,"evict":0.238,"player_chunk":0.018,"prune":0.071,"publish":10.397,"queue_pages":0.086,"spawn":0.002,"wrap":0.01}
STREAMING_STEP_TIMING total=7.15ms {"drain_packets":0.007,"drain_pages":0.005,"enqueue":0.332,"evict":0.194,"player_chunk":0.015,"prune":0.075,"publish":6.444,"queue_pages":0.065,"spawn":0.002,"wrap":0.009}
STREAMING_STEP_TIMING total=10.98ms {"drain_packets":0.007,"drain_pages":0.006,"enqueue":0.319,"evict":0.201,"player_chunk":0.018,"prune":0.068,"publish":10.277,"queue_pages":0.073,"spawn":0.002,"wrap":0.01}
STREAMING_STEP_TIMING total=7.10ms {"drain_packets":0.005,"drain_pages":0.005,"enqueue":0.309,"evict":0.198,"player_chunk":0.015,"prune":0.07,"publish":6.427,"queue_pages":0.064,"spawn":0.002,"wrap":0.008}
STREAMING_STEP_TIMING total=11.48ms {"drain_packets":0.005,"drain_pages":0.003,"enqueue":0.316,"evict":0.209,"player_chunk":0.011,"prune":0.075,"publish":10.791,"queue_pages":0.064,"spawn":0.001,"wrap":0.005}
STREAMING_STEP_TIMING total=6.91ms {"drain_packets":0.006,"drain_pages":0.005,"enqueue":0.315,"evict":0.205,"player_chunk":0.015,"prune":0.064,"publish":6.227,"queue_pages":0.063,"spawn":0.002,"wrap":0.009}
STREAMING_STEP_TIMING total=13.50ms {"drain_packets":0.005,"drain_pages":0.003,"enqueue":0.316,"evict":0.202,"player_chunk":0.012,"prune":0.061,"publish":12.829,"queue_pages":0.066,"spawn":0.002,"wrap":0.006}
STREAMING_STEP_TIMING total=7.04ms {"drain_packets":0.007,"drain_pages":0.004,"enqueue":0.319,"evict":0.218,"player_chunk":0.014,"prune":0.061,"publish":6.347,"queue_pages":0.064,"spawn":0.002,"wrap":0.007}
STREAMING_STEP_TIMING total=11.94ms {"drain_packets":0.008,"drain_pages":0.005,"enqueue":0.318,"evict":0.243,"player_chunk":0.018,"prune":0.057,"publish":11.194,"queue_pages":0.079,"spawn":0.003,"wrap":0.011}
STREAMING_STEP_TIMING total=6.02ms {"drain_packets":0.005,"drain_pages":0.004,"enqueue":0.31,"evict":0.232,"player_chunk":0.013,"prune":0.056,"publish":5.327,"queue_pages":0.064,"spawn":0.002,"wrap":0.007}
STREAMING_STEP_TIMING total=11.60ms {"drain_packets":0.008,"drain_pages":0.005,"enqueue":0.325,"evict":0.344,"player_chunk":0.018,"prune":0.055,"publish":10.702,"queue_pages":0.128,"spawn":0.003,"wrap":0.009}
STREAMING_STEP_TIMING total=6.94ms {"drain_packets":0.007,"drain_pages":0.005,"enqueue":0.313,"evict":0.22,"player_chunk":0.016,"prune":0.055,"publish":6.244,"queue_pages":0.065,"spawn":0.002,"wrap":0.009}
STREAMING_STEP_TIMING total=12.58ms {"drain_packets":0.006,"drain_pages":0.005,"enqueue":0.31,"evict":0.228,"player_chunk":0.016,"prune":0.049,"publish":11.89,"queue_pages":0.069,"spawn":0.003,"wrap":0.006}
STREAMING_STEP_TIMING total=7.88ms {"drain_packets":0.006,"drain_pages":0.005,"enqueue":0.376,"evict":0.266,"player_chunk":0.015,"prune":0.052,"publish":7.085,"queue_pages":0.065,"spawn":0.002,"wrap":0.009}
STREAMING_STEP_TIMING total=14.61ms {"drain_packets":0.007,"drain_pages":0.005,"enqueue":0.382,"evict":0.264,"player_chunk":0.018,"prune":0.055,"publish":13.786,"queue_pages":0.081,"spawn":0.002,"wrap":0.01}
STREAMING_STEP_TIMING total=8.43ms {"drain_packets":0.007,"drain_pages":0.005,"enqueue":0.386,"evict":0.315,"player_chunk":0.017,"prune":0.055,"publish":7.553,"queue_pages":0.071,"spawn":0.003,"wrap":0.01}
STREAMING_STEP_TIMING total=15.57ms {"drain_packets":0.009,"drain_pages":0.005,"enqueue":0.38,"evict":0.287,"player_chunk":0.02,"prune":0.05,"publish":14.727,"queue_pages":0.081,"spawn":0.003,"wrap":0.011}
STREAMING_STEP_TIMING total=12.62ms {"drain_packets":0.008,"drain_pages":0.005,"enqueue":0.399,"evict":0.248,"player_chunk":0.023,"prune":0.054,"publish":11.794,"queue_pages":0.071,"spawn":0.004,"wrap":0.013}
STREAMING_STEP_TIMING total=14.66ms {"drain_packets":0.008,"drain_pages":0.005,"enqueue":0.398,"evict":0.243,"player_chunk":0.027,"prune":0.04,"publish":13.843,"queue_pages":0.071,"spawn":0.003,"wrap":0.018}
STREAMING_STEP_TIMING total=7.23ms {"drain_packets":0.007,"drain_pages":0.005,"enqueue":0.315,"evict":0.256,"player_chunk":0.016,"prune":0.039,"publish":6.516,"queue_pages":0.065,"spawn":0.003,"wrap":0.008}
STREAMING_STEP_TIMING total=12.81ms {"drain_packets":0.007,"drain_pages":0.005,"enqueue":0.316,"evict":0.241,"player_chunk":0.016,"prune":0.035,"publish":12.112,"queue_pages":0.071,"spawn":0.002,"wrap":0.007}
STREAMING_STEP_TIMING total=7.78ms {"drain_packets":0.006,"drain_pages":0.005,"enqueue":0.318,"evict":0.241,"player_chunk":0.015,"prune":0.035,"publish":7.086,"queue_pages":0.065,"spawn":0.002,"wrap":0.009}
STREAMING_STEP_TIMING total=7.00ms {"drain_packets":0.007,"drain_pages":0.005,"enqueue":0.322,"evict":0.259,"player_chunk":0.016,"prune":0.032,"publish":6.276,"queue_pages":0.073,"spawn":0.002,"wrap":0.009}
STREAMING_STEP_TIMING total=13.28ms {"drain_packets":0.006,"drain_pages":0.005,"enqueue":0.318,"evict":0.261,"player_chunk":0.014,"prune":0.028,"publish":12.575,"queue_pages":0.063,"spawn":0.002,"wrap":0.009}
STREAMING_STEP_TIMING total=8.66ms {"drain_packets":0.008,"drain_pages":0.005,"enqueue":0.327,"evict":0.267,"player_chunk":0.021,"prune":0.028,"publish":7.907,"queue_pages":0.075,"spawn":0.003,"wrap":0.013}
STREAMING_STEP_TIMING total=7.08ms {"drain_packets":0.006,"drain_pages":0.005,"enqueue":0.309,"evict":0.283,"player_chunk":0.021,"prune":0.024,"publish":6.351,"queue_pages":0.066,"spawn":0.002,"wrap":0.009}
STREAMING_STEP_TIMING total=13.91ms {"drain_packets":0.008,"drain_pages":0.005,"enqueue":0.316,"evict":0.254,"player_chunk":0.02,"prune":0.02,"publish":13.195,"queue_pages":0.076,"spawn":0.003,"wrap":0.009}
STREAMING_STEP_TIMING total=7.44ms {"drain_packets":0.006,"drain_pages":0.005,"enqueue":0.311,"evict":0.275,"player_chunk":0.016,"prune":0.02,"publish":6.73,"queue_pages":0.064,"spawn":0.003,"wrap":0.008}
STREAMING_STEP_TIMING total=14.28ms {"drain_packets":0.007,"drain_pages":0.005,"enqueue":0.32,"evict":0.287,"player_chunk":0.017,"prune":0.016,"publish":13.537,"queue_pages":0.075,"spawn":0.002,"wrap":0.007}
STREAMING_STEP_TIMING total=7.17ms {"drain_packets":0.006,"drain_pages":0.005,"enqueue":0.308,"evict":0.271,"player_chunk":0.016,"prune":0.016,"publish":6.471,"queue_pages":0.064,"spawn":0.002,"wrap":0.009}
STREAMING_STEP_TIMING total=14.58ms {"drain_packets":0.005,"drain_pages":0.003,"enqueue":0.331,"evict":0.268,"player_chunk":0.012,"prune":0.012,"publish":13.866,"queue_pages":0.07,"spawn":0.002,"wrap":0.006}
STREAMING_STEP_TIMING total=9.43ms {"drain_packets":0.006,"drain_pages":0.004,"enqueue":0.309,"evict":0.301,"player_chunk":0.014,"prune":0.012,"publish":8.705,"queue_pages":0.064,"spawn":0.002,"wrap":0.008}
STREAMING_STEP_TIMING total=7.08ms {"drain_packets":0.007,"drain_pages":0.005,"enqueue":0.362,"evict":0.295,"player_chunk":0.018,"prune":0.008,"publish":6.297,"queue_pages":0.074,"spawn":0.003,"wrap":0.009}
STREAMING_STEP_TIMING total=14.73ms {"drain_packets":0.005,"drain_pages":0.003,"enqueue":0.309,"evict":0.292,"player_chunk":0.011,"prune":0.002,"publish":14.025,"queue_pages":0.075,"spawn":0.001,"wrap":0.006}
ERROR: Parameter "t" is null.
   at: texture_2d_get (./servers/rendering/dummy/storage/texture_storage.h:106)
   GDScript backtrace (most recent call first):
       [0] _capture_viewport (res://tools/runtime_mountain_raster_walk_probe.gd:440)
       [1] _run (res://tools/runtime_mountain_raster_walk_probe.gd:96)
       [2] _wait_until_settled (res://tools/runtime_mountain_raster_walk_probe.gd:293)
STREAMING_STEP_TIMING total=7.57ms {"drain_packets":0.009,"drain_pages":0.006,"enqueue":0.536,"evict":0.261,"player_chunk":5.826,"prune":0.049,"publish":0.249,"queue_pages":0.62,"spawn":0.002,"wrap":0.009}
STREAMING_STEP_TIMING total=12.33ms {"drain_packets":0.006,"drain_pages":0.146,"enqueue":0.447,"evict":0.37,"player_chunk":0.018,"prune":0.042,"publish":11.195,"queue_pages":0.092,"spawn":0.002,"wrap":0.011}
STREAMING_STEP_TIMING total=19.15ms {"drain_packets":0.009,"drain_pages":0.007,"enqueue":0.463,"evict":0.376,"player_chunk":0.019,"prune":0.039,"publish":18.105,"queue_pages":0.109,"spawn":0.004,"wrap":0.012}
STREAMING_STEP_TIMING total=13.21ms {"drain_packets":0.009,"drain_pages":0.007,"enqueue":0.467,"evict":0.375,"player_chunk":0.023,"prune":0.038,"publish":12.171,"queue_pages":0.105,"spawn":0.003,"wrap":0.012}
STREAMING_STEP_TIMING total=27.82ms {"drain_packets":0.012,"drain_pages":0.008,"enqueue":0.479,"evict":0.385,"player_chunk":0.025,"prune":0.038,"publish":26.727,"queue_pages":0.118,"spawn":0.004,"wrap":0.016}
STREAMING_STEP_TIMING total=7.22ms {"drain_packets":0.012,"drain_pages":0.008,"enqueue":6.315,"evict":0.506,"player_chunk":0.024,"prune":0.089,"publish":0.1,"queue_pages":0.143,"spawn":0.003,"wrap":0.013}
[FrameBudget] streaming=6.3ms topology=0.0ms visual=0.0ms spawn=0.0ms total=6.3ms/6.0ms world.streaming_v0=6.3ms(60)
STREAMING_STEP_TIMING total=34.85ms {"drain_packets":0.014,"drain_pages":0.007,"enqueue":33.383,"evict":1.096,"player_chunk":0.02,"prune":0.044,"publish":0.095,"queue_pages":0.173,"spawn":0.004,"wrap":0.013}
STREAMING_STEP_TIMING total=11.52ms {"drain_packets":0.008,"drain_pages":0.26,"enqueue":0.442,"evict":0.505,"player_chunk":0.015,"prune":0.038,"publish":10.153,"queue_pages":0.081,"spawn":0.002,"wrap":0.008}
STREAMING_STEP_TIMING total=19.44ms {"drain_packets":0.009,"drain_pages":0.006,"enqueue":1.127,"evict":0.325,"player_chunk":0.018,"prune":0.029,"publish":17.811,"queue_pages":0.1,"spawn":0.002,"wrap":0.011}
STREAMING_STEP_TIMING total=8.25ms {"drain_packets":0.009,"drain_pages":0.137,"enqueue":0.384,"evict":0.328,"player_chunk":0.022,"prune":0.024,"publish":7.244,"queue_pages":0.085,"spawn":0.002,"wrap":0.011}
STREAMING_STEP_TIMING total=17.46ms {"drain_packets":0.007,"drain_pages":0.005,"enqueue":0.391,"evict":0.344,"player_chunk":0.016,"prune":0.018,"publish":16.579,"queue_pages":0.083,"spawn":0.002,"wrap":0.01}
STREAMING_STEP_TIMING total=6.98ms {"drain_packets":0.011,"drain_pages":0.007,"enqueue":0.409,"evict":0.509,"player_chunk":0.023,"prune":0.027,"publish":5.871,"queue_pages":0.095,"spawn":0.004,"wrap":0.013}
STREAMING_STEP_TIMING total=15.65ms {"drain_packets":0.009,"drain_pages":0.006,"enqueue":0.39,"evict":0.396,"player_chunk":0.018,"prune":0.014,"publish":14.722,"queue_pages":0.084,"spawn":0.003,"wrap":0.01}
STREAMING_STEP_TIMING total=8.05ms {"drain_packets":0.009,"drain_pages":0.005,"enqueue":0.383,"evict":0.335,"player_chunk":0.021,"prune":0.014,"publish":7.176,"queue_pages":0.092,"spawn":0.003,"wrap":0.011}
STREAMING_STEP_TIMING total=19.18ms {"drain_packets":0.005,"drain_pages":0.003,"enqueue":0.377,"evict":0.301,"player_chunk":0.012,"prune":0.008,"publish":18.392,"queue_pages":0.073,"spawn":0.002,"wrap":0.008}
STREAMING_STEP_TIMING total=15.11ms {"drain_packets":0.007,"drain_pages":0.006,"enqueue":0.328,"evict":0.476,"player_chunk":0.018,"prune":0.008,"publish":14.172,"queue_pages":0.078,"spawn":0.003,"wrap":0.007}
[FrameBudget] streaming=1.9ms topology=0.0ms visual=0.0ms spawn=0.0ms total=1.9ms/6.0ms world.streaming_v0=1.9ms(60)
[FrameBudget] streaming=0.9ms topology=0.0ms visual=0.0ms spawn=0.0ms total=0.9ms/6.0ms world.streaming_v0=0.9ms(60)
STREAMING_STEP_TIMING total=11.89ms {"drain_packets":0.006,"drain_pages":0.005,"enqueue":0.347,"evict":0.228,"player_chunk":4.507,"prune":0.03,"publish":6.381,"queue_pages":0.36,"spawn":0.005,"wrap":0.021}
STREAMING_STEP_TIMING total=19.29ms {"drain_packets":1.631,"drain_pages":0.009,"enqueue":0.298,"evict":0.382,"player_chunk":0.012,"prune":0.027,"publish":15.954,"queue_pages":0.965,"spawn":0.002,"wrap":0.007}
STREAMING_STEP_TIMING total=8.63ms {"drain_packets":0.259,"drain_pages":0.007,"enqueue":0.461,"evict":0.367,"player_chunk":0.021,"prune":0.041,"publish":7.371,"queue_pages":0.083,"spawn":0.005,"wrap":0.014}
STREAMING_STEP_TIMING total=23.42ms {"drain_packets":0.201,"drain_pages":0.008,"enqueue":0.393,"evict":0.411,"player_chunk":0.031,"prune":0.032,"publish":22.219,"queue_pages":0.087,"spawn":0.005,"wrap":0.028}
STREAMING_STEP_TIMING total=9.98ms {"drain_packets":0.247,"drain_pages":0.007,"enqueue":0.467,"evict":0.439,"player_chunk":0.018,"prune":0.033,"publish":8.651,"queue_pages":0.105,"spawn":0.003,"wrap":0.011}
STREAMING_STEP_TIMING total=22.59ms {"drain_packets":0.258,"drain_pages":0.008,"enqueue":0.464,"evict":0.449,"player_chunk":0.025,"prune":0.029,"publish":21.228,"queue_pages":0.11,"spawn":0.003,"wrap":0.009}
STREAMING_STEP_TIMING total=13.12ms {"drain_packets":0.247,"drain_pages":0.007,"enqueue":0.462,"evict":0.751,"player_chunk":0.016,"prune":0.028,"publish":11.482,"queue_pages":0.106,"spawn":0.003,"wrap":0.009}
STREAMING_STEP_TIMING total=26.50ms {"drain_packets":0.247,"drain_pages":0.007,"enqueue":0.742,"evict":0.417,"player_chunk":0.027,"prune":0.026,"publish":24.904,"queue_pages":0.104,"spawn":0.004,"wrap":0.018}
STREAMING_STEP_TIMING total=28.83ms {"drain_packets":0.005,"drain_pages":0.004,"enqueue":0.462,"evict":28.087,"player_chunk":0.013,"prune":0.021,"publish":0.133,"queue_pages":0.092,"spawn":0.001,"wrap":0.007}
STREAMING_STEP_TIMING total=10.64ms {"drain_packets":0.009,"drain_pages":0.154,"enqueue":0.509,"evict":0.404,"player_chunk":0.023,"prune":0.025,"publish":9.396,"queue_pages":0.1,"spawn":0.004,"wrap":0.018}
STREAMING_STEP_TIMING total=23.09ms {"drain_packets":0.01,"drain_pages":0.006,"enqueue":0.467,"evict":0.438,"player_chunk":0.023,"prune":0.015,"publish":22.005,"queue_pages":0.103,"spawn":0.002,"wrap":0.013}
STREAMING_STEP_TIMING total=11.09ms {"drain_packets":0.011,"drain_pages":0.007,"enqueue":0.505,"evict":0.431,"player_chunk":0.022,"prune":0.021,"publish":9.951,"queue_pages":0.123,"spawn":0.005,"wrap":0.013}
STREAMING_STEP_TIMING total=20.91ms {"drain_packets":0.008,"drain_pages":0.006,"enqueue":0.4,"evict":0.356,"player_chunk":0.02,"prune":0.009,"publish":20.003,"queue_pages":0.094,"spawn":0.002,"wrap":0.015}
STREAMING_STEP_TIMING total=8.00ms {"drain_packets":0.008,"drain_pages":0.13,"enqueue":0.416,"evict":0.349,"player_chunk":0.016,"prune":0.011,"publish":6.972,"queue_pages":0.084,"spawn":0.003,"wrap":0.009}
STREAMING_STEP_TIMING total=16.77ms {"drain_packets":0.008,"drain_pages":0.007,"enqueue":0.382,"evict":0.352,"player_chunk":0.018,"prune":0.002,"publish":15.909,"queue_pages":0.083,"spawn":0.003,"wrap":0.007}
[FrameBudget] streaming=4.0ms topology=0.0ms visual=0.0ms spawn=0.0ms total=4.0ms/6.0ms world.streaming_v0=4.0ms(60)
[FrameBudget] streaming=0.9ms topology=0.0ms visual=0.0ms spawn=0.0ms total=0.9ms/6.0ms world.streaming_v0=0.9ms(60)
[FrameBudget] streaming=0.9ms topology=0.0ms visual=0.0ms spawn=0.0ms total=0.9ms/6.0ms world.streaming_v0=0.9ms(60)
STREAMING_STEP_TIMING total=13.28ms {"drain_packets":0.008,"drain_pages":0.006,"enqueue":0.421,"evict":0.414,"player_chunk":4.677,"prune":0.044,"publish":7.569,"queue_pages":0.129,"spawn":0.002,"wrap":0.007}
STREAMING_STEP_TIMING total=22.57ms {"drain_packets":2.085,"drain_pages":0.008,"enqueue":0.474,"evict":0.352,"player_chunk":0.03,"prune":0.048,"publish":19.474,"queue_pages":0.076,"spawn":0.004,"wrap":0.019}
STREAMING_STEP_TIMING total=9.64ms {"drain_packets":0.284,"drain_pages":0.01,"enqueue":0.46,"evict":0.334,"player_chunk":0.015,"prune":0.05,"publish":8.367,"queue_pages":0.11,"spawn":0.003,"wrap":0.009}
STREAMING_STEP_TIMING total=17.56ms {"drain_packets":0.215,"drain_pages":0.007,"enqueue":0.422,"evict":0.299,"player_chunk":0.023,"prune":0.03,"publish":16.466,"queue_pages":0.083,"spawn":0.003,"wrap":0.008}
STREAMING_STEP_TIMING total=10.80ms {"drain_packets":0.283,"drain_pages":0.008,"enqueue":0.523,"evict":0.338,"player_chunk":0.021,"prune":0.048,"publish":9.458,"queue_pages":0.106,"spawn":0.004,"wrap":0.014}
STREAMING_STEP_TIMING total=21.15ms {"drain_packets":0.248,"drain_pages":0.006,"enqueue":0.384,"evict":0.507,"player_chunk":0.015,"prune":0.029,"publish":19.873,"queue_pages":0.074,"spawn":0.002,"wrap":0.007}
STREAMING_STEP_TIMING total=11.81ms {"drain_packets":0.282,"drain_pages":0.008,"enqueue":0.516,"evict":0.577,"player_chunk":0.019,"prune":0.034,"publish":10.24,"queue_pages":0.112,"spawn":0.004,"wrap":0.014}
STREAMING_STEP_TIMING total=18.66ms {"drain_packets":0.217,"drain_pages":0.006,"enqueue":0.514,"evict":0.286,"player_chunk":0.02,"prune":0.032,"publish":17.487,"queue_pages":0.083,"spawn":0.003,"wrap":0.011}
STREAMING_STEP_TIMING total=7.64ms {"drain_packets":0.237,"drain_pages":0.009,"enqueue":0.316,"evict":0.292,"player_chunk":0.016,"prune":0.021,"publish":6.619,"queue_pages":0.12,"spawn":0.003,"wrap":0.009}
STREAMING_STEP_TIMING total=18.11ms {"drain_packets":0.008,"drain_pages":0.005,"enqueue":0.324,"evict":0.337,"player_chunk":0.021,"prune":0.011,"publish":17.309,"queue_pages":0.077,"spawn":0.003,"wrap":0.012}
STREAMING_STEP_TIMING total=8.35ms {"drain_packets":0.009,"drain_pages":0.006,"enqueue":0.387,"evict":0.351,"player_chunk":0.015,"prune":0.014,"publish":7.469,"queue_pages":0.088,"spawn":0.003,"wrap":0.009}
STREAMING_STEP_TIMING total=18.50ms {"drain_packets":0.008,"drain_pages":0.007,"enqueue":0.384,"evict":0.365,"player_chunk":0.021,"prune":0.009,"publish":17.607,"queue_pages":0.082,"spawn":0.003,"wrap":0.009}
STREAMING_STEP_TIMING total=9.31ms {"drain_packets":0.009,"drain_pages":0.007,"enqueue":0.394,"evict":0.293,"player_chunk":0.017,"prune":0.009,"publish":8.485,"queue_pages":0.085,"spawn":0.003,"wrap":0.01}
STREAMING_STEP_TIMING total=16.40ms {"drain_packets":0.007,"drain_pages":0.005,"enqueue":0.318,"evict":0.295,"player_chunk":0.018,"prune":0.003,"publish":15.667,"queue_pages":0.076,"spawn":0.003,"wrap":0.01}
[FrameBudget] streaming=3.0ms topology=0.0ms visual=0.0ms spawn=0.0ms total=3.0ms/6.0ms world.streaming_v0=3.0ms(60)
[FrameBudget] streaming=0.9ms topology=0.0ms visual=0.0ms spawn=0.0ms total=0.9ms/6.0ms world.streaming_v0=0.9ms(60)
[FrameBudget] streaming=0.9ms topology=0.0ms visual=0.0ms spawn=0.0ms total=0.9ms/6.0ms world.streaming_v0=0.9ms(60)
ERROR: Parameter "t" is null.
   at: texture_2d_get (./servers/rendering/dummy/storage/texture_storage.h:106)
   GDScript backtrace (most recent call first):
       [0] _capture_viewport (res://tools/runtime_mountain_raster_walk_probe.gd:440)
       [1] _run (res://tools/runtime_mountain_raster_walk_probe.gd:96)
       [2] _wait_until_settled (res://tools/runtime_mountain_raster_walk_probe.gd:293)
[FrameBudget] streaming=0.9ms topology=0.0ms visual=0.0ms spawn=0.0ms total=0.9ms/6.0ms world.streaming_v0=0.9ms(60)
[FrameBudget] streaming=0.9ms topology=0.0ms visual=0.0ms spawn=0.0ms total=0.9ms/6.0ms world.streaming_v0=0.9ms(60)
STREAMING_STEP_TIMING total=16.66ms {"drain_packets":0.006,"drain_pages":0.005,"enqueue":0.393,"evict":0.335,"player_chunk":4.558,"prune":0.03,"publish":10.974,"queue_pages":0.343,"spawn":0.003,"wrap":0.008}
STREAMING_STEP_TIMING total=14.02ms {"drain_packets":1.499,"drain_pages":0.007,"enqueue":0.364,"evict":0.223,"player_chunk":0.015,"prune":0.03,"publish":10.949,"queue_pages":0.921,"spawn":0.002,"wrap":0.006}
STREAMING_STEP_TIMING total=11.92ms {"drain_packets":0.179,"drain_pages":0.005,"enqueue":0.326,"evict":0.227,"player_chunk":0.014,"prune":0.023,"publish":11.054,"queue_pages":0.082,"spawn":0.003,"wrap":0.008}
STREAMING_STEP_TIMING total=10.61ms {"drain_packets":0.009,"drain_pages":0.154,"enqueue":0.477,"evict":0.408,"player_chunk":0.018,"prune":0.03,"publish":9.383,"queue_pages":0.108,"spawn":0.004,"wrap":0.012}
STREAMING_STEP_TIMING total=23.07ms {"drain_packets":0.008,"drain_pages":0.006,"enqueue":0.389,"evict":0.436,"player_chunk":0.021,"prune":0.019,"publish":22.064,"queue_pages":0.108,"spawn":0.002,"wrap":0.011}
[FrameBudget] streaming=1.7ms topology=0.0ms visual=0.0ms spawn=0.0ms total=1.7ms/6.0ms world.streaming_v0=1.7ms(60)
STREAMING_STEP_TIMING total=6.57ms {"drain_packets":0.006,"drain_pages":0.13,"enqueue":0.377,"evict":0.332,"player_chunk":0.014,"prune":0.017,"publish":5.604,"queue_pages":0.073,"spawn":0.002,"wrap":0.009}
STREAMING_STEP_TIMING total=18.53ms {"drain_packets":0.008,"drain_pages":0.006,"enqueue":0.386,"evict":0.333,"player_chunk":0.019,"prune":0.013,"publish":17.67,"queue_pages":0.084,"spawn":0.002,"wrap":0.011}
STREAMING_STEP_TIMING total=8.29ms {"drain_packets":0.008,"drain_pages":0.006,"enqueue":0.385,"evict":0.335,"player_chunk":0.017,"prune":0.023,"publish":7.413,"queue_pages":0.085,"spawn":0.004,"wrap":0.009}
STREAMING_STEP_TIMING total=20.37ms {"drain_packets":0.008,"drain_pages":0.007,"enqueue":0.385,"evict":0.344,"player_chunk":0.02,"prune":0.009,"publish":19.493,"queue_pages":0.088,"spawn":0.002,"wrap":0.011}
STREAMING_STEP_TIMING total=8.52ms {"drain_packets":0.006,"drain_pages":0.005,"enqueue":0.311,"evict":0.288,"player_chunk":0.015,"prune":0.008,"publish":7.802,"queue_pages":0.072,"spawn":0.002,"wrap":0.008}
STREAMING_STEP_TIMING total=17.90ms {"drain_packets":0.007,"drain_pages":0.005,"enqueue":0.319,"evict":0.298,"player_chunk":0.018,"prune":0.002,"publish":17.153,"queue_pages":0.078,"spawn":0.003,"wrap":0.01}
[FrameBudget] streaming=1.8ms topology=0.0ms visual=0.0ms spawn=0.0ms total=1.8ms/6.0ms world.streaming_v0=1.8ms(60)
STREAMING_STEP_TIMING total=11.69ms {"drain_packets":0.008,"drain_pages":0.007,"enqueue":0.338,"evict":0.218,"player_chunk":4.576,"prune":0.032,"publish":6.393,"queue_pages":0.108,"spawn":0.002,"wrap":0.006}
STREAMING_STEP_TIMING total=17.69ms {"drain_packets":0.071,"drain_pages":0.005,"enqueue":0.33,"evict":0.237,"player_chunk":0.014,"prune":0.028,"publish":16.922,"queue_pages":0.075,"spawn":0.002,"wrap":0.007}
STREAMING_STEP_TIMING total=7.42ms {"drain_packets":0.184,"drain_pages":0.006,"enqueue":0.33,"evict":0.277,"player_chunk":0.014,"prune":0.027,"publish":6.486,"queue_pages":0.082,"spawn":0.003,"wrap":0.008}
STREAMING_STEP_TIMING total=17.74ms {"drain_packets":0.185,"drain_pages":0.005,"enqueue":0.331,"evict":0.284,"player_chunk":0.014,"prune":0.024,"publish":16.814,"queue_pages":0.072,"spawn":0.002,"wrap":0.008}
STREAMING_STEP_TIMING total=7.15ms {"drain_packets":0.182,"drain_pages":0.005,"enqueue":0.321,"evict":0.281,"player_chunk":0.013,"prune":0.023,"publish":6.238,"queue_pages":0.074,"spawn":0.003,"wrap":0.007}
STREAMING_STEP_TIMING total=18.95ms {"drain_packets":0.179,"drain_pages":0.005,"enqueue":0.324,"evict":0.385,"player_chunk":0.012,"prune":0.019,"publish":17.944,"queue_pages":0.073,"spawn":0.001,"wrap":0.008}
STREAMING_STEP_TIMING total=8.61ms {"drain_packets":0.24,"drain_pages":0.015,"enqueue":0.408,"evict":0.424,"player_chunk":0.015,"prune":0.025,"publish":7.371,"queue_pages":0.099,"spawn":0.003,"wrap":0.008}
STREAMING_STEP_TIMING total=20.06ms {"drain_packets":0.203,"drain_pages":0.006,"enqueue":0.392,"evict":0.345,"player_chunk":0.017,"prune":0.018,"publish":18.977,"queue_pages":0.089,"spawn":0.003,"wrap":0.008}
STREAMING_STEP_TIMING total=8.43ms {"drain_packets":0.218,"drain_pages":0.006,"enqueue":0.385,"evict":0.342,"player_chunk":0.015,"prune":0.019,"publish":7.343,"queue_pages":0.084,"spawn":0.002,"wrap":0.01}
STREAMING_STEP_TIMING total=18.71ms {"drain_packets":0.009,"drain_pages":0.006,"enqueue":0.381,"evict":0.288,"player_chunk":0.019,"prune":0.012,"publish":17.9,"queue_pages":0.081,"spawn":0.003,"wrap":0.007}
STREAMING_STEP_TIMING total=7.00ms {"drain_packets":0.007,"drain_pages":0.005,"enqueue":0.312,"evict":0.29,"player_chunk":0.015,"prune":0.012,"publish":6.266,"queue_pages":0.079,"spawn":0.003,"wrap":0.008}
STREAMING_STEP_TIMING total=17.39ms {"drain_packets":0.007,"drain_pages":0.005,"enqueue":0.327,"evict":0.29,"player_chunk":0.016,"prune":0.008,"publish":16.65,"queue_pages":0.074,"spawn":0.002,"wrap":0.009}
STREAMING_STEP_TIMING total=7.84ms {"drain_packets":0.007,"drain_pages":0.006,"enqueue":0.31,"evict":0.346,"player_chunk":0.014,"prune":0.008,"publish":7.06,"queue_pages":0.078,"spawn":0.002,"wrap":0.009}
STREAMING_STEP_TIMING total=20.33ms {"drain_packets":0.008,"drain_pages":0.005,"enqueue":0.383,"evict":0.352,"player_chunk":0.02,"prune":0.002,"publish":19.458,"queue_pages":0.084,"spawn":0.002,"wrap":0.012}
ERROR: Parameter "t" is null.
   at: texture_2d_get (./servers/rendering/dummy/storage/texture_storage.h:106)
   GDScript backtrace (most recent call first):
       [0] _capture_viewport (res://tools/runtime_mountain_raster_walk_probe.gd:440)
       [1] _run (res://tools/runtime_mountain_raster_walk_probe.gd:96)
       [2] _wait_until_settled (res://tools/runtime_mountain_raster_walk_probe.gd:293)
[FrameBudget] streaming=3.0ms topology=0.0ms visual=0.0ms spawn=0.0ms total=3.0ms/6.0ms world.streaming_v0=3.0ms(60)
[FrameBudget] streaming=0.9ms topology=0.0ms visual=0.0ms spawn=0.0ms total=0.9ms/6.0ms world.streaming_v0=0.9ms(60)
STREAMING_STEP_TIMING total=19.12ms {"drain_packets":0.429,"drain_pages":0.011,"enqueue":0.663,"evict":0.22,"player_chunk":4.726,"prune":0.05,"publish":12.384,"queue_pages":0.622,"spawn":0.004,"wrap":0.011}
STREAMING_STEP_TIMING total=19.20ms {"drain_packets":1.029,"drain_pages":0.005,"enqueue":0.334,"evict":0.282,"player_chunk":0.014,"prune":0.03,"publish":16.088,"queue_pages":1.401,"spawn":0.003,"wrap":0.007}
[FrameBudget] streaming=1.3ms topology=0.0ms visual=0.0ms spawn=0.0ms total=1.3ms/6.0ms world.streaming_v0=1.3ms(60)
STREAMING_STEP_TIMING total=6.74ms {"drain_packets":0.005,"drain_pages":0.135,"enqueue":0.378,"evict":0.349,"player_chunk":0.011,"prune":0.028,"publish":5.748,"queue_pages":0.075,"spawn":0.001,"wrap":0.008}
STREAMING_STEP_TIMING total=24.23ms {"drain_packets":0.008,"drain_pages":0.005,"enqueue":0.401,"evict":0.324,"player_chunk":0.016,"prune":0.025,"publish":23.341,"queue_pages":0.092,"spawn":0.002,"wrap":0.009}
STREAMING_STEP_TIMING total=9.02ms {"drain_packets":0.009,"drain_pages":0.006,"enqueue":0.386,"evict":0.426,"player_chunk":0.016,"prune":0.023,"publish":7.989,"queue_pages":0.151,"spawn":0.003,"wrap":0.009}
STREAMING_STEP_TIMING total=21.08ms {"drain_packets":0.008,"drain_pages":0.006,"enqueue":0.401,"evict":0.417,"player_chunk":0.023,"prune":0.019,"publish":20.097,"queue_pages":0.089,"spawn":0.003,"wrap":0.013}
STREAMING_STEP_TIMING total=7.38ms {"drain_packets":0.009,"drain_pages":0.007,"enqueue":0.485,"evict":0.284,"player_chunk":0.02,"prune":0.025,"publish":6.424,"queue_pages":0.107,"spawn":0.004,"wrap":0.012}
STREAMING_STEP_TIMING total=18.58ms {"drain_packets":0.007,"drain_pages":0.005,"enqueue":0.333,"evict":0.278,"player_chunk":0.016,"prune":0.013,"publish":17.839,"queue_pages":0.074,"spawn":0.002,"wrap":0.007}
STREAMING_STEP_TIMING total=6.90ms {"drain_packets":0.006,"drain_pages":0.005,"enqueue":0.315,"evict":0.27,"player_chunk":0.015,"prune":0.012,"publish":6.193,"queue_pages":0.075,"spawn":0.002,"wrap":0.008}
STREAMING_STEP_TIMING total=25.74ms {"drain_packets":0.005,"drain_pages":0.003,"enqueue":0.309,"evict":0.449,"player_chunk":0.012,"prune":0.012,"publish":24.865,"queue_pages":0.069,"spawn":0.002,"wrap":0.007}
STREAMING_STEP_TIMING total=7.46ms {"drain_packets":0.01,"drain_pages":0.007,"enqueue":0.505,"evict":0.276,"player_chunk":0.019,"prune":0.013,"publish":6.416,"queue_pages":0.198,"spawn":0.003,"wrap":0.012}
STREAMING_STEP_TIMING total=21.29ms {"drain_packets":0.005,"drain_pages":0.004,"enqueue":0.308,"evict":0.344,"player_chunk":0.014,"prune":0.002,"publish":20.533,"queue_pages":0.072,"spawn":0.002,"wrap":0.007}
[FrameBudget] streaming=2.8ms topology=0.0ms visual=0.0ms spawn=0.0ms total=2.8ms/6.0ms world.streaming_v0=2.8ms(60)
STREAMING_STEP_TIMING total=11.71ms {"drain_packets":0.009,"drain_pages":0.005,"enqueue":0.325,"evict":0.223,"player_chunk":4.461,"prune":0.031,"publish":6.245,"queue_pages":0.391,"spawn":0.005,"wrap":0.017}
STREAMING_STEP_TIMING total=22.62ms {"drain_packets":0.458,"drain_pages":0.006,"enqueue":0.335,"evict":0.254,"player_chunk":0.015,"prune":0.031,"publish":20.561,"queue_pages":0.95,"spawn":0.002,"wrap":0.01}
STREAMING_STEP_TIMING total=10.45ms {"drain_packets":0.211,"drain_pages":0.007,"enqueue":1.168,"evict":0.372,"player_chunk":0.015,"prune":0.033,"publish":8.54,"queue_pages":0.093,"spawn":0.003,"wrap":0.009}
STREAMING_STEP_TIMING total=28.35ms {"drain_packets":0.283,"drain_pages":0.008,"enqueue":0.536,"evict":0.397,"player_chunk":0.027,"prune":0.039,"publish":26.919,"queue_pages":0.121,"spawn":0.004,"wrap":0.015}
STREAMING_STEP_TIMING total=9.91ms {"drain_packets":0.22,"drain_pages":0.007,"enqueue":0.412,"evict":0.487,"player_chunk":0.017,"prune":0.032,"publish":8.627,"queue_pages":0.092,"spawn":0.004,"wrap":0.01}
STREAMING_STEP_TIMING total=27.50ms {"drain_packets":0.189,"drain_pages":0.007,"enqueue":0.458,"evict":0.422,"player_chunk":0.02,"prune":0.029,"publish":26.253,"queue_pages":0.107,"spawn":0.003,"wrap":0.009}
STREAMING_STEP_TIMING total=9.31ms {"drain_packets":0.143,"drain_pages":0.006,"enqueue":0.45,"evict":0.485,"player_chunk":0.016,"prune":0.03,"publish":8.071,"queue_pages":0.096,"spawn":0.003,"wrap":0.011}
STREAMING_STEP_TIMING total=24.99ms {"drain_packets":0.126,"drain_pages":0.007,"enqueue":0.415,"evict":0.355,"player_chunk":0.049,"prune":0.021,"publish":23.898,"queue_pages":0.098,"spawn":0.003,"wrap":0.016}
STREAMING_STEP_TIMING total=10.58ms {"drain_packets":0.307,"drain_pages":0.195,"enqueue":0.531,"evict":0.366,"player_chunk":0.019,"prune":0.033,"publish":8.986,"queue_pages":0.128,"spawn":0.003,"wrap":0.011}
STREAMING_STEP_TIMING total=34.70ms {"drain_packets":0.011,"drain_pages":0.017,"enqueue":0.39,"evict":0.459,"player_chunk":0.021,"prune":0.013,"publish":33.676,"queue_pages":0.099,"spawn":0.002,"wrap":0.008}
STREAMING_STEP_TIMING total=12.50ms {"drain_packets":0.009,"drain_pages":0.006,"enqueue":1.209,"evict":0.43,"player_chunk":0.017,"prune":0.018,"publish":10.693,"queue_pages":0.101,"spawn":0.003,"wrap":0.01}
STREAMING_STEP_TIMING total=25.70ms {"drain_packets":0.009,"drain_pages":0.006,"enqueue":0.446,"evict":0.42,"player_chunk":0.022,"prune":0.01,"publish":24.669,"queue_pages":0.104,"spawn":0.002,"wrap":0.012}
[FrameBudget] streaming=3.6ms topology=0.0ms visual=0.0ms spawn=0.0ms total=3.6ms/6.0ms world.streaming_v0=3.6ms(60)
STREAMING_STEP_TIMING total=6.60ms {"drain_packets":0.004,"drain_pages":0.109,"enqueue":0.374,"evict":0.37,"player_chunk":0.015,"prune":0.008,"publish":5.633,"queue_pages":0.077,"spawn":0.002,"wrap":0.007}
STREAMING_STEP_TIMING total=19.78ms {"drain_packets":0.008,"drain_pages":0.006,"enqueue":0.385,"evict":0.403,"player_chunk":0.02,"prune":0.002,"publish":18.848,"queue_pages":0.094,"spawn":0.002,"wrap":0.011}
ERROR: Parameter "t" is null.
   at: texture_2d_get (./servers/rendering/dummy/storage/texture_storage.h:106)
   GDScript backtrace (most recent call first):
       [0] _capture_viewport (res://tools/runtime_mountain_raster_walk_probe.gd:440)
       [1] _run (res://tools/runtime_mountain_raster_walk_probe.gd:96)
       [2] _wait_until_settled (res://tools/runtime_mountain_raster_walk_probe.gd:293)
STREAMING_STEP_TIMING total=6.65ms {"drain_packets":0.008,"drain_pages":0.005,"enqueue":0.323,"evict":0.245,"player_chunk":4.53,"prune":0.03,"publish":0.126,"queue_pages":1.37,"spawn":0.002,"wrap":0.008}
STREAMING_STEP_TIMING total=57.00ms {"drain_packets":0.012,"drain_pages":0.007,"enqueue":55.99,"evict":0.603,"player_chunk":0.013,"prune":0.055,"publish":0.186,"queue_pages":0.124,"spawn":0.002,"wrap":0.008}
STREAMING_STEP_TIMING total=10.61ms {"drain_packets":0.011,"drain_pages":0.157,"enqueue":0.477,"evict":0.365,"player_chunk":0.04,"prune":0.048,"publish":9.299,"queue_pages":0.177,"spawn":0.007,"wrap":0.024}
STREAMING_STEP_TIMING total=25.65ms {"drain_packets":0.009,"drain_pages":0.007,"enqueue":0.436,"evict":0.379,"player_chunk":0.021,"prune":0.048,"publish":24.567,"queue_pages":0.16,"spawn":0.003,"wrap":0.012}
STREAMING_STEP_TIMING total=12.55ms {"drain_packets":0.008,"drain_pages":0.007,"enqueue":0.464,"evict":0.371,"player_chunk":0.017,"prune":0.04,"publish":11.507,"queue_pages":0.121,"spawn":0.003,"wrap":0.01}
STREAMING_STEP_TIMING total=22.09ms {"drain_packets":0.009,"drain_pages":0.205,"enqueue":0.462,"evict":0.315,"player_chunk":0.024,"prune":0.034,"publish":20.909,"queue_pages":0.112,"spawn":0.004,"wrap":0.011}
STREAMING_STEP_TIMING total=7.88ms {"drain_packets":0.008,"drain_pages":0.121,"enqueue":0.389,"evict":0.329,"player_chunk":0.016,"prune":0.028,"publish":6.895,"queue_pages":0.083,"spawn":0.002,"wrap":0.009}
STREAMING_STEP_TIMING total=19.02ms {"drain_packets":0.008,"drain_pages":0.005,"enqueue":0.383,"evict":0.314,"player_chunk":0.026,"prune":0.023,"publish":18.159,"queue_pages":0.084,"spawn":0.002,"wrap":0.011}
STREAMING_STEP_TIMING total=7.76ms {"drain_packets":0.007,"drain_pages":0.006,"enqueue":0.392,"evict":0.315,"player_chunk":0.016,"prune":0.023,"publish":6.905,"queue_pages":0.085,"spawn":0.003,"wrap":0.008}
STREAMING_STEP_TIMING total=21.11ms {"drain_packets":0.007,"drain_pages":0.006,"enqueue":0.379,"evict":0.341,"player_chunk":0.015,"prune":0.018,"publish":20.24,"queue_pages":0.088,"spawn":0.002,"wrap":0.009}
STREAMING_STEP_TIMING total=7.84ms {"drain_packets":0.008,"drain_pages":0.006,"enqueue":0.383,"evict":0.32,"player_chunk":0.015,"prune":0.018,"publish":6.993,"queue_pages":0.082,"spawn":0.002,"wrap":0.009}
STREAMING_STEP_TIMING total=19.52ms {"drain_packets":0.006,"drain_pages":0.005,"enqueue":0.381,"evict":0.275,"player_chunk":0.014,"prune":0.012,"publish":18.742,"queue_pages":0.08,"spawn":0.002,"wrap":0.006}
[FrameBudget] streaming=4.2ms topology=0.0ms visual=0.0ms spawn=0.0ms total=4.2ms/6.0ms world.streaming_v0=4.2ms(60)
STREAMING_STEP_TIMING total=7.72ms {"drain_packets":0.007,"drain_pages":0.005,"enqueue":0.32,"evict":0.3,"player_chunk":0.015,"prune":0.012,"publish":6.97,"queue_pages":0.076,"spawn":0.003,"wrap":0.01}
STREAMING_STEP_TIMING total=20.91ms {"drain_packets":0.006,"drain_pages":0.005,"enqueue":0.321,"evict":0.507,"player_chunk":0.017,"prune":0.008,"publish":19.951,"queue_pages":0.078,"spawn":0.002,"wrap":0.008}
STREAMING_STEP_TIMING total=11.63ms {"drain_packets":0.009,"drain_pages":0.007,"enqueue":0.545,"evict":0.493,"player_chunk":0.02,"prune":0.013,"publish":10.401,"queue_pages":0.127,"spawn":0.003,"wrap":0.012}
STREAMING_STEP_TIMING total=29.00ms {"drain_packets":0.011,"drain_pages":0.008,"enqueue":0.569,"evict":0.36,"player_chunk":0.025,"prune":0.004,"publish":27.886,"queue_pages":0.114,"spawn":0.003,"wrap":0.014}
[FrameBudget] streaming=1.7ms topology=0.0ms visual=0.0ms spawn=0.0ms total=1.7ms/6.0ms world.streaming_v0=1.7ms(60)
STREAMING_STEP_TIMING total=13.94ms {"drain_packets":0.008,"drain_pages":0.005,"enqueue":0.323,"evict":0.37,"player_chunk":4.546,"prune":0.03,"publish":8.572,"queue_pages":0.073,"spawn":0.001,"wrap":0.008}
STREAMING_STEP_TIMING total=19.07ms {"drain_packets":0.005,"drain_pages":0.005,"enqueue":0.34,"evict":0.437,"player_chunk":0.013,"prune":0.029,"publish":18.161,"queue_pages":0.073,"spawn":0.002,"wrap":0.007}
STREAMING_STEP_TIMING total=8.96ms {"drain_packets":0.284,"drain_pages":0.007,"enqueue":0.741,"evict":0.403,"player_chunk":0.023,"prune":0.049,"publish":7.345,"queue_pages":0.081,"spawn":0.005,"wrap":0.016}
STREAMING_STEP_TIMING total=20.27ms {"drain_packets":0.103,"drain_pages":0.008,"enqueue":0.393,"evict":0.377,"player_chunk":0.014,"prune":0.034,"publish":19.216,"queue_pages":0.11,"spawn":0.003,"wrap":0.007}
STREAMING_STEP_TIMING total=7.83ms {"drain_packets":0.298,"drain_pages":0.006,"enqueue":0.409,"evict":0.462,"player_chunk":0.014,"prune":0.034,"publish":6.52,"queue_pages":0.075,"spawn":0.003,"wrap":0.009}
STREAMING_STEP_TIMING total=19.19ms {"drain_packets":0.241,"drain_pages":0.005,"enqueue":0.326,"evict":0.434,"player_chunk":0.013,"prune":0.02,"publish":18.069,"queue_pages":0.073,"spawn":0.002,"wrap":0.007}
STREAMING_STEP_TIMING total=10.14ms {"drain_packets":0.328,"drain_pages":0.008,"enqueue":0.426,"evict":0.488,"player_chunk":0.015,"prune":0.028,"publish":8.749,"queue_pages":0.088,"spawn":0.003,"wrap":0.009}
STREAMING_STEP_TIMING total=18.28ms {"drain_packets":0.206,"drain_pages":0.006,"enqueue":0.399,"evict":0.295,"player_chunk":0.015,"prune":0.02,"publish":17.244,"queue_pages":0.084,"spawn":0.002,"wrap":0.008}
STREAMING_STEP_TIMING total=7.19ms {"drain_packets":0.163,"drain_pages":0.006,"enqueue":0.317,"evict":0.286,"player_chunk":0.015,"prune":0.017,"publish":6.298,"queue_pages":0.075,"spawn":0.003,"wrap":0.009}
STREAMING_STEP_TIMING total=20.09ms {"drain_packets":0.007,"drain_pages":0.005,"enqueue":0.321,"evict":0.425,"player_chunk":0.017,"prune":0.012,"publish":19.216,"queue_pages":0.074,"spawn":0.003,"wrap":0.006}
STREAMING_STEP_TIMING total=11.68ms {"drain_packets":0.009,"drain_pages":0.007,"enqueue":0.487,"evict":0.445,"player_chunk":0.021,"prune":0.018,"publish":10.552,"queue_pages":0.106,"spawn":0.016,"wrap":0.012}
STREAMING_STEP_TIMING total=20.86ms {"drain_packets":0.01,"drain_pages":0.007,"enqueue":0.496,"evict":0.366,"player_chunk":0.024,"prune":0.014,"publish":19.813,"queue_pages":0.109,"spawn":0.003,"wrap":0.014}
STREAMING_STEP_TIMING total=8.21ms {"drain_packets":0.008,"drain_pages":0.006,"enqueue":0.411,"evict":0.365,"player_chunk":0.016,"prune":0.009,"publish":7.291,"queue_pages":0.086,"spawn":0.003,"wrap":0.009}
STREAMING_STEP_TIMING total=20.73ms {"drain_packets":0.009,"drain_pages":0.006,"enqueue":0.4,"evict":0.351,"player_chunk":0.021,"prune":0.002,"publish":19.842,"queue_pages":0.084,"spawn":0.003,"wrap":0.014}
[FrameBudget] streaming=3.1ms topology=0.0ms visual=0.0ms spawn=0.0ms total=3.1ms/6.0ms world.streaming_v0=3.1ms(60)
STREAMING_STEP_TIMING total=11.82ms {"drain_packets":0.006,"drain_pages":0.005,"enqueue":0.316,"evict":0.267,"player_chunk":4.498,"prune":0.03,"publish":6.606,"queue_pages":0.076,"spawn":0.003,"wrap":0.009}
STREAMING_STEP_TIMING total=17.47ms {"drain_packets":0.006,"drain_pages":0.005,"enqueue":0.333,"evict":0.28,"player_chunk":0.016,"prune":0.028,"publish":16.704,"queue_pages":0.082,"spawn":0.003,"wrap":0.01}
STREAMING_STEP_TIMING total=7.39ms {"drain_packets":0.18,"drain_pages":0.005,"enqueue":0.349,"evict":0.273,"player_chunk":0.014,"prune":0.028,"publish":6.455,"queue_pages":0.076,"spawn":0.003,"wrap":0.007}
STREAMING_STEP_TIMING total=17.88ms {"drain_packets":0.187,"drain_pages":0.006,"enqueue":0.331,"evict":0.311,"player_chunk":0.014,"prune":0.033,"publish":16.91,"queue_pages":0.075,"spawn":0.002,"wrap":0.008}
STREAMING_STEP_TIMING total=8.12ms {"drain_packets":0.192,"drain_pages":0.006,"enqueue":0.326,"evict":0.394,"player_chunk":0.014,"prune":0.023,"publish":7.08,"queue_pages":0.075,"spawn":0.002,"wrap":0.007}
STREAMING_STEP_TIMING total=20.30ms {"drain_packets":0.21,"drain_pages":0.006,"enqueue":0.405,"evict":0.41,"player_chunk":0.016,"prune":0.024,"publish":19.131,"queue_pages":0.084,"spawn":0.003,"wrap":0.008}
[FrameBudget] streaming=1.8ms topology=0.0ms visual=0.0ms spawn=0.0ms total=1.8ms/6.0ms world.streaming_v0=1.8ms(60)
STREAMING_STEP_TIMING total=8.44ms {"drain_packets":0.213,"drain_pages":0.006,"enqueue":0.397,"evict":0.464,"player_chunk":0.015,"prune":0.024,"publish":7.225,"queue_pages":0.084,"spawn":0.002,"wrap":0.008}
STREAMING_STEP_TIMING total=23.03ms {"drain_packets":0.208,"drain_pages":0.006,"enqueue":0.397,"evict":0.424,"player_chunk":0.019,"prune":0.018,"publish":21.853,"queue_pages":0.089,"spawn":0.003,"wrap":0.01}
STREAMING_STEP_TIMING total=8.84ms {"drain_packets":0.278,"drain_pages":0.008,"enqueue":0.534,"evict":0.344,"player_chunk":0.019,"prune":0.026,"publish":7.512,"queue_pages":0.103,"spawn":0.003,"wrap":0.012}
STREAMING_STEP_TIMING total=19.94ms {"drain_packets":0.008,"drain_pages":0.007,"enqueue":0.383,"evict":0.33,"player_chunk":0.02,"prune":0.014,"publish":19.071,"queue_pages":0.088,"spawn":0.003,"wrap":0.011}
STREAMING_STEP_TIMING total=8.14ms {"drain_packets":0.008,"drain_pages":0.006,"enqueue":0.385,"evict":0.336,"player_chunk":0.016,"prune":0.013,"publish":7.261,"queue_pages":0.099,"spawn":0.003,"wrap":0.009}
STREAMING_STEP_TIMING total=19.53ms {"drain_packets":0.006,"drain_pages":0.005,"enqueue":0.377,"evict":0.299,"player_chunk":0.015,"prune":0.008,"publish":18.732,"queue_pages":0.078,"spawn":0.002,"wrap":0.01}
STREAMING_STEP_TIMING total=6.97ms {"drain_packets":0.007,"drain_pages":0.005,"enqueue":0.312,"evict":0.301,"player_chunk":0.014,"prune":0.008,"publish":6.238,"queue_pages":0.076,"spawn":0.002,"wrap":0.009}
STREAMING_STEP_TIMING total=17.70ms {"drain_packets":0.006,"drain_pages":0.003,"enqueue":0.311,"evict":0.293,"player_chunk":0.012,"prune":0.001,"publish":16.99,"queue_pages":0.074,"spawn":0.002,"wrap":0.006}
[FrameBudget] streaming=2.2ms topology=0.0ms visual=0.0ms spawn=0.0ms total=2.2ms/6.0ms world.streaming_v0=2.2ms(60)
[FrameBudget] streaming=0.9ms topology=0.0ms visual=0.0ms spawn=0.0ms total=0.9ms/6.0ms world.streaming_v0=0.9ms(60)
[FrameBudget] streaming=0.9ms topology=0.0ms visual=0.0ms spawn=0.0ms total=0.9ms/6.0ms world.streaming_v0=0.9ms(60)
ERROR: Parameter "t" is null.
   at: texture_2d_get (./servers/rendering/dummy/storage/texture_storage.h:106)
   GDScript backtrace (most recent call first):
       [0] _capture_viewport (res://tools/runtime_mountain_raster_walk_probe.gd:440)
       [1] _run (res://tools/runtime_mountain_raster_walk_probe.gd:96)
       [2] _wait_until_settled (res://tools/runtime_mountain_raster_walk_probe.gd:293)
[FrameBudget] streaming=0.9ms topology=0.0ms visual=0.0ms spawn=0.0ms total=0.9ms/6.0ms world.streaming_v0=0.9ms(60)
[FrameBudget] streaming=0.9ms topology=0.0ms visual=0.0ms spawn=0.0ms total=0.9ms/6.0ms world.streaming_v0=0.9ms(60)
[FrameBudget] streaming=0.9ms topology=0.0ms visual=0.0ms spawn=0.0ms total=0.9ms/6.0ms world.streaming_v0=0.9ms(60)
[FrameBudget] streaming=0.9ms topology=0.0ms visual=0.0ms spawn=0.0ms total=0.9ms/6.0ms world.streaming_v0=0.9ms(60)
STREAMING_STEP_TIMING total=16.75ms {"drain_packets":0.01,"drain_pages":0.006,"enqueue":0.308,"evict":0.345,"player_chunk":4.436,"prune":0.077,"publish":9.917,"queue_pages":1.637,"spawn":0.002,"wrap":0.009}
STREAMING_STEP_TIMING total=21.74ms {"drain_packets":0.008,"drain_pages":0.007,"enqueue":0.5,"evict":0.326,"player_chunk":0.02,"prune":0.078,"publish":20.658,"queue_pages":0.124,"spawn":0.003,"wrap":0.011}
STREAMING_STEP_TIMING total=16.73ms {"drain_packets":0.242,"drain_pages":0.007,"enqueue":0.449,"evict":0.287,"player_chunk":0.018,"prune":0.084,"publish":15.511,"queue_pages":0.11,"spawn":0.004,"wrap":0.011}
STREAMING_STEP_TIMING total=9.62ms {"drain_packets":0.235,"drain_pages":0.007,"enqueue":0.461,"evict":0.23,"player_chunk":0.016,"prune":0.063,"publish":8.482,"queue_pages":0.11,"spawn":0.003,"wrap":0.007}
STREAMING_STEP_TIMING total=24.67ms {"drain_packets":0.229,"drain_pages":0.006,"enqueue":0.439,"evict":0.269,"player_chunk":0.015,"prune":0.056,"publish":23.529,"queue_pages":0.113,"spawn":0.002,"wrap":0.008}
STREAMING_STEP_TIMING total=11.36ms {"drain_packets":0.239,"drain_pages":0.006,"enqueue":0.464,"evict":0.362,"player_chunk":0.016,"prune":0.058,"publish":10.087,"queue_pages":0.109,"spawn":0.003,"wrap":0.009}
STREAMING_STEP_TIMING total=25.12ms {"drain_packets":0.244,"drain_pages":0.007,"enqueue":0.442,"evict":0.319,"player_chunk":0.019,"prune":0.059,"publish":23.911,"queue_pages":0.105,"spawn":0.003,"wrap":0.011}
STREAMING_STEP_TIMING total=22.97ms {"drain_packets":0.255,"drain_pages":0.007,"enqueue":0.482,"evict":0.342,"player_chunk":0.019,"prune":0.056,"publish":21.672,"queue_pages":0.12,"spawn":0.003,"wrap":0.009}
[FrameBudget] streaming=2.2ms topology=0.0ms visual=0.0ms spawn=0.0ms total=2.2ms/6.0ms world.streaming_v0=2.2ms(60)
STREAMING_STEP_TIMING total=19.91ms {"drain_packets":0.008,"drain_pages":0.003,"enqueue":0.724,"evict":18.875,"player_chunk":0.013,"prune":0.113,"publish":0.064,"queue_pages":0.097,"spawn":0.001,"wrap":0.008}
STREAMING_STEP_TIMING total=6.57ms {"drain_packets":0.004,"drain_pages":0.107,"enqueue":0.387,"evict":0.299,"player_chunk":0.011,"prune":0.041,"publish":5.643,"queue_pages":0.071,"spawn":0.001,"wrap":0.007}
STREAMING_STEP_TIMING total=18.13ms {"drain_packets":0.007,"drain_pages":0.004,"enqueue":0.391,"evict":0.258,"player_chunk":0.015,"prune":0.037,"publish":17.323,"queue_pages":0.082,"spawn":0.002,"wrap":0.009}
STREAMING_STEP_TIMING total=7.98ms {"drain_packets":0.006,"drain_pages":0.005,"enqueue":0.31,"evict":0.265,"player_chunk":0.021,"prune":0.031,"publish":7.264,"queue_pages":0.064,"spawn":0.002,"wrap":0.013}
STREAMING_STEP_TIMING total=19.00ms {"drain_packets":0.007,"drain_pages":0.004,"enqueue":0.323,"evict":0.262,"player_chunk":0.017,"prune":0.027,"publish":18.274,"queue_pages":0.077,"spawn":0.001,"wrap":0.01}
STREAMING_STEP_TIMING total=7.06ms {"drain_packets":0.005,"drain_pages":0.005,"enqueue":0.311,"evict":0.284,"player_chunk":0.015,"prune":0.028,"publish":6.331,"queue_pages":0.066,"spawn":0.002,"wrap":0.009}
STREAMING_STEP_TIMING total=24.74ms {"drain_packets":0.008,"drain_pages":0.005,"enqueue":0.336,"evict":0.409,"player_chunk":0.018,"prune":0.024,"publish":23.849,"queue_pages":0.08,"spawn":0.003,"wrap":0.007}
STREAMING_STEP_TIMING total=6.77ms {"drain_packets":0.009,"drain_pages":0.006,"enqueue":0.487,"evict":0.278,"player_chunk":0.02,"prune":0.038,"publish":5.815,"queue_pages":0.096,"spawn":0.003,"wrap":0.014}
STREAMING_STEP_TIMING total=16.78ms {"drain_packets":0.007,"drain_pages":0.006,"enqueue":0.329,"evict":0.281,"player_chunk":0.018,"prune":0.02,"publish":16.02,"queue_pages":0.079,"spawn":0.002,"wrap":0.011}
STREAMING_STEP_TIMING total=6.96ms {"drain_packets":0.005,"drain_pages":0.005,"enqueue":0.316,"evict":0.265,"player_chunk":0.015,"prune":0.02,"publish":6.257,"queue_pages":0.068,"spawn":0.002,"wrap":0.009}
STREAMING_STEP_TIMING total=18.50ms {"drain_packets":0.005,"drain_pages":0.003,"enqueue":0.311,"evict":0.269,"player_chunk":0.012,"prune":0.015,"publish":17.813,"queue_pages":0.067,"spawn":0.001,"wrap":0.007}
STREAMING_STEP_TIMING total=7.31ms {"drain_packets":0.005,"drain_pages":0.005,"enqueue":0.321,"evict":0.301,"player_chunk":0.015,"prune":0.016,"publish":6.57,"queue_pages":0.067,"spawn":0.002,"wrap":0.008}
STREAMING_STEP_TIMING total=18.90ms {"drain_packets":0.008,"drain_pages":0.004,"enqueue":0.331,"evict":0.278,"player_chunk":0.017,"prune":0.012,"publish":18.154,"queue_pages":0.084,"spawn":0.002,"wrap":0.007}
STREAMING_STEP_TIMING total=7.69ms {"drain_packets":0.006,"drain_pages":0.004,"enqueue":0.314,"evict":0.291,"player_chunk":0.014,"prune":0.011,"publish":6.967,"queue_pages":0.072,"spawn":0.002,"wrap":0.008}
STREAMING_STEP_TIMING total=18.95ms {"drain_packets":0.007,"drain_pages":0.005,"enqueue":0.327,"evict":0.302,"player_chunk":0.019,"prune":0.007,"publish":18.196,"queue_pages":0.077,"spawn":0.002,"wrap":0.008}
STREAMING_STEP_TIMING total=9.28ms {"drain_packets":0.007,"drain_pages":0.006,"enqueue":0.392,"evict":0.344,"player_chunk":0.016,"prune":0.01,"publish":8.42,"queue_pages":0.072,"spawn":0.003,"wrap":0.01}
STREAMING_STEP_TIMING total=20.35ms {"drain_packets":0.006,"drain_pages":0.004,"enqueue":0.378,"evict":0.29,"player_chunk":0.013,"prune":0.002,"publish":19.561,"queue_pages":0.081,"spawn":0.002,"wrap":0.007}
ERROR: Parameter "t" is null.
   at: texture_2d_get (./servers/rendering/dummy/storage/texture_storage.h:106)
   GDScript backtrace (most recent call first):
       [0] _capture_viewport (res://tools/runtime_mountain_raster_walk_probe.gd:440)
       [1] _run (res://tools/runtime_mountain_raster_walk_probe.gd:96)
       [2] _wait_until_settled (res://tools/runtime_mountain_raster_walk_probe.gd:293)
[FrameBudget] streaming=3.8ms topology=0.0ms visual=0.0ms spawn=0.0ms total=3.8ms/6.0ms world.streaming_v0=3.8ms(60)
[FrameBudget] streaming=0.9ms topology=0.0ms visual=0.0ms spawn=0.0ms total=0.9ms/6.0ms world.streaming_v0=0.9ms(60)
[FrameBudget] streaming=0.9ms topology=0.0ms visual=0.0ms spawn=0.0ms total=0.9ms/6.0ms world.streaming_v0=0.9ms(60)
[FrameBudget] streaming=0.9ms topology=0.0ms visual=0.0ms spawn=0.0ms total=0.9ms/6.0ms world.streaming_v0=0.9ms(60)
STREAMING_STEP_TIMING total=15.66ms {"drain_packets":0.006,"drain_pages":0.004,"enqueue":0.434,"evict":0.31,"player_chunk":5.555,"prune":0.063,"publish":7.593,"queue_pages":1.673,"spawn":0.004,"wrap":0.013}
STREAMING_STEP_TIMING total=28.29ms {"drain_packets":1.688,"drain_pages":0.007,"enqueue":0.366,"evict":0.336,"player_chunk":0.015,"prune":0.064,"publish":24.832,"queue_pages":0.967,"spawn":0.002,"wrap":0.009}
[FrameBudget] streaming=1.5ms topology=0.0ms visual=0.0ms spawn=0.0ms total=1.5ms/6.0ms world.streaming_v0=1.5ms(60)
STREAMING_STEP_TIMING total=9.50ms {"drain_packets":0.008,"drain_pages":0.007,"enqueue":0.468,"evict":8.685,"player_chunk":0.02,"prune":0.076,"publish":0.108,"queue_pages":0.108,"spawn":0.004,"wrap":0.012}
STREAMING_STEP_TIMING total=7.65ms {"drain_packets":0.006,"drain_pages":0.123,"enqueue":0.375,"evict":0.276,"player_chunk":0.016,"prune":0.058,"publish":6.695,"queue_pages":0.084,"spawn":0.001,"wrap":0.01}
STREAMING_STEP_TIMING total=24.52ms {"drain_packets":0.008,"drain_pages":0.006,"enqueue":0.437,"evict":0.307,"player_chunk":0.016,"prune":0.066,"publish":23.572,"queue_pages":0.097,"spawn":0.002,"wrap":0.01}
STREAMING_STEP_TIMING total=8.58ms {"drain_packets":0.009,"drain_pages":0.139,"enqueue":0.423,"evict":0.292,"player_chunk":0.021,"prune":0.06,"publish":7.513,"queue_pages":0.103,"spawn":0.002,"wrap":0.012}
STREAMING_STEP_TIMING total=22.71ms {"drain_packets":0.007,"drain_pages":0.006,"enqueue":0.388,"evict":0.325,"player_chunk":0.016,"prune":0.059,"publish":21.811,"queue_pages":0.079,"spawn":0.003,"wrap":0.01}
STREAMING_STEP_TIMING total=11.48ms {"drain_packets":0.009,"drain_pages":0.006,"enqueue":0.425,"evict":0.38,"player_chunk":0.022,"prune":0.055,"publish":10.456,"queue_pages":0.102,"spawn":0.003,"wrap":0.017}
STREAMING_STEP_TIMING total=25.15ms {"drain_packets":0.009,"drain_pages":0.007,"enqueue":0.485,"evict":0.33,"player_chunk":0.021,"prune":0.051,"publish":24.119,"queue_pages":0.103,"spawn":0.003,"wrap":0.017}
STREAMING_STEP_TIMING total=17.40ms {"drain_packets":0.008,"drain_pages":0.007,"enqueue":0.449,"evict":0.34,"player_chunk":0.022,"prune":0.054,"publish":16.397,"queue_pages":0.103,"spawn":0.003,"wrap":0.012}
STREAMING_STEP_TIMING total=9.68ms {"drain_packets":0.008,"drain_pages":0.005,"enqueue":0.472,"evict":0.334,"player_chunk":0.018,"prune":0.05,"publish":8.69,"queue_pages":0.09,"spawn":0.002,"wrap":0.011}
STREAMING_STEP_TIMING total=25.38ms {"drain_packets":0.01,"drain_pages":0.008,"enqueue":0.45,"evict":0.34,"player_chunk":0.023,"prune":0.054,"publish":24.192,"queue_pages":0.283,"spawn":0.004,"wrap":0.012}
STREAMING_STEP_TIMING total=9.31ms {"drain_packets":0.007,"drain_pages":0.005,"enqueue":0.421,"evict":0.326,"player_chunk":0.018,"prune":0.038,"publish":8.397,"queue_pages":0.082,"spawn":0.003,"wrap":0.01}
STREAMING_STEP_TIMING total=25.43ms {"drain_packets":0.01,"drain_pages":0.006,"enqueue":0.391,"evict":0.373,"player_chunk":0.025,"prune":0.033,"publish":24.435,"queue_pages":0.138,"spawn":0.003,"wrap":0.013}
STREAMING_STEP_TIMING total=8.37ms {"drain_packets":0.009,"drain_pages":0.005,"enqueue":0.462,"evict":0.392,"player_chunk":0.019,"prune":0.039,"publish":7.334,"queue_pages":0.097,"spawn":0.002,"wrap":0.012}
STREAMING_STEP_TIMING total=25.64ms {"drain_packets":0.009,"drain_pages":0.007,"enqueue":0.498,"evict":0.405,"player_chunk":0.022,"prune":0.034,"publish":24.532,"queue_pages":0.112,"spawn":0.003,"wrap":0.014}
STREAMING_STEP_TIMING total=19.76ms {"drain_packets":0.009,"drain_pages":0.006,"enqueue":0.458,"evict":0.391,"player_chunk":0.021,"prune":0.034,"publish":18.731,"queue_pages":0.095,"spawn":0.003,"wrap":0.011}
STREAMING_STEP_TIMING total=10.04ms {"drain_packets":0.009,"drain_pages":0.006,"enqueue":0.471,"evict":0.385,"player_chunk":0.02,"prune":0.028,"publish":8.998,"queue_pages":0.112,"spawn":0.003,"wrap":0.008}
STREAMING_STEP_TIMING total=25.00ms {"drain_packets":0.008,"drain_pages":0.007,"enqueue":0.519,"evict":0.418,"player_chunk":0.02,"prune":0.027,"publish":23.885,"queue_pages":0.097,"spawn":0.003,"wrap":0.012}
STREAMING_STEP_TIMING total=9.63ms {"drain_packets":0.009,"drain_pages":0.006,"enqueue":0.386,"evict":0.463,"player_chunk":0.02,"prune":0.018,"publish":8.611,"queue_pages":0.1,"spawn":0.003,"wrap":0.011}
STREAMING_STEP_TIMING total=30.83ms {"drain_packets":0.01,"drain_pages":0.006,"enqueue":0.499,"evict":0.38,"player_chunk":0.023,"prune":0.021,"publish":29.757,"queue_pages":0.11,"spawn":0.003,"wrap":0.015}
STREAMING_STEP_TIMING total=6.95ms {"drain_packets":0.005,"drain_pages":0.116,"enqueue":0.376,"evict":0.364,"player_chunk":0.012,"prune":0.013,"publish":5.977,"queue_pages":0.072,"spawn":0.001,"wrap":0.008}
STREAMING_STEP_TIMING total=21.50ms {"drain_packets":0.008,"drain_pages":0.006,"enqueue":0.388,"evict":0.346,"player_chunk":0.022,"prune":0.009,"publish":20.617,"queue_pages":0.088,"spawn":0.003,"wrap":0.012}
STREAMING_STEP_TIMING total=15.60ms {"drain_packets":0.006,"drain_pages":0.004,"enqueue":0.306,"evict":0.329,"player_chunk":0.015,"prune":0.008,"publish":14.855,"queue_pages":0.066,"spawn":0.002,"wrap":0.008}
ERROR: Parameter "t" is null.
   at: texture_2d_get (./servers/rendering/dummy/storage/texture_storage.h:106)
   GDScript backtrace (most recent call first):
       [0] _capture_viewport (res://tools/runtime_mountain_raster_walk_probe.gd:440)
       [1] _run (res://tools/runtime_mountain_raster_walk_probe.gd:96)
       [2] _wait_until_settled (res://tools/runtime_mountain_raster_walk_probe.gd:293)
RUNTIME_MOUNTAIN_RASTER_WALK_PROBE_JSON={"density":0.6,"failed":false,"lake_density":0.0,"mining":{"empty_corner_walks":true,"mining_succeeds":true,"mining_tile":"(2541, 912)","ready":true,"solid_blocks_walk":true},"route_size":7,"seed":131071,"spawn_settled":{"debug":{"applied_source_chunk_count":6,"desired_mountain_chunk_count":6,"dirty":false,"dirty_requires_rebuild":false,"display_image_height":1312,"display_image_width":1280,"display_packet_count":9,"display_ready":true,"display_request_in_flight":false,"display_runtime_clip_half_height_px":608,"display_runtime_clip_half_width_px":608,"display_timing_total_ms":652,"display_worker_elapsed_ms":658,"face_pixels":24327,"hit_mask_ready":true,"hit_mask_solid_pixels":1449377,"image_height":1312,"image_width":1280,"layer_count":6,"missing_mountain_chunk_count":0,"packet_count":9,"queued_source_chunks":["(155, 51)","(154, 51)","(155, 50)","(155, 52)","(156, 51)","(154, 50)","(154, 52)","(156, 50)","(156, 52)"],"request_in_flight":false,"request_to_complete_ms":658,"rim_pixels":6677,"runtime_clip_enabled":true,"runtime_clip_half_height_px":608,"runtime_clip_half_width_px":608,"source_packet_count":9,"success":true,"timing_alpha_ms":164,"timing_blur_ms":49,"timing_normal_ms":21,"timing_paint_ms":238,"timing_total_ms":652,"top_pixels":1425399,"worker_elapsed_ms":658},"elapsed_ms":1675,"frames":90,"ready":true},"steps":[{"debug":{"applied_source_chunk_count":6,"desired_mountain_chunk_count":6,"dirty":false,"dirty_requires_rebuild":false,"display_image_height":1312,"display_image_width":1280,"display_packet_count":9,"display_ready":true,"display_request_in_flight":false,"display_runtime_clip_half_height_px":608,"display_runtime_clip_half_width_px":608,"display_timing_total_ms":652,"display_worker_elapsed_ms":658,"face_pixels":24327,"hit_mask_ready":true,"hit_mask_solid_pixels":1449377,"image_height":1312,"image_width":1280,"layer_count":6,"missing_mountain_chunk_count":0,"packet_count":9,"queued_source_chunks":["(155, 51)","(154, 51)","(155, 50)","(155, 52)","(156, 51)","(154, 50)","(154, 52)","(156, 50)","(156, 52)"],"request_in_flight":false,"request_to_complete_ms":658,"rim_pixels":6677,"runtime_clip_enabled":true,"runtime_clip_half_height_px":608,"runtime_clip_half_width_px":608,"source_packet_count":9,"success":true,"timing_alpha_ms":164,"timing_blur_ms":49,"timing_normal_ms":21,"timing_paint_ms":238,"timing_total_ms":652,"top_pixels":1425399,"worker_elapsed_ms":658},"index":0,"screenshot":"C:/Users/peaceful/Station Peaceful/Station Peaceful/artifacts/runtime_mountain_raster_walk_probe/walk_00.png","screenshot_status":{"error":"viewport_image_null","path":"C:/Users/peaceful/Station Peaceful/Station Peaceful/artifacts/runtime_mountain_raster_walk_probe/walk_00.png","saved":false},"settled":{"debug":{"applied_source_chunk_count":6,"desired_mountain_chunk_count":6,"dirty":false,"dirty_requires_rebuild":false,"display_image_height":1312,"display_image_width":1280,"display_packet_count":9,"display_ready":true,"display_request_in_flight":false,"display_runtime_clip_half_height_px":608,"display_runtime_clip_half_width_px":608,"display_timing_total_ms":652,"display_worker_elapsed_ms":658,"face_pixels":24327,"hit_mask_ready":true,"hit_mask_solid_pixels":1449377,"image_height":1312,"image_width":1280,"layer_count":6,"missing_mountain_chunk_count":0,"packet_count":9,"queued_source_chunks":["(155, 51)","(154, 51)","(155, 50)","(155, 52)","(156, 51)","(154, 50)","(154, 52)","(156, 50)","(156, 52)"],"request_in_flight":false,"request_to_complete_ms":658,"rim_pixels":6677,"runtime_clip_enabled":true,"runtime_clip_half_height_px":608,"runtime_clip_half_width_px":608,"source_packet_count":9,"success":true,"timing_alpha_ms":164,"timing_blur_ms":49,"timing_normal_ms":21,"timing_paint_ms":238,"timing_total_ms":652,"top_pixels":1425399,"worker_elapsed_ms":658},"elapsed_ms":3,"frames":1,"ready":true},"target_chunk":"(154, 54)","target_tile":"(2464, 864)"},{"debug":{"applied_source_chunk_count":11,"desired_mountain_chunk_count":11,"dirty":false,"dirty_requires_rebuild":false,"display_image_height":928,"display_image_width":1280,"display_packet_count":9,"display_ready":true,"display_request_in_flight":false,"display_runtime_clip_half_height_px":608,"display_runtime_clip_half_width_px":608,"display_timing_total_ms":306,"display_worker_elapsed_ms":310,"face_pixels":3,"hit_mask_ready":true,"hit_mask_solid_pixels":1039103,"image_height":928,"image_width":1280,"layer_count":11,"missing_mountain_chunk_count":0,"packet_count":9,"queued_source_chunks":["(157, 49)","(156, 49)","(157, 48)","(157, 50)","(158, 49)","(156, 48)","(156, 50)","(158, 48)","(158, 50)"],"request_in_flight":false,"request_to_complete_ms":310,"rim_pixels":4878,"runtime_clip_enabled":true,"runtime_clip_half_height_px":608,"runtime_clip_half_width_px":608,"source_packet_count":9,"success":true,"timing_alpha_ms":71,"timing_blur_ms":20,"timing_normal_ms":12,"timing_paint_ms":97,"timing_total_ms":306,"top_pixels":1039199,"worker_elapsed_ms":310},"index":1,"screenshot":"C:/Users/peaceful/Station Peaceful/Station Peaceful/artifacts/runtime_mountain_raster_walk_probe/walk_01.png","screenshot_status":{"error":"viewport_image_null","path":"C:/Users/peaceful/Station Peaceful/Station Peaceful/artifacts/runtime_mountain_raster_walk_probe/walk_01.png","saved":false},"settled":{"debug":{"applied_source_chunk_count":11,"desired_mountain_chunk_count":11,"dirty":false,"dirty_requires_rebuild":false,"display_image_height":928,"display_image_width":1280,"display_packet_count":9,"display_ready":true,"display_request_in_flight":false,"display_runtime_clip_half_height_px":608,"display_runtime_clip_half_width_px":608,"display_timing_total_ms":306,"display_worker_elapsed_ms":310,"face_pixels":3,"hit_mask_ready":true,"hit_mask_solid_pixels":1039103,"image_height":928,"image_width":1280,"layer_count":11,"missing_mountain_chunk_count":0,"packet_count":9,"queued_source_chunks":["(157, 49)","(156, 49)","(157, 48)","(157, 50)","(158, 49)","(156, 48)","(156, 50)","(158, 48)","(158, 50)"],"request_in_flight":false,"request_to_complete_ms":310,"rim_pixels":4878,"runtime_clip_enabled":true,"runtime_clip_half_height_px":608,"runtime_clip_half_width_px":608,"source_packet_count":9,"success":true,"timing_alpha_ms":71,"timing_blur_ms":20,"timing_normal_ms":12,"timing_paint_ms":97,"timing_total_ms":306,"top_pixels":1039199,"worker_elapsed_ms":310},"elapsed_ms":7,"frames":1,"ready":true},"target_chunk":"(154, 51)","target_tile":"(2472, 816)"},{"debug":{"applied_source_chunk_count":13,"desired_mountain_chunk_count":13,"dirty":false,"dirty_requires_rebuild":false,"display_image_height":1248,"display_image_width":1280,"display_packet_count":9,"display_ready":true,"display_request_in_flight":false,"display_runtime_clip_half_height_px":608,"display_runtime_clip_half_width_px":608,"display_timing_total_ms":417,"display_worker_elapsed_ms":422,"face_pixels":41223,"hit_mask_ready":true,"hit_mask_solid_pixels":1393050,"image_height":1248,"image_width":1280,"layer_count":13,"missing_mountain_chunk_count":0,"packet_count":9,"queued_source_chunks":["(158, 53)","(157, 53)","(158, 52)","(158, 54)","(159, 53)","(157, 52)","(157, 54)","(159, 52)","(159, 54)"],"request_in_flight":false,"request_to_complete_ms":422,"rim_pixels":8135,"runtime_clip_enabled":true,"runtime_clip_half_height_px":608,"runtime_clip_half_width_px":608,"source_packet_count":9,"success":true,"timing_alpha_ms":120,"timing_blur_ms":31,"timing_normal_ms":16,"timing_paint_ms":124,"timing_total_ms":417,"top_pixels":1352284,"worker_elapsed_ms":422},"index":2,"screenshot":"C:/Users/peaceful/Station Peaceful/Station Peaceful/artifacts/runtime_mountain_raster_walk_probe/walk_02.png","screenshot_status":{"error":"viewport_image_null","path":"C:/Users/peaceful/Station Peaceful/Station Peaceful/artifacts/runtime_mountain_raster_walk_probe/walk_02.png","saved":false},"settled":{"debug":{"applied_source_chunk_count":13,"desired_mountain_chunk_count":13,"dirty":false,"dirty_requires_rebuild":false,"display_image_height":1248,"display_image_width":1280,"display_packet_count":9,"display_ready":true,"display_request_in_flight":false,"display_runtime_clip_half_height_px":608,"display_runtime_clip_half_width_px":608,"display_timing_total_ms":417,"display_worker_elapsed_ms":422,"face_pixels":41223,"hit_mask_ready":true,"hit_mask_solid_pixels":1393050,"image_height":1248,"image_width":1280,"layer_count":13,"missing_mountain_chunk_count":0,"packet_count":9,"queued_source_chunks":["(158, 53)","(157, 53)","(158, 52)","(158, 54)","(159, 53)","(157, 52)","(157, 54)","(159, 52)","(159, 54)"],"request_in_flight":false,"request_to_complete_ms":422,"rim_pixels":8135,"runtime_clip_enabled":true,"runtime_clip_half_height_px":608,"runtime_clip_half_width_px":608,"source_packet_count":9,"success":true,"timing_alpha_ms":120,"timing_blur_ms":31,"timing_normal_ms":16,"timing_paint_ms":124,"timing_total_ms":417,"top_pixels":1352284,"worker_elapsed_ms":422},"elapsed_ms":8,"frames":1,"ready":true},"target_chunk":"(155, 52)","target_tile":"(2489, 832)"},{"debug":{"applied_source_chunk_count":15,"desired_mountain_chunk_count":15,"dirty":false,"dirty_requires_rebuild":false,"display_image_height":1312,"display_image_width":1280,"display_packet_count":9,"display_ready":true,"display_request_in_flight":false,"display_runtime_clip_half_height_px":608,"display_runtime_clip_half_width_px":608,"display_timing_total_ms":399,"display_worker_elapsed_ms":404,"face_pixels":1,"hit_mask_ready":true,"hit_mask_solid_pixels":1469899,"image_height":1312,"image_width":1280,"layer_count":15,"missing_mountain_chunk_count":0,"packet_count":9,"queued_source_chunks":["(159, 56)","(158, 56)","(159, 55)","(159, 57)","(160, 56)","(158, 55)","(158, 57)","(160, 55)","(160, 57)"],"request_in_flight":false,"request_to_complete_ms":404,"rim_pixels":6468,"runtime_clip_enabled":true,"runtime_clip_half_height_px":608,"runtime_clip_half_width_px":608,"source_packet_count":9,"success":true,"timing_alpha_ms":80,"timing_blur_ms":22,"timing_normal_ms":17,"timing_paint_ms":123,"timing_total_ms":399,"top_pixels":1470027,"worker_elapsed_ms":404},"index":3,"screenshot":"C:/Users/peaceful/Station Peaceful/Station Peaceful/artifacts/runtime_mountain_raster_walk_probe/walk_03.png","screenshot_status":{"error":"viewport_image_null","path":"C:/Users/peaceful/Station Peaceful/Station Peaceful/artifacts/runtime_mountain_raster_walk_probe/walk_03.png","saved":false},"settled":{"debug":{"applied_source_chunk_count":15,"desired_mountain_chunk_count":15,"dirty":false,"dirty_requires_rebuild":false,"display_image_height":1312,"display_image_width":1280,"display_packet_count":9,"display_ready":true,"display_request_in_flight":false,"display_runtime_clip_half_height_px":608,"display_runtime_clip_half_width_px":608,"display_timing_total_ms":399,"display_worker_elapsed_ms":404,"face_pixels":1,"hit_mask_ready":true,"hit_mask_solid_pixels":1469899,"image_height":1312,"image_width":1280,"layer_count":15,"missing_mountain_chunk_count":0,"packet_count":9,"queued_source_chunks":["(159, 56)","(158, 56)","(159, 55)","(159, 57)","(160, 56)","(158, 55)","(158, 57)","(160, 55)","(160, 57)"],"request_in_flight":false,"request_to_complete_ms":404,"rim_pixels":6468,"runtime_clip_enabled":true,"runtime_clip_half_height_px":608,"runtime_clip_half_width_px":608,"source_packet_count":9,"success":true,"timing_alpha_ms":80,"timing_blur_ms":22,"timing_normal_ms":17,"timing_paint_ms":123,"timing_total_ms":399,"top_pixels":1470027,"worker_elapsed_ms":404},"elapsed_ms":201,"frames":26,"ready":true},"target_chunk":"(156, 53)","target_tile":"(2504, 848)"},{"debug":{"applied_source_chunk_count":13,"desired_mountain_chunk_count":13,"dirty":false,"dirty_requires_rebuild":false,"display_image_height":928,"display_image_width":1280,"display_packet_count":9,"display_ready":true,"display_request_in_flight":false,"display_runtime_clip_half_height_px":608,"display_runtime_clip_half_width_px":608,"display_timing_total_ms":416,"display_worker_elapsed_ms":420,"face_pixels":3,"hit_mask_ready":true,"hit_mask_solid_pixels":1039103,"image_height":928,"image_width":1280,"layer_count":13,"missing_mountain_chunk_count":0,"packet_count":9,"queued_source_chunks":["(157, 49)","(156, 49)","(157, 48)","(157, 50)","(158, 49)","(156, 48)","(156, 50)","(158, 48)","(158, 50)"],"request_in_flight":false,"request_to_complete_ms":420,"rim_pixels":4878,"runtime_clip_enabled":true,"runtime_clip_half_height_px":608,"runtime_clip_half_width_px":608,"source_packet_count":9,"success":true,"timing_alpha_ms":118,"timing_blur_ms":27,"timing_normal_ms":13,"timing_paint_ms":150,"timing_total_ms":416,"top_pixels":1039199,"worker_elapsed_ms":420},"index":4,"screenshot":"C:/Users/peaceful/Station Peaceful/Station Peaceful/artifacts/runtime_mountain_raster_walk_probe/walk_04.png","screenshot_status":{"error":"viewport_image_null","path":"C:/Users/peaceful/Station Peaceful/Station Peaceful/artifacts/runtime_mountain_raster_walk_probe/walk_04.png","saved":false},"settled":{"debug":{"applied_source_chunk_count":13,"desired_mountain_chunk_count":13,"dirty":false,"dirty_requires_rebuild":false,"display_image_height":928,"display_image_width":1280,"display_packet_count":9,"display_ready":true,"display_request_in_flight":false,"display_runtime_clip_half_height_px":608,"display_runtime_clip_half_width_px":608,"display_timing_total_ms":416,"display_worker_elapsed_ms":420,"face_pixels":3,"hit_mask_ready":true,"hit_mask_solid_pixels":1039103,"image_height":928,"image_width":1280,"layer_count":13,"missing_mountain_chunk_count":0,"packet_count":9,"queued_source_chunks":["(157, 49)","(156, 49)","(157, 48)","(157, 50)","(158, 49)","(156, 48)","(156, 50)","(158, 48)","(158, 50)"],"request_in_flight":false,"request_to_complete_ms":420,"rim_pixels":4878,"runtime_clip_enabled":true,"runtime_clip_half_height_px":608,"runtime_clip_half_width_px":608,"source_packet_count":9,"success":true,"timing_alpha_ms":118,"timing_blur_ms":27,"timing_normal_ms":13,"timing_paint_ms":150,"timing_total_ms":416,"top_pixels":1039199,"worker_elapsed_ms":420},"elapsed_ms":7,"frames":1,"ready":true},"target_chunk":"(155, 51)","target_tile":"(2480, 816)"},{"debug":{"applied_source_chunk_count":16,"desired_mountain_chunk_count":16,"dirty":false,"dirty_requires_rebuild":false,"display_image_height":1248,"display_image_width":1280,"display_packet_count":9,"display_ready":true,"display_request_in_flight":false,"display_runtime_clip_half_height_px":608,"display_runtime_clip_half_width_px":608,"display_timing_total_ms":516,"display_worker_elapsed_ms":521,"face_pixels":39745,"hit_mask_ready":true,"hit_mask_solid_pixels":1502213,"image_height":1248,"image_width":1280,"layer_count":16,"missing_mountain_chunk_count":0,"packet_count":9,"queued_source_chunks":["(159, 53)","(158, 53)","(159, 52)","(159, 54)","(160, 53)","(158, 52)","(158, 54)","(160, 52)","(160, 54)"],"request_in_flight":false,"request_to_complete_ms":521,"rim_pixels":11179,"runtime_clip_enabled":true,"runtime_clip_half_height_px":608,"runtime_clip_half_width_px":608,"source_packet_count":9,"success":true,"timing_alpha_ms":108,"timing_blur_ms":87,"timing_normal_ms":23,"timing_paint_ms":136,"timing_total_ms":516,"top_pixels":1463079,"worker_elapsed_ms":521},"index":5,"screenshot":"C:/Users/peaceful/Station Peaceful/Station Peaceful/artifacts/runtime_mountain_raster_walk_probe/walk_05.png","screenshot_status":{"error":"viewport_image_null","path":"C:/Users/peaceful/Station Peaceful/Station Peaceful/artifacts/runtime_mountain_raster_walk_probe/walk_05.png","saved":false},"settled":{"debug":{"applied_source_chunk_count":16,"desired_mountain_chunk_count":16,"dirty":false,"dirty_requires_rebuild":false,"display_image_height":1248,"display_image_width":1280,"display_packet_count":9,"display_ready":true,"display_request_in_flight":false,"display_runtime_clip_half_height_px":608,"display_runtime_clip_half_width_px":608,"display_timing_total_ms":516,"display_worker_elapsed_ms":521,"face_pixels":39745,"hit_mask_ready":true,"hit_mask_solid_pixels":1502213,"image_height":1248,"image_width":1280,"layer_count":16,"missing_mountain_chunk_count":0,"packet_count":9,"queued_source_chunks":["(159, 53)","(158, 53)","(159, 52)","(159, 54)","(160, 53)","(158, 52)","(158, 54)","(160, 52)","(160, 54)"],"request_in_flight":false,"request_to_complete_ms":521,"rim_pixels":11179,"runtime_clip_enabled":true,"runtime_clip_half_height_px":608,"runtime_clip_half_width_px":608,"source_packet_count":9,"success":true,"timing_alpha_ms":108,"timing_blur_ms":87,"timing_normal_ms":23,"timing_paint_ms":136,"timing_total_ms":516,"top_pixels":1463079,"worker_elapsed_ms":521},"elapsed_ms":576,"frames":48,"ready":true},"target_chunk":"(156, 52)","target_tile":"(2496, 832)"},{"debug":{"applied_source_chunk_count":18,"desired_mountain_chunk_count":18,"dirty":false,"dirty_requires_rebuild":false,"display_image_height":1312,"display_image_width":1280,"display_packet_count":9,"display_ready":true,"display_request_in_flight":false,"display_runtime_clip_half_height_px":608,"display_runtime_clip_half_width_px":608,"display_timing_total_ms":397,"display_worker_elapsed_ms":402,"face_pixels":633,"hit_mask_ready":true,"hit_mask_solid_pixels":1434431,"image_height":1312,"image_width":1280,"layer_count":18,"missing_mountain_chunk_count":0,"packet_count":9,"queued_source_chunks":["(160, 50)","(159, 50)","(160, 49)","(160, 51)","(161, 50)","(159, 49)","(159, 51)","(161, 49)","(161, 51)"],"request_in_flight":false,"request_to_complete_ms":402,"rim_pixels":5863,"runtime_clip_enabled":true,"runtime_clip_half_height_px":608,"runtime_clip_half_width_px":608,"source_packet_count":9,"success":true,"timing_alpha_ms":76,"timing_blur_ms":22,"timing_normal_ms":17,"timing_paint_ms":133,"timing_total_ms":397,"top_pixels":1433922,"worker_elapsed_ms":402},"index":6,"screenshot":"C:/Users/peaceful/Station Peaceful/Station Peaceful/artifacts/runtime_mountain_raster_walk_probe/walk_06.png","screenshot_status":{"error":"viewport_image_null","path":"C:/Users/peaceful/Station Peaceful/Station Peaceful/artifacts/runtime_mountain_raster_walk_probe/walk_06.png","saved":false},"settled":{"debug":{"applied_source_chunk_count":18,"desired_mountain_chunk_count":18,"dirty":false,"dirty_requires_rebuild":false,"display_image_height":1312,"display_image_width":1280,"display_packet_count":9,"display_ready":true,"display_request_in_flight":false,"display_runtime_clip_half_height_px":608,"display_runtime_clip_half_width_px":608,"display_timing_total_ms":397,"display_worker_elapsed_ms":402,"face_pixels":633,"hit_mask_ready":true,"hit_mask_solid_pixels":1434431,"image_height":1312,"image_width":1280,"layer_count":18,"missing_mountain_chunk_count":0,"packet_count":9,"queued_source_chunks":["(160, 50)","(159, 50)","(160, 49)","(160, 51)","(161, 50)","(159, 49)","(159, 51)","(161, 49)","(161, 51)"],"request_in_flight":false,"request_to_complete_ms":402,"rim_pixels":5863,"runtime_clip_enabled":true,"runtime_clip_half_height_px":608,"runtime_clip_half_width_px":608,"source_packet_count":9,"success":true,"timing_alpha_ms":76,"timing_blur_ms":22,"timing_normal_ms":17,"timing_paint_ms":133,"timing_total_ms":397,"top_pixels":1433922,"worker_elapsed_ms":402},"elapsed_ms":980,"frames":67,"ready":true},"target_chunk":"(157, 53)","target_tile":"(2512, 848)"}]}
WARNING: ObjectDB instances leaked at exit (run with --verbose for details).
   at: cleanup (core/object/object.cpp:2641)
ERROR: 7 resources still in use at exit (run with --verbose for details).
   at: clear (core/io/resource.cpp:810)
