Godot Engine v4.6.2.stable.official.71f334935 - https://godotengine.org

runtime_mountain_raster_walk_probe: start density=0.60
runtime_mountain_raster_walk_probe: route_size=7
STREAMING_STEP_TIMING total=28.58ms {"drain_packets":0.211,"drain_pages":0.005,"enqueue":0.018,"evict":0.011,"player_chunk":0.02,"prune":0.002,"publish":28.259,"queue_pages":0.029,"spawn":0.005,"wrap":0.019}
STREAMING_STEP_TIMING total=10.10ms {"drain_packets":3.783,"drain_pages":0.006,"enqueue":0.048,"evict":0.014,"player_chunk":0.021,"prune":0.002,"publish":6.164,"queue_pages":0.045,"spawn":0.004,"wrap":0.015}
STREAMING_STEP_TIMING total=11.27ms {"drain_packets":3.701,"drain_pages":0.006,"enqueue":0.115,"evict":0.013,"player_chunk":0.015,"prune":0.062,"publish":6.483,"queue_pages":0.858,"spawn":0.003,"wrap":0.008}
STREAMING_STEP_TIMING total=12.68ms {"drain_packets":3.818,"drain_pages":0.008,"enqueue":0.21,"evict":0.019,"player_chunk":0.013,"prune":0.217,"publish":6.616,"queue_pages":1.772,"spawn":0.001,"wrap":0.006}
STREAMING_STEP_TIMING total=8.60ms {"drain_packets":1.165,"drain_pages":0.005,"enqueue":0.278,"evict":0.032,"player_chunk":0.014,"prune":0.206,"publish":6.541,"queue_pages":0.342,"spawn":0.002,"wrap":0.008}
STREAMING_STEP_TIMING total=7.65ms {"drain_packets":0.008,"drain_pages":0.004,"enqueue":0.315,"evict":0.033,"player_chunk":0.018,"prune":0.192,"publish":6.969,"queue_pages":0.096,"spawn":0.003,"wrap":0.01}
STREAMING_STEP_TIMING total=13.58ms {"drain_packets":0.015,"drain_pages":0.008,"enqueue":0.31,"evict":0.062,"player_chunk":0.018,"prune":0.221,"publish":12.727,"queue_pages":0.201,"spawn":0.004,"wrap":0.01}
STREAMING_STEP_TIMING total=16.14ms {"drain_packets":0.013,"drain_pages":0.009,"enqueue":0.532,"evict":0.048,"player_chunk":0.029,"prune":0.343,"publish":14.981,"queue_pages":0.16,"spawn":0.004,"wrap":0.019}
STREAMING_STEP_TIMING total=14.77ms {"drain_packets":0.01,"drain_pages":0.007,"enqueue":0.484,"evict":0.051,"player_chunk":0.021,"prune":0.298,"publish":13.738,"queue_pages":0.14,"spawn":0.003,"wrap":0.013}
STREAMING_STEP_TIMING total=14.40ms {"drain_packets":0.011,"drain_pages":0.008,"enqueue":0.947,"evict":0.054,"player_chunk":0.021,"prune":0.269,"publish":12.954,"queue_pages":0.116,"spawn":0.004,"wrap":0.012}
STREAMING_STEP_TIMING total=10.93ms {"drain_packets":0.01,"drain_pages":0.007,"enqueue":0.463,"evict":0.062,"player_chunk":0.019,"prune":0.288,"publish":9.938,"queue_pages":0.125,"spawn":0.004,"wrap":0.012}
STREAMING_STEP_TIMING total=11.76ms {"drain_packets":0.009,"drain_pages":0.007,"enqueue":0.44,"evict":0.056,"player_chunk":0.021,"prune":0.257,"publish":10.829,"queue_pages":0.125,"spawn":0.003,"wrap":0.008}
STREAMING_STEP_TIMING total=9.73ms {"drain_packets":0.009,"drain_pages":0.005,"enqueue":0.424,"evict":0.072,"player_chunk":0.017,"prune":0.253,"publish":8.819,"queue_pages":0.109,"spawn":0.004,"wrap":0.012}
STREAMING_STEP_TIMING total=12.19ms {"drain_packets":0.012,"drain_pages":0.008,"enqueue":0.5,"evict":0.087,"player_chunk":0.027,"prune":0.278,"publish":11.099,"queue_pages":0.152,"spawn":0.003,"wrap":0.017}
STREAMING_STEP_TIMING total=13.39ms {"drain_packets":0.009,"drain_pages":0.006,"enqueue":0.489,"evict":0.142,"player_chunk":0.021,"prune":0.259,"publish":12.337,"queue_pages":0.108,"spawn":0.003,"wrap":0.013}
STREAMING_STEP_TIMING total=11.05ms {"drain_packets":0.011,"drain_pages":0.007,"enqueue":0.753,"evict":0.07,"player_chunk":0.025,"prune":0.24,"publish":9.799,"queue_pages":0.122,"spawn":0.003,"wrap":0.014}
STREAMING_STEP_TIMING total=11.56ms {"drain_packets":0.011,"drain_pages":0.005,"enqueue":0.444,"evict":0.095,"player_chunk":0.018,"prune":0.222,"publish":10.618,"queue_pages":0.129,"spawn":0.003,"wrap":0.011}
STREAMING_STEP_TIMING total=15.56ms {"drain_packets":0.015,"drain_pages":0.008,"enqueue":0.521,"evict":0.096,"player_chunk":0.026,"prune":0.259,"publish":14.453,"queue_pages":0.161,"spawn":0.004,"wrap":0.013}
STREAMING_STEP_TIMING total=12.29ms {"drain_packets":0.009,"drain_pages":0.006,"enqueue":0.478,"evict":0.161,"player_chunk":0.023,"prune":0.239,"publish":10.937,"queue_pages":0.414,"spawn":0.003,"wrap":0.014}
STREAMING_STEP_TIMING total=15.92ms {"drain_packets":0.012,"drain_pages":0.007,"enqueue":0.5,"evict":0.094,"player_chunk":0.023,"prune":0.257,"publish":14.857,"queue_pages":0.147,"spawn":0.003,"wrap":0.014}
STREAMING_STEP_TIMING total=13.55ms {"drain_packets":0.008,"drain_pages":0.006,"enqueue":0.437,"evict":0.099,"player_chunk":0.018,"prune":0.212,"publish":12.647,"queue_pages":0.109,"spawn":0.004,"wrap":0.011}
STREAMING_STEP_TIMING total=17.18ms {"drain_packets":0.01,"drain_pages":0.007,"enqueue":0.451,"evict":0.096,"player_chunk":0.024,"prune":0.208,"publish":16.243,"queue_pages":0.127,"spawn":0.003,"wrap":0.013}
STREAMING_STEP_TIMING total=10.23ms {"drain_packets":0.007,"drain_pages":0.005,"enqueue":0.429,"evict":0.115,"player_chunk":0.022,"prune":0.203,"publish":9.323,"queue_pages":0.109,"spawn":0.003,"wrap":0.011}
STREAMING_STEP_TIMING total=14.38ms {"drain_packets":0.012,"drain_pages":0.008,"enqueue":0.462,"evict":0.114,"player_chunk":0.026,"prune":0.205,"publish":13.416,"queue_pages":0.126,"spawn":0.003,"wrap":0.01}
STREAMING_STEP_TIMING total=21.78ms {"drain_packets":0.01,"drain_pages":0.006,"enqueue":0.457,"evict":0.126,"player_chunk":0.018,"prune":0.226,"publish":20.792,"queue_pages":0.123,"spawn":0.003,"wrap":0.011}
STREAMING_STEP_TIMING total=15.27ms {"drain_packets":0.009,"drain_pages":0.007,"enqueue":0.46,"evict":0.105,"player_chunk":0.022,"prune":0.201,"publish":14.322,"queue_pages":0.124,"spawn":0.003,"wrap":0.012}
STREAMING_STEP_TIMING total=12.15ms {"drain_packets":0.009,"drain_pages":0.006,"enqueue":0.398,"evict":0.131,"player_chunk":0.018,"prune":0.187,"publish":11.271,"queue_pages":0.111,"spawn":0.004,"wrap":0.012}
STREAMING_STEP_TIMING total=34.56ms {"drain_packets":0.014,"drain_pages":0.21,"enqueue":0.505,"evict":0.116,"player_chunk":0.029,"prune":0.216,"publish":19.851,"queue_pages":13.596,"spawn":0.005,"wrap":0.018}
STREAMING_STEP_TIMING total=11.41ms {"drain_packets":0.008,"drain_pages":0.006,"enqueue":1.137,"evict":0.133,"player_chunk":0.019,"prune":0.199,"publish":9.779,"queue_pages":0.11,"spawn":0.003,"wrap":0.011}
STREAMING_STEP_TIMING total=14.02ms {"drain_packets":0.01,"drain_pages":0.007,"enqueue":0.472,"evict":0.138,"player_chunk":0.022,"prune":0.201,"publish":13.031,"queue_pages":0.123,"spawn":0.003,"wrap":0.009}
STREAMING_STEP_TIMING total=10.34ms {"drain_packets":0.007,"drain_pages":0.006,"enqueue":0.463,"evict":0.144,"player_chunk":0.018,"prune":0.194,"publish":9.381,"queue_pages":0.114,"spawn":0.003,"wrap":0.011}
STREAMING_STEP_TIMING total=17.26ms {"drain_packets":0.009,"drain_pages":0.006,"enqueue":0.472,"evict":0.166,"player_chunk":0.021,"prune":0.19,"publish":16.256,"queue_pages":0.124,"spawn":0.003,"wrap":0.013}
STREAMING_STEP_TIMING total=11.63ms {"drain_packets":0.01,"drain_pages":0.16,"enqueue":0.519,"evict":0.156,"player_chunk":0.021,"prune":0.212,"publish":9.702,"queue_pages":0.834,"spawn":0.003,"wrap":0.013}
STREAMING_STEP_TIMING total=17.48ms {"drain_packets":0.011,"drain_pages":0.008,"enqueue":0.464,"evict":0.156,"player_chunk":0.022,"prune":0.192,"publish":16.487,"queue_pages":0.117,"spawn":0.002,"wrap":0.013}
STREAMING_STEP_TIMING total=12.67ms {"drain_packets":0.01,"drain_pages":0.006,"enqueue":0.672,"evict":0.15,"player_chunk":0.019,"prune":0.176,"publish":11.289,"queue_pages":0.328,"spawn":0.004,"wrap":0.016}
STREAMING_STEP_TIMING total=13.32ms {"drain_packets":0.01,"drain_pages":0.006,"enqueue":0.454,"evict":0.167,"player_chunk":0.021,"prune":0.174,"publish":12.357,"queue_pages":0.119,"spawn":0.002,"wrap":0.01}
STREAMING_STEP_TIMING total=17.94ms {"drain_packets":0.015,"drain_pages":0.006,"enqueue":0.508,"evict":0.202,"player_chunk":0.024,"prune":0.273,"publish":16.584,"queue_pages":0.304,"spawn":0.003,"wrap":0.016}
STREAMING_STEP_TIMING total=15.63ms {"drain_packets":0.022,"drain_pages":0.009,"enqueue":0.567,"evict":0.154,"player_chunk":0.027,"prune":0.2,"publish":14.473,"queue_pages":0.154,"spawn":0.004,"wrap":0.018}
STREAMING_STEP_TIMING total=9.94ms {"drain_packets":0.007,"drain_pages":0.139,"enqueue":0.452,"evict":0.154,"player_chunk":0.02,"prune":0.177,"publish":8.431,"queue_pages":0.543,"spawn":0.003,"wrap":0.012}
STREAMING_STEP_TIMING total=11.47ms {"drain_packets":0.008,"drain_pages":0.006,"enqueue":0.507,"evict":0.141,"player_chunk":0.027,"prune":0.141,"publish":10.526,"queue_pages":0.098,"spawn":0.002,"wrap":0.014}
STREAMING_STEP_TIMING total=9.60ms {"drain_packets":0.009,"drain_pages":0.006,"enqueue":0.462,"evict":0.173,"player_chunk":0.022,"prune":0.169,"publish":8.635,"queue_pages":0.105,"spawn":0.004,"wrap":0.013}
STREAMING_STEP_TIMING total=13.19ms {"drain_packets":0.01,"drain_pages":0.005,"enqueue":0.43,"evict":0.195,"player_chunk":0.021,"prune":0.147,"publish":12.261,"queue_pages":0.106,"spawn":0.002,"wrap":0.008}
STREAMING_STEP_TIMING total=11.86ms {"drain_packets":0.009,"drain_pages":0.007,"enqueue":0.481,"evict":0.289,"player_chunk":0.02,"prune":0.19,"publish":10.723,"queue_pages":0.12,"spawn":0.003,"wrap":0.013}
STREAMING_STEP_TIMING total=15.24ms {"drain_packets":0.011,"drain_pages":0.171,"enqueue":0.509,"evict":0.934,"player_chunk":0.031,"prune":0.141,"publish":13.318,"queue_pages":0.096,"spawn":0.004,"wrap":0.02}
STREAMING_STEP_TIMING total=9.86ms {"drain_packets":0.008,"drain_pages":0.006,"enqueue":0.561,"evict":0.179,"player_chunk":0.018,"prune":0.148,"publish":8.831,"queue_pages":0.093,"spawn":0.002,"wrap":0.011}
STREAMING_STEP_TIMING total=14.58ms {"drain_packets":0.006,"drain_pages":0.004,"enqueue":0.437,"evict":0.185,"player_chunk":0.015,"prune":0.141,"publish":13.68,"queue_pages":0.094,"spawn":0.003,"wrap":0.009}
STREAMING_STEP_TIMING total=7.64ms {"drain_packets":0.007,"drain_pages":0.005,"enqueue":0.436,"evict":0.215,"player_chunk":0.017,"prune":0.142,"publish":6.711,"queue_pages":0.089,"spawn":0.003,"wrap":0.01}
STREAMING_STEP_TIMING total=11.58ms {"drain_packets":0.009,"drain_pages":0.006,"enqueue":0.451,"evict":0.193,"player_chunk":0.02,"prune":0.139,"publish":10.639,"queue_pages":0.108,"spawn":0.002,"wrap":0.008}
STREAMING_STEP_TIMING total=10.04ms {"drain_packets":0.008,"drain_pages":0.005,"enqueue":0.43,"evict":0.216,"player_chunk":0.016,"prune":0.142,"publish":9.115,"queue_pages":0.095,"spawn":0.003,"wrap":0.009}
STREAMING_STEP_TIMING total=17.62ms {"drain_packets":0.013,"drain_pages":0.008,"enqueue":0.505,"evict":0.207,"player_chunk":0.031,"prune":0.162,"publish":16.445,"queue_pages":0.219,"spawn":0.005,"wrap":0.021}
STREAMING_STEP_TIMING total=12.98ms {"drain_packets":0.01,"drain_pages":0.008,"enqueue":0.411,"evict":0.24,"player_chunk":0.021,"prune":0.143,"publish":12.03,"queue_pages":0.095,"spawn":0.004,"wrap":0.014}
STREAMING_STEP_TIMING total=18.20ms {"drain_packets":0.01,"drain_pages":0.006,"enqueue":0.476,"evict":0.224,"player_chunk":0.023,"prune":0.137,"publish":17.195,"queue_pages":0.115,"spawn":0.003,"wrap":0.013}
STREAMING_STEP_TIMING total=10.28ms {"drain_packets":0.008,"drain_pages":0.005,"enqueue":0.546,"evict":0.238,"player_chunk":0.018,"prune":0.134,"publish":9.218,"queue_pages":0.097,"spawn":0.002,"wrap":0.01}
STREAMING_STEP_TIMING total=25.36ms {"drain_packets":0.009,"drain_pages":0.006,"enqueue":0.462,"evict":0.23,"player_chunk":0.022,"prune":0.132,"publish":24.375,"queue_pages":0.108,"spawn":0.003,"wrap":0.012}
STREAMING_STEP_TIMING total=9.78ms {"drain_packets":0.008,"drain_pages":0.005,"enqueue":0.433,"evict":0.233,"player_chunk":0.017,"prune":0.119,"publish":8.855,"queue_pages":0.094,"spawn":0.002,"wrap":0.012}
STREAMING_STEP_TIMING total=15.05ms {"drain_packets":0.008,"drain_pages":0.006,"enqueue":0.438,"evict":0.243,"player_chunk":0.019,"prune":0.116,"publish":14.098,"queue_pages":0.111,"spawn":0.003,"wrap":0.008}
STREAMING_STEP_TIMING total=12.94ms {"drain_packets":0.011,"drain_pages":0.007,"enqueue":0.797,"evict":0.252,"player_chunk":0.023,"prune":0.134,"publish":11.593,"queue_pages":0.106,"spawn":0.003,"wrap":0.012}
STREAMING_STEP_TIMING total=15.97ms {"drain_packets":0.009,"drain_pages":0.006,"enqueue":0.468,"evict":0.256,"player_chunk":0.022,"prune":0.116,"publish":14.967,"queue_pages":0.108,"spawn":0.002,"wrap":0.013}
STREAMING_STEP_TIMING total=13.11ms {"drain_packets":0.01,"drain_pages":0.007,"enqueue":0.485,"evict":0.265,"player_chunk":0.021,"prune":0.126,"publish":12.074,"queue_pages":0.104,"spawn":0.003,"wrap":0.012}
STREAMING_STEP_TIMING total=23.13ms {"drain_packets":0.009,"drain_pages":0.007,"enqueue":0.666,"evict":0.558,"player_chunk":0.029,"prune":0.111,"publish":21.625,"queue_pages":0.108,"spawn":0.003,"wrap":0.012}
STREAMING_STEP_TIMING total=11.14ms {"drain_packets":0.073,"drain_pages":0.01,"enqueue":0.589,"evict":0.302,"player_chunk":0.018,"prune":0.287,"publish":9.537,"queue_pages":0.306,"spawn":0.003,"wrap":0.011}
STREAMING_STEP_TIMING total=18.09ms {"drain_packets":0.01,"drain_pages":0.007,"enqueue":0.495,"evict":0.293,"player_chunk":0.023,"prune":0.115,"publish":17.014,"queue_pages":0.121,"spawn":0.003,"wrap":0.01}
STREAMING_STEP_TIMING total=27.38ms {"drain_packets":0.009,"drain_pages":0.006,"enqueue":0.489,"evict":0.288,"player_chunk":0.021,"prune":0.115,"publish":26.323,"queue_pages":0.108,"spawn":0.003,"wrap":0.014}
STREAMING_STEP_TIMING total=19.83ms {"drain_packets":0.018,"drain_pages":0.007,"enqueue":0.454,"evict":0.282,"player_chunk":0.023,"prune":0.186,"publish":18.704,"queue_pages":0.136,"spawn":0.003,"wrap":0.014}
STREAMING_STEP_TIMING total=11.36ms {"drain_packets":0.007,"drain_pages":0.14,"enqueue":0.457,"evict":0.321,"player_chunk":0.018,"prune":0.099,"publish":10.206,"queue_pages":0.093,"spawn":0.004,"wrap":0.012}
STREAMING_STEP_TIMING total=17.75ms {"drain_packets":0.01,"drain_pages":0.007,"enqueue":0.518,"evict":0.321,"player_chunk":0.021,"prune":0.106,"publish":16.635,"queue_pages":0.117,"spawn":0.003,"wrap":0.009}
STREAMING_STEP_TIMING total=8.64ms {"drain_packets":0.008,"drain_pages":0.012,"enqueue":0.488,"evict":0.283,"player_chunk":0.022,"prune":0.099,"publish":7.607,"queue_pages":0.109,"spawn":0.003,"wrap":0.012}
STREAMING_STEP_TIMING total=12.73ms {"drain_packets":0.01,"drain_pages":0.131,"enqueue":0.453,"evict":0.25,"player_chunk":0.026,"prune":0.078,"publish":11.677,"queue_pages":0.084,"spawn":0.003,"wrap":0.016}
STREAMING_STEP_TIMING total=8.49ms {"drain_packets":0.006,"drain_pages":0.005,"enqueue":0.38,"evict":0.332,"player_chunk":0.018,"prune":0.074,"publish":7.582,"queue_pages":0.072,"spawn":0.003,"wrap":0.012}
STREAMING_STEP_TIMING total=13.88ms {"drain_packets":0.008,"drain_pages":0.006,"enqueue":0.393,"evict":0.256,"player_chunk":0.019,"prune":0.069,"publish":13.025,"queue_pages":0.084,"spawn":0.003,"wrap":0.011}
STREAMING_STEP_TIMING total=6.48ms {"drain_packets":0.007,"drain_pages":0.004,"enqueue":0.379,"evict":0.247,"player_chunk":0.021,"prune":0.068,"publish":5.666,"queue_pages":0.073,"spawn":0.003,"wrap":0.01}
STREAMING_STEP_TIMING total=12.73ms {"drain_packets":0.007,"drain_pages":0.005,"enqueue":0.385,"evict":0.254,"player_chunk":0.015,"prune":0.064,"publish":11.907,"queue_pages":0.078,"spawn":0.002,"wrap":0.007}
STREAMING_STEP_TIMING total=9.94ms {"drain_packets":0.01,"drain_pages":0.005,"enqueue":0.426,"evict":0.268,"player_chunk":0.016,"prune":0.087,"publish":9.018,"queue_pages":0.092,"spawn":0.002,"wrap":0.01}
STREAMING_STEP_TIMING total=13.87ms {"drain_packets":0.009,"drain_pages":0.006,"enqueue":0.385,"evict":0.228,"player_chunk":0.019,"prune":0.06,"publish":13.066,"queue_pages":0.085,"spawn":0.002,"wrap":0.012}
STREAMING_STEP_TIMING total=7.06ms {"drain_packets":0.006,"drain_pages":0.004,"enqueue":0.358,"evict":0.226,"player_chunk":0.015,"prune":0.052,"publish":6.323,"queue_pages":0.066,"spawn":0.003,"wrap":0.008}
STREAMING_STEP_TIMING total=12.78ms {"drain_packets":0.005,"drain_pages":0.004,"enqueue":0.31,"evict":0.24,"player_chunk":0.013,"prune":0.046,"publish":12.085,"queue_pages":0.065,"spawn":0.002,"wrap":0.008}
STREAMING_STEP_TIMING total=6.85ms {"drain_packets":0.006,"drain_pages":0.004,"enqueue":0.31,"evict":0.221,"player_chunk":0.014,"prune":0.045,"publish":6.179,"queue_pages":0.063,"spawn":0.002,"wrap":0.008}
STREAMING_STEP_TIMING total=12.81ms {"drain_packets":0.004,"drain_pages":0.003,"enqueue":0.312,"evict":0.234,"player_chunk":0.012,"prune":0.042,"publish":12.131,"queue_pages":0.064,"spawn":0.002,"wrap":0.006}
STREAMING_STEP_TIMING total=7.08ms {"drain_packets":0.007,"drain_pages":0.004,"enqueue":0.312,"evict":0.241,"player_chunk":0.016,"prune":0.042,"publish":6.378,"queue_pages":0.065,"spawn":0.002,"wrap":0.008}
STREAMING_STEP_TIMING total=12.67ms {"drain_packets":0.008,"drain_pages":0.004,"enqueue":0.321,"evict":0.222,"player_chunk":0.017,"prune":0.04,"publish":11.977,"queue_pages":0.074,"spawn":0.002,"wrap":0.007}
STREAMING_STEP_TIMING total=6.99ms {"drain_packets":0.006,"drain_pages":0.005,"enqueue":0.344,"evict":0.243,"player_chunk":0.016,"prune":0.04,"publish":6.254,"queue_pages":0.07,"spawn":0.004,"wrap":0.008}
STREAMING_STEP_TIMING total=12.81ms {"drain_packets":0.007,"drain_pages":0.005,"enqueue":0.351,"evict":0.246,"player_chunk":0.018,"prune":0.036,"publish":12.061,"queue_pages":0.075,"spawn":0.002,"wrap":0.01}
STREAMING_STEP_TIMING total=7.86ms {"drain_packets":0.005,"drain_pages":0.004,"enqueue":0.313,"evict":0.239,"player_chunk":0.015,"prune":0.034,"publish":7.177,"queue_pages":0.064,"spawn":0.002,"wrap":0.008}
STREAMING_STEP_TIMING total=7.27ms {"drain_packets":0.006,"drain_pages":0.003,"enqueue":0.316,"evict":0.272,"player_chunk":0.013,"prune":0.031,"publish":6.553,"queue_pages":0.067,"spawn":0.001,"wrap":0.009}
STREAMING_STEP_TIMING total=13.39ms {"drain_packets":0.007,"drain_pages":0.004,"enqueue":0.322,"evict":0.254,"player_chunk":0.015,"prune":0.028,"publish":12.678,"queue_pages":0.068,"spawn":0.002,"wrap":0.009}
STREAMING_STEP_TIMING total=8.71ms {"drain_packets":0.008,"drain_pages":0.005,"enqueue":0.319,"evict":0.255,"player_chunk":0.02,"prune":0.028,"publish":7.981,"queue_pages":0.074,"spawn":0.002,"wrap":0.018}
STREAMING_STEP_TIMING total=6.94ms {"drain_packets":0.006,"drain_pages":0.004,"enqueue":0.312,"evict":0.267,"player_chunk":0.016,"prune":0.023,"publish":6.232,"queue_pages":0.066,"spawn":0.002,"wrap":0.008}
STREAMING_STEP_TIMING total=13.94ms {"drain_packets":0.008,"drain_pages":0.005,"enqueue":0.318,"evict":0.264,"player_chunk":0.016,"prune":0.02,"publish":13.213,"queue_pages":0.086,"spawn":0.002,"wrap":0.007}
STREAMING_STEP_TIMING total=7.28ms {"drain_packets":0.006,"drain_pages":0.005,"enqueue":0.307,"evict":0.285,"player_chunk":0.017,"prune":0.02,"publish":6.561,"queue_pages":0.064,"spawn":0.003,"wrap":0.011}
STREAMING_STEP_TIMING total=14.20ms {"drain_packets":0.007,"drain_pages":0.004,"enqueue":0.313,"evict":0.289,"player_chunk":0.017,"prune":0.016,"publish":13.462,"queue_pages":0.075,"spawn":0.002,"wrap":0.01}
STREAMING_STEP_TIMING total=7.13ms {"drain_packets":0.005,"drain_pages":0.004,"enqueue":0.31,"evict":0.285,"player_chunk":0.014,"prune":0.016,"publish":6.424,"queue_pages":0.063,"spawn":0.002,"wrap":0.008}
STREAMING_STEP_TIMING total=14.59ms {"drain_packets":0.005,"drain_pages":0.003,"enqueue":0.316,"evict":0.284,"player_chunk":0.011,"prune":0.011,"publish":13.882,"queue_pages":0.067,"spawn":0.002,"wrap":0.007}
STREAMING_STEP_TIMING total=9.39ms {"drain_packets":0.006,"drain_pages":0.003,"enqueue":0.305,"evict":0.307,"player_chunk":0.014,"prune":0.011,"publish":8.675,"queue_pages":0.063,"spawn":0.002,"wrap":0.007}
STREAMING_STEP_TIMING total=7.04ms {"drain_packets":0.007,"drain_pages":0.005,"enqueue":0.315,"evict":0.29,"player_chunk":0.018,"prune":0.007,"publish":6.306,"queue_pages":0.075,"spawn":0.002,"wrap":0.011}
STREAMING_STEP_TIMING total=20.69ms {"drain_packets":0.005,"drain_pages":0.003,"enqueue":0.318,"evict":0.476,"player_chunk":0.011,"prune":0.002,"publish":19.8,"queue_pages":0.067,"spawn":0.001,"wrap":0.007}
[FrameBudget] streaming=11.9ms topology=0.0ms visual=0.0ms spawn=0.0ms total=11.9ms/6.0ms world.streaming_v0=11.9ms(60)
ERROR: Parameter "t" is null.
   at: texture_2d_get (./servers/rendering/dummy/storage/texture_storage.h:106)
   GDScript backtrace (most recent call first):
       [0] _capture_viewport (res://tools/runtime_mountain_raster_walk_probe.gd:440)
       [1] _run (res://tools/runtime_mountain_raster_walk_probe.gd:96)
       [2] _wait_until_settled (res://tools/runtime_mountain_raster_walk_probe.gd:293)
STREAMING_STEP_TIMING total=8.06ms {"drain_packets":0.007,"drain_pages":0.006,"enqueue":0.486,"evict":0.331,"player_chunk":6.093,"prune":0.046,"publish":0.362,"queue_pages":0.701,"spawn":0.007,"wrap":0.021}
STREAMING_STEP_TIMING total=11.62ms {"drain_packets":0.005,"drain_pages":0.135,"enqueue":0.438,"evict":0.4,"player_chunk":0.012,"prune":0.04,"publish":10.486,"queue_pages":0.09,"spawn":0.001,"wrap":0.007}
STREAMING_STEP_TIMING total=20.10ms {"drain_packets":0.008,"drain_pages":0.006,"enqueue":0.438,"evict":0.38,"player_chunk":0.018,"prune":0.037,"publish":19.1,"queue_pages":0.101,"spawn":0.003,"wrap":0.01}
STREAMING_STEP_TIMING total=11.65ms {"drain_packets":0.009,"drain_pages":0.006,"enqueue":0.44,"evict":0.58,"player_chunk":0.024,"prune":0.038,"publish":10.426,"queue_pages":0.105,"spawn":0.003,"wrap":0.013}
STREAMING_STEP_TIMING total=20.98ms {"drain_packets":0.01,"drain_pages":0.005,"enqueue":0.456,"evict":0.337,"player_chunk":0.538,"prune":0.034,"publish":19.476,"queue_pages":0.107,"spawn":0.003,"wrap":0.01}
STREAMING_STEP_TIMING total=11.20ms {"drain_packets":0.009,"drain_pages":0.186,"enqueue":0.385,"evict":0.328,"player_chunk":0.017,"prune":0.036,"publish":10.115,"queue_pages":0.104,"spawn":0.002,"wrap":0.011}
STREAMING_STEP_TIMING total=18.68ms {"drain_packets":0.008,"drain_pages":0.007,"enqueue":0.385,"evict":0.459,"player_chunk":0.024,"prune":0.024,"publish":17.663,"queue_pages":0.091,"spawn":0.003,"wrap":0.012}
STREAMING_STEP_TIMING total=12.69ms {"drain_packets":0.011,"drain_pages":0.007,"enqueue":0.467,"evict":0.346,"player_chunk":0.027,"prune":0.03,"publish":11.458,"queue_pages":0.322,"spawn":0.004,"wrap":0.016}
STREAMING_STEP_TIMING total=19.86ms {"drain_packets":0.01,"drain_pages":0.006,"enqueue":0.385,"evict":0.34,"player_chunk":0.018,"prune":0.019,"publish":18.967,"queue_pages":0.095,"spawn":0.003,"wrap":0.011}
STREAMING_STEP_TIMING total=7.98ms {"drain_packets":0.01,"drain_pages":0.13,"enqueue":0.409,"evict":0.357,"player_chunk":0.021,"prune":0.023,"publish":6.937,"queue_pages":0.082,"spawn":0.004,"wrap":0.008}
STREAMING_STEP_TIMING total=15.62ms {"drain_packets":0.008,"drain_pages":0.006,"enqueue":0.387,"evict":0.371,"player_chunk":0.016,"prune":0.014,"publish":14.707,"queue_pages":0.094,"spawn":0.003,"wrap":0.01}
STREAMING_STEP_TIMING total=8.22ms {"drain_packets":0.009,"drain_pages":0.005,"enqueue":0.393,"evict":0.389,"player_chunk":0.021,"prune":0.013,"publish":7.291,"queue_pages":0.084,"spawn":0.002,"wrap":0.011}
STREAMING_STEP_TIMING total=16.35ms {"drain_packets":0.008,"drain_pages":0.006,"enqueue":0.401,"evict":0.345,"player_chunk":0.016,"prune":0.009,"publish":15.46,"queue_pages":0.086,"spawn":0.003,"wrap":0.009}
STREAMING_STEP_TIMING total=10.33ms {"drain_packets":0.008,"drain_pages":0.005,"enqueue":0.329,"evict":0.314,"player_chunk":0.019,"prune":0.008,"publish":9.558,"queue_pages":0.077,"spawn":0.002,"wrap":0.011}
[FrameBudget] streaming=2.3ms topology=0.0ms visual=0.0ms spawn=0.0ms total=2.3ms/6.0ms world.streaming_v0=2.3ms(60)
[FrameBudget] streaming=1.0ms topology=0.0ms visual=0.0ms spawn=0.0ms total=1.0ms/6.0ms world.streaming_v0=1.0ms(60)
[FrameBudget] streaming=1.0ms topology=0.0ms visual=0.0ms spawn=0.0ms total=1.0ms/6.0ms world.streaming_v0=1.0ms(60)
STREAMING_STEP_TIMING total=12.15ms {"drain_packets":0.007,"drain_pages":0.006,"enqueue":0.409,"evict":0.247,"player_chunk":4.607,"prune":0.044,"publish":6.294,"queue_pages":0.506,"spawn":0.006,"wrap":0.019}
STREAMING_STEP_TIMING total=21.55ms {"drain_packets":1.471,"drain_pages":0.004,"enqueue":0.295,"evict":0.313,"player_chunk":0.014,"prune":0.027,"publish":18.219,"queue_pages":1.197,"spawn":0.002,"wrap":0.007}
STREAMING_STEP_TIMING total=8.77ms {"drain_packets":0.186,"drain_pages":0.006,"enqueue":0.34,"evict":0.347,"player_chunk":0.015,"prune":0.028,"publish":7.756,"queue_pages":0.082,"spawn":0.003,"wrap":0.008}
STREAMING_STEP_TIMING total=25.99ms {"drain_packets":0.568,"drain_pages":0.01,"enqueue":1.075,"evict":0.45,"player_chunk":0.025,"prune":0.045,"publish":23.671,"queue_pages":0.127,"spawn":0.003,"wrap":0.014}
STREAMING_STEP_TIMING total=10.12ms {"drain_packets":0.007,"drain_pages":0.006,"enqueue":0.458,"evict":0.606,"player_chunk":0.016,"prune":0.032,"publish":8.87,"queue_pages":0.104,"spawn":0.003,"wrap":0.009}
STREAMING_STEP_TIMING total=25.08ms {"drain_packets":0.701,"drain_pages":0.008,"enqueue":1.375,"evict":0.563,"player_chunk":0.017,"prune":0.031,"publish":22.269,"queue_pages":0.104,"spawn":0.003,"wrap":0.009}
STREAMING_STEP_TIMING total=13.70ms {"drain_packets":0.01,"drain_pages":0.007,"enqueue":0.599,"evict":0.59,"player_chunk":0.022,"prune":0.033,"publish":12.283,"queue_pages":0.136,"spawn":0.004,"wrap":0.014}
STREAMING_STEP_TIMING total=29.83ms {"drain_packets":0.253,"drain_pages":0.007,"enqueue":0.485,"evict":0.433,"player_chunk":0.023,"prune":0.024,"publish":28.475,"queue_pages":0.112,"spawn":0.003,"wrap":0.01}
STREAMING_STEP_TIMING total=13.10ms {"drain_packets":0.004,"drain_pages":0.004,"enqueue":0.424,"evict":12.408,"player_chunk":0.013,"prune":0.02,"publish":0.127,"queue_pages":0.088,"spawn":0.001,"wrap":0.007}
STREAMING_STEP_TIMING total=10.08ms {"drain_packets":0.011,"drain_pages":0.16,"enqueue":0.922,"evict":0.436,"player_chunk":0.043,"prune":0.029,"publish":8.334,"queue_pages":0.104,"spawn":0.009,"wrap":0.028}
STREAMING_STEP_TIMING total=23.18ms {"drain_packets":0.01,"drain_pages":0.007,"enqueue":0.491,"evict":0.435,"player_chunk":0.023,"prune":0.019,"publish":22.082,"queue_pages":0.094,"spawn":0.002,"wrap":0.013}
STREAMING_STEP_TIMING total=12.37ms {"drain_packets":0.009,"drain_pages":0.006,"enqueue":0.464,"evict":0.43,"player_chunk":0.017,"prune":0.016,"publish":11.302,"queue_pages":0.106,"spawn":0.003,"wrap":0.011}
STREAMING_STEP_TIMING total=23.70ms {"drain_packets":0.009,"drain_pages":0.006,"enqueue":0.804,"evict":0.427,"player_chunk":0.282,"prune":0.012,"publish":22.029,"queue_pages":0.111,"spawn":0.003,"wrap":0.017}
STREAMING_STEP_TIMING total=8.14ms {"drain_packets":0.007,"drain_pages":0.124,"enqueue":0.542,"evict":0.376,"player_chunk":0.022,"prune":0.009,"publish":6.958,"queue_pages":0.081,"spawn":0.003,"wrap":0.012}
STREAMING_STEP_TIMING total=16.80ms {"drain_packets":0.009,"drain_pages":0.005,"enqueue":0.38,"evict":0.403,"player_chunk":0.023,"prune":0.002,"publish":15.875,"queue_pages":0.086,"spawn":0.002,"wrap":0.013}
[FrameBudget] streaming=3.7ms topology=0.0ms visual=0.0ms spawn=0.0ms total=3.7ms/6.0ms world.streaming_v0=3.7ms(60)
[FrameBudget] streaming=0.9ms topology=0.0ms visual=0.0ms spawn=0.0ms total=0.9ms/6.0ms world.streaming_v0=0.9ms(60)
[FrameBudget] streaming=0.9ms topology=0.0ms visual=0.0ms spawn=0.0ms total=0.9ms/6.0ms world.streaming_v0=0.9ms(60)
STREAMING_STEP_TIMING total=12.04ms {"drain_packets":0.005,"drain_pages":0.004,"enqueue":0.401,"evict":0.255,"player_chunk":4.495,"prune":0.031,"publish":6.764,"queue_pages":0.074,"spawn":0.003,"wrap":0.009}
STREAMING_STEP_TIMING total=17.38ms {"drain_packets":1.443,"drain_pages":0.005,"enqueue":0.303,"evict":0.244,"player_chunk":0.014,"prune":0.028,"publish":15.25,"queue_pages":0.081,"spawn":0.003,"wrap":0.007}
STREAMING_STEP_TIMING total=7.99ms {"drain_packets":0.184,"drain_pages":0.005,"enqueue":0.324,"evict":0.259,"player_chunk":0.014,"prune":0.027,"publish":7.09,"queue_pages":0.075,"spawn":0.002,"wrap":0.008}
STREAMING_STEP_TIMING total=20.13ms {"drain_packets":0.204,"drain_pages":0.005,"enqueue":0.321,"evict":0.324,"player_chunk":0.014,"prune":0.023,"publish":19.15,"queue_pages":0.073,"spawn":0.002,"wrap":0.007}
STREAMING_STEP_TIMING total=8.14ms {"drain_packets":0.177,"drain_pages":0.005,"enqueue":0.321,"evict":0.302,"player_chunk":0.014,"prune":0.023,"publish":7.212,"queue_pages":0.072,"spawn":0.003,"wrap":0.007}
STREAMING_STEP_TIMING total=17.30ms {"drain_packets":0.207,"drain_pages":0.004,"enqueue":0.323,"evict":0.337,"player_chunk":0.012,"prune":0.019,"publish":16.323,"queue_pages":0.068,"spawn":0.002,"wrap":0.006}
STREAMING_STEP_TIMING total=8.80ms {"drain_packets":0.185,"drain_pages":0.005,"enqueue":0.332,"evict":0.391,"player_chunk":0.013,"prune":0.02,"publish":7.768,"queue_pages":0.074,"spawn":0.003,"wrap":0.008}
STREAMING_STEP_TIMING total=15.64ms {"drain_packets":0.177,"drain_pages":0.006,"enqueue":0.326,"evict":0.266,"player_chunk":0.014,"prune":0.016,"publish":14.75,"queue_pages":0.074,"spawn":0.002,"wrap":0.007}
STREAMING_STEP_TIMING total=7.11ms {"drain_packets":0.19,"drain_pages":0.006,"enqueue":0.311,"evict":0.282,"player_chunk":0.014,"prune":0.016,"publish":6.207,"queue_pages":0.075,"spawn":0.003,"wrap":0.008}
STREAMING_STEP_TIMING total=15.85ms {"drain_packets":0.006,"drain_pages":0.003,"enqueue":0.314,"evict":0.286,"player_chunk":0.013,"prune":0.011,"publish":15.134,"queue_pages":0.07,"spawn":0.002,"wrap":0.005}
STREAMING_STEP_TIMING total=7.38ms {"drain_packets":0.006,"drain_pages":0.005,"enqueue":0.316,"evict":0.318,"player_chunk":0.013,"prune":0.011,"publish":6.621,"queue_pages":0.072,"spawn":0.003,"wrap":0.008}
STREAMING_STEP_TIMING total=16.13ms {"drain_packets":0.009,"drain_pages":0.004,"enqueue":0.32,"evict":0.314,"player_chunk":0.018,"prune":0.007,"publish":15.364,"queue_pages":0.078,"spawn":0.003,"wrap":0.009}
STREAMING_STEP_TIMING total=8.85ms {"drain_packets":0.012,"drain_pages":0.007,"enqueue":0.354,"evict":0.316,"player_chunk":0.014,"prune":0.016,"publish":8.01,"queue_pages":0.108,"spawn":0.002,"wrap":0.008}
STREAMING_STEP_TIMING total=15.79ms {"drain_packets":0.007,"drain_pages":0.004,"enqueue":0.312,"evict":0.285,"player_chunk":0.015,"prune":0.002,"publish":15.08,"queue_pages":0.071,"spawn":0.002,"wrap":0.009}
[FrameBudget] streaming=2.8ms topology=0.0ms visual=0.0ms spawn=0.0ms total=2.8ms/6.0ms world.streaming_v0=2.8ms(60)
[FrameBudget] streaming=0.9ms topology=0.0ms visual=0.0ms spawn=0.0ms total=0.9ms/6.0ms world.streaming_v0=0.9ms(60)
ERROR: Parameter "t" is null.
   at: texture_2d_get (./servers/rendering/dummy/storage/texture_storage.h:106)
   GDScript backtrace (most recent call first):
       [0] _capture_viewport (res://tools/runtime_mountain_raster_walk_probe.gd:440)
       [1] _run (res://tools/runtime_mountain_raster_walk_probe.gd:96)
       [2] _wait_until_settled (res://tools/runtime_mountain_raster_walk_probe.gd:293)
[FrameBudget] streaming=0.9ms topology=0.0ms visual=0.0ms spawn=0.0ms total=0.9ms/6.0ms world.streaming_v0=0.9ms(60)
[FrameBudget] streaming=0.9ms topology=0.0ms visual=0.0ms spawn=0.0ms total=0.9ms/6.0ms world.streaming_v0=0.9ms(60)
STREAMING_STEP_TIMING total=16.46ms {"drain_packets":0.009,"drain_pages":0.006,"enqueue":0.395,"evict":0.233,"player_chunk":4.529,"prune":0.044,"publish":10.789,"queue_pages":0.432,"spawn":0.004,"wrap":0.015}
STREAMING_STEP_TIMING total=14.32ms {"drain_packets":1.498,"drain_pages":0.005,"enqueue":0.298,"evict":0.238,"player_chunk":0.014,"prune":0.027,"publish":11.279,"queue_pages":0.951,"spawn":0.002,"wrap":0.007}
STREAMING_STEP_TIMING total=12.39ms {"drain_packets":0.179,"drain_pages":0.005,"enqueue":0.323,"evict":0.206,"player_chunk":0.013,"prune":0.024,"publish":11.544,"queue_pages":0.081,"spawn":0.002,"wrap":0.007}
[FrameBudget] streaming=1.1ms topology=0.0ms visual=0.0ms spawn=0.0ms total=1.1ms/6.0ms world.streaming_v0=1.1ms(60)
STREAMING_STEP_TIMING total=10.55ms {"drain_packets":0.01,"drain_pages":0.006,"enqueue":0.454,"evict":0.4,"player_chunk":0.029,"prune":0.029,"publish":0.123,"queue_pages":9.474,"spawn":0.006,"wrap":0.021}
STREAMING_STEP_TIMING total=11.62ms {"drain_packets":0.008,"drain_pages":0.163,"enqueue":0.629,"evict":0.432,"player_chunk":0.017,"prune":0.09,"publish":10.15,"queue_pages":0.117,"spawn":0.003,"wrap":0.011}
STREAMING_STEP_TIMING total=23.62ms {"drain_packets":0.01,"drain_pages":0.006,"enqueue":0.504,"evict":0.386,"player_chunk":0.024,"prune":0.026,"publish":22.53,"queue_pages":0.117,"spawn":0.003,"wrap":0.014}
STREAMING_STEP_TIMING total=6.83ms {"drain_packets":0.009,"drain_pages":0.147,"enqueue":0.409,"evict":0.344,"player_chunk":0.026,"prune":0.02,"publish":5.762,"queue_pages":0.083,"spawn":0.006,"wrap":0.02}
STREAMING_STEP_TIMING total=18.34ms {"drain_packets":0.009,"drain_pages":0.006,"enqueue":0.395,"evict":0.365,"player_chunk":0.02,"prune":0.013,"publish":17.429,"queue_pages":0.087,"spawn":0.003,"wrap":0.012}
STREAMING_STEP_TIMING total=7.95ms {"drain_packets":0.008,"drain_pages":0.005,"enqueue":0.377,"evict":0.332,"player_chunk":0.018,"prune":0.013,"publish":7.094,"queue_pages":0.081,"spawn":0.003,"wrap":0.017}
STREAMING_STEP_TIMING total=18.72ms {"drain_packets":0.007,"drain_pages":0.005,"enqueue":0.379,"evict":0.286,"player_chunk":0.019,"prune":0.009,"publish":17.922,"queue_pages":0.082,"spawn":0.002,"wrap":0.011}
STREAMING_STEP_TIMING total=7.08ms {"drain_packets":0.007,"drain_pages":0.004,"enqueue":0.314,"evict":0.298,"player_chunk":0.014,"prune":0.008,"publish":6.349,"queue_pages":0.075,"spawn":0.002,"wrap":0.008}
STREAMING_STEP_TIMING total=18.20ms {"drain_packets":0.007,"drain_pages":0.005,"enqueue":0.314,"evict":0.298,"player_chunk":0.018,"prune":0.002,"publish":17.464,"queue_pages":0.077,"spawn":0.002,"wrap":0.007}
[FrameBudget] streaming=2.3ms topology=0.0ms visual=0.0ms spawn=0.0ms total=2.3ms/6.0ms world.streaming_v0=2.3ms(60)
[FrameBudget] streaming=0.9ms topology=0.0ms visual=0.0ms spawn=0.0ms total=0.9ms/6.0ms world.streaming_v0=0.9ms(60)
STREAMING_STEP_TIMING total=11.48ms {"drain_packets":0.007,"drain_pages":0.004,"enqueue":0.327,"evict":0.235,"player_chunk":4.502,"prune":0.031,"publish":6.29,"queue_pages":0.073,"spawn":0.002,"wrap":0.007}
STREAMING_STEP_TIMING total=18.14ms {"drain_packets":0.076,"drain_pages":0.005,"enqueue":0.334,"evict":0.255,"player_chunk":0.013,"prune":0.032,"publish":17.298,"queue_pages":0.114,"spawn":0.003,"wrap":0.007}
STREAMING_STEP_TIMING total=7.56ms {"drain_packets":0.188,"drain_pages":0.005,"enqueue":0.34,"evict":0.267,"player_chunk":0.014,"prune":0.03,"publish":6.629,"queue_pages":0.075,"spawn":0.002,"wrap":0.008}
STREAMING_STEP_TIMING total=22.10ms {"drain_packets":0.181,"drain_pages":0.01,"enqueue":0.33,"evict":0.294,"player_chunk":0.015,"prune":0.024,"publish":21.158,"queue_pages":0.076,"spawn":0.003,"wrap":0.008}
STREAMING_STEP_TIMING total=8.75ms {"drain_packets":0.18,"drain_pages":0.005,"enqueue":0.323,"evict":0.283,"player_chunk":0.015,"prune":0.024,"publish":7.837,"queue_pages":0.074,"spawn":0.002,"wrap":0.007}
STREAMING_STEP_TIMING total=19.36ms {"drain_packets":0.188,"drain_pages":0.005,"enqueue":0.322,"evict":0.323,"player_chunk":0.014,"prune":0.019,"publish":18.402,"queue_pages":0.077,"spawn":0.001,"wrap":0.007}
STREAMING_STEP_TIMING total=7.25ms {"drain_packets":0.182,"drain_pages":0.005,"enqueue":0.331,"evict":0.31,"player_chunk":0.014,"prune":0.02,"publish":6.3,"queue_pages":0.074,"spawn":0.002,"wrap":0.008}
STREAMING_STEP_TIMING total=17.46ms {"drain_packets":0.178,"drain_pages":0.004,"enqueue":0.32,"evict":0.278,"player_chunk":0.011,"prune":0.017,"publish":16.564,"queue_pages":0.076,"spawn":0.002,"wrap":0.006}
STREAMING_STEP_TIMING total=7.41ms {"drain_packets":0.188,"drain_pages":0.006,"enqueue":0.319,"evict":0.288,"player_chunk":0.015,"prune":0.016,"publish":6.483,"queue_pages":0.077,"spawn":0.002,"wrap":0.009}
STREAMING_STEP_TIMING total=17.43ms {"drain_packets":0.007,"drain_pages":0.004,"enqueue":0.32,"evict":0.285,"player_chunk":0.017,"prune":0.012,"publish":16.689,"queue_pages":0.077,"spawn":0.002,"wrap":0.011}
STREAMING_STEP_TIMING total=7.00ms {"drain_packets":0.006,"drain_pages":0.005,"enqueue":0.312,"evict":0.288,"player_chunk":0.014,"prune":0.012,"publish":6.273,"queue_pages":0.074,"spawn":0.003,"wrap":0.008}
STREAMING_STEP_TIMING total=17.51ms {"drain_packets":0.007,"drain_pages":0.004,"enqueue":0.331,"evict":0.344,"player_chunk":0.015,"prune":0.008,"publish":16.719,"queue_pages":0.074,"spawn":0.002,"wrap":0.006}
STREAMING_STEP_TIMING total=7.48ms {"drain_packets":0.007,"drain_pages":0.006,"enqueue":0.315,"evict":0.297,"player_chunk":0.014,"prune":0.008,"publish":6.743,"queue_pages":0.075,"spawn":0.002,"wrap":0.009}
STREAMING_STEP_TIMING total=18.10ms {"drain_packets":0.007,"drain_pages":0.005,"enqueue":0.332,"evict":0.303,"player_chunk":0.016,"prune":0.002,"publish":17.343,"queue_pages":0.076,"spawn":0.002,"wrap":0.011}
ERROR: Parameter "t" is null.
   at: texture_2d_get (./servers/rendering/dummy/storage/texture_storage.h:106)
   GDScript backtrace (most recent call first):
       [0] _capture_viewport (res://tools/runtime_mountain_raster_walk_probe.gd:440)
       [1] _run (res://tools/runtime_mountain_raster_walk_probe.gd:96)
       [2] _wait_until_settled (res://tools/runtime_mountain_raster_walk_probe.gd:293)
[FrameBudget] streaming=2.9ms topology=0.0ms visual=0.0ms spawn=0.0ms total=2.9ms/6.0ms world.streaming_v0=2.9ms(60)
STREAMING_STEP_TIMING total=17.66ms {"drain_packets":0.006,"drain_pages":0.004,"enqueue":0.391,"evict":0.224,"player_chunk":4.483,"prune":0.03,"publish":12.024,"queue_pages":0.482,"spawn":0.003,"wrap":0.013}
STREAMING_STEP_TIMING total=19.47ms {"drain_packets":1.257,"drain_pages":0.006,"enqueue":0.31,"evict":0.255,"player_chunk":0.014,"prune":0.028,"publish":16.272,"queue_pages":1.318,"spawn":0.002,"wrap":0.007}
[FrameBudget] streaming=1.2ms topology=0.0ms visual=0.0ms spawn=0.0ms total=1.2ms/6.0ms world.streaming_v0=1.2ms(60)
STREAMING_STEP_TIMING total=18.75ms {"drain_packets":0.009,"drain_pages":0.005,"enqueue":0.464,"evict":18.032,"player_chunk":0.018,"prune":0.036,"publish":0.051,"queue_pages":0.109,"spawn":0.003,"wrap":0.012}
STREAMING_STEP_TIMING total=7.66ms {"drain_packets":0.006,"drain_pages":0.142,"enqueue":0.371,"evict":0.364,"player_chunk":0.012,"prune":0.026,"publish":6.604,"queue_pages":0.127,"spawn":0.001,"wrap":0.007}
STREAMING_STEP_TIMING total=20.10ms {"drain_packets":0.007,"drain_pages":0.006,"enqueue":0.384,"evict":0.324,"player_chunk":0.016,"prune":0.024,"publish":19.239,"queue_pages":0.087,"spawn":0.002,"wrap":0.01}
STREAMING_STEP_TIMING total=7.36ms {"drain_packets":0.008,"drain_pages":0.006,"enqueue":0.385,"evict":0.326,"player_chunk":0.021,"prune":0.022,"publish":6.495,"queue_pages":0.085,"spawn":0.003,"wrap":0.011}
STREAMING_STEP_TIMING total=19.85ms {"drain_packets":0.009,"drain_pages":0.005,"enqueue":0.378,"evict":0.384,"player_chunk":0.021,"prune":0.017,"publish":18.934,"queue_pages":0.082,"spawn":0.003,"wrap":0.011}
STREAMING_STEP_TIMING total=7.80ms {"drain_packets":0.011,"drain_pages":0.006,"enqueue":0.465,"evict":0.288,"player_chunk":0.031,"prune":0.022,"publish":6.857,"queue_pages":0.091,"spawn":0.004,"wrap":0.021}
STREAMING_STEP_TIMING total=18.79ms {"drain_packets":0.006,"drain_pages":0.004,"enqueue":0.314,"evict":0.295,"player_chunk":0.015,"prune":0.012,"publish":18.055,"queue_pages":0.08,"spawn":0.003,"wrap":0.008}
STREAMING_STEP_TIMING total=7.10ms {"drain_packets":0.007,"drain_pages":0.005,"enqueue":0.312,"evict":0.291,"player_chunk":0.018,"prune":0.011,"publish":6.356,"queue_pages":0.083,"spawn":0.002,"wrap":0.011}
STREAMING_STEP_TIMING total=19.88ms {"drain_packets":0.007,"drain_pages":0.005,"enqueue":0.318,"evict":0.352,"player_chunk":0.019,"prune":0.008,"publish":19.081,"queue_pages":0.072,"spawn":0.003,"wrap":0.013}
STREAMING_STEP_TIMING total=8.33ms {"drain_packets":0.008,"drain_pages":0.006,"enqueue":0.402,"evict":0.281,"player_chunk":0.019,"prune":0.009,"publish":7.506,"queue_pages":0.088,"spawn":0.003,"wrap":0.007}
STREAMING_STEP_TIMING total=19.01ms {"drain_packets":0.007,"drain_pages":0.004,"enqueue":0.311,"evict":0.351,"player_chunk":0.013,"prune":0.001,"publish":18.243,"queue_pages":0.07,"spawn":0.002,"wrap":0.007}
[FrameBudget] streaming=1.8ms topology=0.0ms visual=0.0ms spawn=0.0ms total=1.8ms/6.0ms world.streaming_v0=1.8ms(60)
[FrameBudget] streaming=0.9ms topology=0.0ms visual=0.0ms spawn=0.0ms total=0.9ms/6.0ms world.streaming_v0=0.9ms(60)
STREAMING_STEP_TIMING total=12.00ms {"drain_packets":0.007,"drain_pages":0.006,"enqueue":0.347,"evict":0.271,"player_chunk":4.458,"prune":0.049,"publish":6.402,"queue_pages":0.438,"spawn":0.005,"wrap":0.018}
STREAMING_STEP_TIMING total=21.77ms {"drain_packets":0.459,"drain_pages":0.006,"enqueue":0.327,"evict":0.261,"player_chunk":0.019,"prune":0.028,"publish":19.668,"queue_pages":0.99,"spawn":0.002,"wrap":0.012}
STREAMING_STEP_TIMING total=13.02ms {"drain_packets":0.275,"drain_pages":0.007,"enqueue":0.531,"evict":1.053,"player_chunk":0.018,"prune":0.043,"publish":10.978,"queue_pages":0.093,"spawn":0.003,"wrap":0.011}
STREAMING_STEP_TIMING total=25.61ms {"drain_packets":0.258,"drain_pages":0.007,"enqueue":0.473,"evict":0.931,"player_chunk":0.019,"prune":0.033,"publish":23.771,"queue_pages":0.104,"spawn":0.003,"wrap":0.012}
STREAMING_STEP_TIMING total=15.44ms {"drain_packets":0.256,"drain_pages":0.008,"enqueue":0.405,"evict":0.965,"player_chunk":0.018,"prune":0.03,"publish":13.586,"queue_pages":0.153,"spawn":0.004,"wrap":0.011}
STREAMING_STEP_TIMING total=25.66ms {"drain_packets":0.163,"drain_pages":0.006,"enqueue":0.397,"evict":0.83,"player_chunk":0.015,"prune":0.024,"publish":24.122,"queue_pages":0.095,"spawn":0.003,"wrap":0.008}
STREAMING_STEP_TIMING total=11.24ms {"drain_packets":0.145,"drain_pages":0.009,"enqueue":0.407,"evict":0.439,"player_chunk":0.016,"prune":0.023,"publish":10.083,"queue_pages":0.108,"spawn":0.003,"wrap":0.009}
STREAMING_STEP_TIMING total=26.42ms {"drain_packets":0.119,"drain_pages":0.13,"enqueue":0.4,"evict":0.388,"player_chunk":0.017,"prune":0.018,"publish":25.241,"queue_pages":0.091,"spawn":0.002,"wrap":0.009}
STREAMING_STEP_TIMING total=10.10ms {"drain_packets":0.245,"drain_pages":0.007,"enqueue":0.495,"evict":0.39,"player_chunk":0.018,"prune":0.023,"publish":8.807,"queue_pages":0.097,"spawn":0.003,"wrap":0.01}
STREAMING_STEP_TIMING total=24.01ms {"drain_packets":0.009,"drain_pages":0.007,"enqueue":0.436,"evict":0.394,"player_chunk":0.021,"prune":0.015,"publish":23.008,"queue_pages":0.104,"spawn":0.003,"wrap":0.007}
STREAMING_STEP_TIMING total=9.70ms {"drain_packets":0.009,"drain_pages":0.005,"enqueue":0.445,"evict":0.419,"player_chunk":0.018,"prune":0.015,"publish":8.672,"queue_pages":0.106,"spawn":0.003,"wrap":0.01}
STREAMING_STEP_TIMING total=23.29ms {"drain_packets":0.008,"drain_pages":0.005,"enqueue":0.452,"evict":0.426,"player_chunk":0.02,"prune":0.01,"publish":22.235,"queue_pages":0.113,"spawn":0.002,"wrap":0.011}
STREAMING_STEP_TIMING total=6.75ms {"drain_packets":0.004,"drain_pages":0.108,"enqueue":0.375,"evict":0.35,"player_chunk":0.013,"prune":0.008,"publish":5.814,"queue_pages":0.07,"spawn":0.001,"wrap":0.008}
STREAMING_STEP_TIMING total=19.05ms {"drain_packets":0.008,"drain_pages":0.006,"enqueue":0.38,"evict":0.297,"player_chunk":0.019,"prune":0.002,"publish":18.226,"queue_pages":0.084,"spawn":0.002,"wrap":0.018}
ERROR: Parameter "t" is null.
   at: texture_2d_get (./servers/rendering/dummy/storage/texture_storage.h:106)
   GDScript backtrace (most recent call first):
       [0] _capture_viewport (res://tools/runtime_mountain_raster_walk_probe.gd:440)
       [1] _run (res://tools/runtime_mountain_raster_walk_probe.gd:96)
       [2] _wait_until_settled (res://tools/runtime_mountain_raster_walk_probe.gd:293)
STREAMING_STEP_TIMING total=7.66ms {"drain_packets":0.006,"drain_pages":0.004,"enqueue":0.303,"evict":0.409,"player_chunk":4.429,"prune":0.039,"publish":0.415,"queue_pages":2.038,"spawn":0.002,"wrap":0.008}
[FrameBudget] streaming=3.8ms topology=0.0ms visual=0.0ms spawn=0.0ms total=3.8ms/6.0ms world.streaming_v0=3.8ms(60)
STREAMING_STEP_TIMING total=55.11ms {"drain_packets":0.011,"drain_pages":0.007,"enqueue":54.366,"evict":0.347,"player_chunk":0.014,"prune":0.055,"publish":0.175,"queue_pages":0.12,"spawn":0.002,"wrap":0.009}
STREAMING_STEP_TIMING total=11.78ms {"drain_packets":0.01,"drain_pages":0.163,"enqueue":0.512,"evict":0.41,"player_chunk":0.016,"prune":0.057,"publish":10.475,"queue_pages":0.115,"spawn":0.004,"wrap":0.011}
STREAMING_STEP_TIMING total=22.51ms {"drain_packets":0.009,"drain_pages":0.005,"enqueue":0.448,"evict":0.367,"player_chunk":0.021,"prune":0.037,"publish":21.499,"queue_pages":0.112,"spawn":0.002,"wrap":0.012}
STREAMING_STEP_TIMING total=10.55ms {"drain_packets":0.028,"drain_pages":0.171,"enqueue":0.445,"evict":0.32,"player_chunk":0.017,"prune":0.05,"publish":9.369,"queue_pages":0.129,"spawn":0.003,"wrap":0.011}
STREAMING_STEP_TIMING total=20.82ms {"drain_packets":0.009,"drain_pages":0.132,"enqueue":0.384,"evict":0.316,"player_chunk":0.019,"prune":0.027,"publish":19.825,"queue_pages":0.09,"spawn":0.003,"wrap":0.011}
STREAMING_STEP_TIMING total=7.69ms {"drain_packets":0.008,"drain_pages":0.005,"enqueue":0.391,"evict":0.305,"player_chunk":0.016,"prune":0.028,"publish":6.836,"queue_pages":0.085,"spawn":0.003,"wrap":0.008}
STREAMING_STEP_TIMING total=19.22ms {"drain_packets":0.007,"drain_pages":0.004,"enqueue":0.392,"evict":0.318,"player_chunk":0.013,"prune":0.022,"publish":18.372,"queue_pages":0.082,"spawn":0.002,"wrap":0.009}
STREAMING_STEP_TIMING total=9.57ms {"drain_packets":0.007,"drain_pages":0.006,"enqueue":0.392,"evict":0.276,"player_chunk":0.016,"prune":0.024,"publish":8.753,"queue_pages":0.083,"spawn":0.002,"wrap":0.009}
STREAMING_STEP_TIMING total=18.45ms {"drain_packets":0.008,"drain_pages":0.005,"enqueue":0.319,"evict":0.295,"player_chunk":0.017,"prune":0.016,"publish":17.702,"queue_pages":0.077,"spawn":0.002,"wrap":0.007}
STREAMING_STEP_TIMING total=6.94ms {"drain_packets":0.007,"drain_pages":0.004,"enqueue":0.318,"evict":0.287,"player_chunk":0.014,"prune":0.016,"publish":6.204,"queue_pages":0.077,"spawn":0.003,"wrap":0.008}
STREAMING_STEP_TIMING total=17.48ms {"drain_packets":0.007,"drain_pages":0.004,"enqueue":0.315,"evict":0.347,"player_chunk":0.016,"prune":0.011,"publish":16.686,"queue_pages":0.079,"spawn":0.003,"wrap":0.01}
STREAMING_STEP_TIMING total=7.04ms {"drain_packets":0.006,"drain_pages":0.005,"enqueue":0.32,"evict":0.28,"player_chunk":0.013,"prune":0.012,"publish":6.32,"queue_pages":0.077,"spawn":0.002,"wrap":0.008}
STREAMING_STEP_TIMING total=19.00ms {"drain_packets":0.005,"drain_pages":0.003,"enqueue":0.313,"evict":0.3,"player_chunk":0.012,"prune":0.007,"publish":18.28,"queue_pages":0.071,"spawn":0.001,"wrap":0.007}
STREAMING_STEP_TIMING total=8.40ms {"drain_packets":0.007,"drain_pages":0.004,"enqueue":0.31,"evict":0.381,"player_chunk":0.015,"prune":0.008,"publish":7.585,"queue_pages":0.076,"spawn":0.002,"wrap":0.009}
STREAMING_STEP_TIMING total=20.53ms {"drain_packets":0.009,"drain_pages":0.006,"enqueue":0.388,"evict":0.319,"player_chunk":0.018,"prune":0.002,"publish":19.692,"queue_pages":0.085,"spawn":0.002,"wrap":0.007}
[FrameBudget] streaming=3.2ms topology=0.0ms visual=0.0ms spawn=0.0ms total=3.2ms/6.0ms world.streaming_v0=3.2ms(60)
[FrameBudget] streaming=0.9ms topology=0.0ms visual=0.0ms spawn=0.0ms total=0.9ms/6.0ms world.streaming_v0=0.9ms(60)
STREAMING_STEP_TIMING total=11.51ms {"drain_packets":0.008,"drain_pages":0.004,"enqueue":0.324,"evict":0.365,"player_chunk":4.515,"prune":0.03,"publish":6.177,"queue_pages":0.074,"spawn":0.002,"wrap":0.009}
STREAMING_STEP_TIMING total=19.34ms {"drain_packets":0.006,"drain_pages":0.005,"enqueue":0.32,"evict":0.888,"player_chunk":0.012,"prune":0.027,"publish":18.001,"queue_pages":0.075,"spawn":0.002,"wrap":0.007}
STREAMING_STEP_TIMING total=10.01ms {"drain_packets":0.178,"drain_pages":0.005,"enqueue":0.325,"evict":0.578,"player_chunk":0.014,"prune":0.027,"publish":8.773,"queue_pages":0.097,"spawn":0.003,"wrap":0.008}
STREAMING_STEP_TIMING total=19.93ms {"drain_packets":0.102,"drain_pages":0.009,"enqueue":0.496,"evict":0.37,"player_chunk":0.02,"prune":0.037,"publish":18.765,"queue_pages":0.11,"spawn":0.003,"wrap":0.011}
STREAMING_STEP_TIMING total=8.68ms {"drain_packets":0.244,"drain_pages":0.005,"enqueue":0.323,"evict":0.882,"player_chunk":0.013,"prune":0.023,"publish":7.1,"queue_pages":0.076,"spawn":0.002,"wrap":0.007}
STREAMING_STEP_TIMING total=17.75ms {"drain_packets":0.246,"drain_pages":0.006,"enqueue":0.329,"evict":0.381,"player_chunk":0.015,"prune":0.02,"publish":16.671,"queue_pages":0.074,"spawn":0.002,"wrap":0.007}
STREAMING_STEP_TIMING total=9.15ms {"drain_packets":0.215,"drain_pages":0.006,"enqueue":0.323,"evict":0.796,"player_chunk":0.014,"prune":0.021,"publish":7.687,"queue_pages":0.075,"spawn":0.003,"wrap":0.007}
STREAMING_STEP_TIMING total=21.23ms {"drain_packets":0.207,"drain_pages":0.006,"enqueue":0.336,"evict":0.284,"player_chunk":0.016,"prune":0.017,"publish":20.264,"queue_pages":0.085,"spawn":0.003,"wrap":0.009}
STREAMING_STEP_TIMING total=7.18ms {"drain_packets":0.161,"drain_pages":0.005,"enqueue":0.313,"evict":0.267,"player_chunk":0.014,"prune":0.016,"publish":6.318,"queue_pages":0.077,"spawn":0.003,"wrap":0.008}
STREAMING_STEP_TIMING total=17.10ms {"drain_packets":0.005,"drain_pages":0.003,"enqueue":0.317,"evict":0.276,"player_chunk":0.012,"prune":0.011,"publish":16.395,"queue_pages":0.07,"spawn":0.002,"wrap":0.008}
STREAMING_STEP_TIMING total=7.06ms {"drain_packets":0.01,"drain_pages":0.007,"enqueue":0.31,"evict":0.297,"player_chunk":0.015,"prune":0.015,"publish":6.275,"queue_pages":0.118,"spawn":0.002,"wrap":0.008}
STREAMING_STEP_TIMING total=17.51ms {"drain_packets":0.007,"drain_pages":0.005,"enqueue":0.321,"evict":0.3,"player_chunk":0.017,"prune":0.008,"publish":16.763,"queue_pages":0.076,"spawn":0.002,"wrap":0.006}
STREAMING_STEP_TIMING total=6.88ms {"drain_packets":0.007,"drain_pages":0.004,"enqueue":0.32,"evict":0.276,"player_chunk":0.014,"prune":0.008,"publish":6.156,"queue_pages":0.078,"spawn":0.003,"wrap":0.008}
STREAMING_STEP_TIMING total=17.58ms {"drain_packets":0.006,"drain_pages":0.003,"enqueue":0.303,"evict":0.296,"player_chunk":0.012,"prune":0.002,"publish":16.882,"queue_pages":0.068,"spawn":0.002,"wrap":0.007}
[FrameBudget] streaming=3.0ms topology=0.0ms visual=0.0ms spawn=0.0ms total=3.0ms/6.0ms world.streaming_v0=3.0ms(60)
STREAMING_STEP_TIMING total=11.49ms {"drain_packets":0.007,"drain_pages":0.005,"enqueue":0.317,"evict":0.225,"player_chunk":4.491,"prune":0.03,"publish":6.319,"queue_pages":0.073,"spawn":0.005,"wrap":0.017}
STREAMING_STEP_TIMING total=17.79ms {"drain_packets":0.005,"drain_pages":0.003,"enqueue":0.326,"evict":0.226,"player_chunk":0.013,"prune":0.028,"publish":17.102,"queue_pages":0.074,"spawn":0.002,"wrap":0.006}
STREAMING_STEP_TIMING total=7.23ms {"drain_packets":0.204,"drain_pages":0.005,"enqueue":0.338,"evict":0.276,"player_chunk":0.014,"prune":0.029,"publish":6.274,"queue_pages":0.078,"spawn":0.003,"wrap":0.007}
STREAMING_STEP_TIMING total=17.44ms {"drain_packets":0.232,"drain_pages":0.006,"enqueue":0.39,"evict":0.286,"player_chunk":0.014,"prune":0.034,"publish":16.398,"queue_pages":0.073,"spawn":0.002,"wrap":0.007}
STREAMING_STEP_TIMING total=7.34ms {"drain_packets":0.182,"drain_pages":0.005,"enqueue":0.325,"evict":0.294,"player_chunk":0.014,"prune":0.023,"publish":6.415,"queue_pages":0.075,"spawn":0.002,"wrap":0.007}
STREAMING_STEP_TIMING total=18.08ms {"drain_packets":0.182,"drain_pages":0.005,"enqueue":0.34,"evict":0.39,"player_chunk":0.013,"prune":0.019,"publish":17.043,"queue_pages":0.077,"spawn":0.002,"wrap":0.006}
STREAMING_STEP_TIMING total=8.67ms {"drain_packets":0.182,"drain_pages":0.006,"enqueue":0.338,"evict":0.329,"player_chunk":0.014,"prune":0.019,"publish":7.692,"queue_pages":0.077,"spawn":0.002,"wrap":0.007}
STREAMING_STEP_TIMING total=17.41ms {"drain_packets":0.179,"drain_pages":0.004,"enqueue":0.354,"evict":0.27,"player_chunk":0.012,"prune":0.015,"publish":16.495,"queue_pages":0.072,"spawn":0.001,"wrap":0.006}
STREAMING_STEP_TIMING total=7.33ms {"drain_packets":0.186,"drain_pages":0.005,"enqueue":0.309,"evict":0.295,"player_chunk":0.014,"prune":0.015,"publish":6.413,"queue_pages":0.075,"spawn":0.003,"wrap":0.008}
STREAMING_STEP_TIMING total=17.26ms {"drain_packets":0.008,"drain_pages":0.005,"enqueue":0.316,"evict":0.289,"player_chunk":0.018,"prune":0.012,"publish":16.524,"queue_pages":0.077,"spawn":0.002,"wrap":0.01}
STREAMING_STEP_TIMING total=7.41ms {"drain_packets":0.007,"drain_pages":0.005,"enqueue":0.309,"evict":0.283,"player_chunk":0.013,"prune":0.011,"publish":6.687,"queue_pages":0.077,"spawn":0.008,"wrap":0.009}
STREAMING_STEP_TIMING total=17.26ms {"drain_packets":0.006,"drain_pages":0.003,"enqueue":0.321,"evict":0.284,"player_chunk":0.012,"prune":0.007,"publish":16.541,"queue_pages":0.073,"spawn":0.002,"wrap":0.008}
STREAMING_STEP_TIMING total=11.43ms {"drain_packets":0.011,"drain_pages":0.006,"enqueue":0.491,"evict":0.454,"player_chunk":0.019,"prune":0.013,"publish":10.24,"queue_pages":0.176,"spawn":0.003,"wrap":0.012}
STREAMING_STEP_TIMING total=18.51ms {"drain_packets":0.01,"drain_pages":0.006,"enqueue":0.493,"evict":0.369,"player_chunk":0.024,"prune":0.004,"publish":17.48,"queue_pages":0.107,"spawn":0.003,"wrap":0.013}
[FrameBudget] streaming=2.9ms topology=0.0ms visual=0.0ms spawn=0.0ms total=2.9ms/6.0ms world.streaming_v0=2.9ms(60)
[FrameBudget] streaming=0.8ms topology=0.0ms visual=0.0ms spawn=0.0ms total=0.8ms/6.0ms world.streaming_v0=0.8ms(60)
[FrameBudget] streaming=0.8ms topology=0.0ms visual=0.0ms spawn=0.0ms total=0.8ms/6.0ms world.streaming_v0=0.8ms(60)
ERROR: Parameter "t" is null.
   at: texture_2d_get (./servers/rendering/dummy/storage/texture_storage.h:106)
   GDScript backtrace (most recent call first):
       [0] _capture_viewport (res://tools/runtime_mountain_raster_walk_probe.gd:440)
       [1] _run (res://tools/runtime_mountain_raster_walk_probe.gd:96)
       [2] _wait_until_settled (res://tools/runtime_mountain_raster_walk_probe.gd:293)
[FrameBudget] streaming=0.9ms topology=0.0ms visual=0.0ms spawn=0.0ms total=0.9ms/6.0ms world.streaming_v0=0.9ms(60)
[FrameBudget] streaming=0.9ms topology=0.0ms visual=0.0ms spawn=0.0ms total=0.9ms/6.0ms world.streaming_v0=0.9ms(60)
[FrameBudget] streaming=0.9ms topology=0.0ms visual=0.0ms spawn=0.0ms total=0.9ms/6.0ms world.streaming_v0=0.9ms(60)
[FrameBudget] streaming=0.9ms topology=0.0ms visual=0.0ms spawn=0.0ms total=0.9ms/6.0ms world.streaming_v0=0.9ms(60)
STREAMING_STEP_TIMING total=13.99ms {"drain_packets":0.007,"drain_pages":0.005,"enqueue":0.327,"evict":0.24,"player_chunk":4.493,"prune":0.052,"publish":7.553,"queue_pages":1.307,"spawn":0.001,"wrap":0.006}
STREAMING_STEP_TIMING total=19.82ms {"drain_packets":0.006,"drain_pages":0.004,"enqueue":0.333,"evict":0.625,"player_chunk":0.013,"prune":0.05,"publish":18.681,"queue_pages":0.09,"spawn":0.002,"wrap":0.009}
STREAMING_STEP_TIMING total=25.26ms {"drain_packets":0.473,"drain_pages":0.009,"enqueue":1.064,"evict":0.29,"player_chunk":0.026,"prune":0.067,"publish":23.159,"queue_pages":0.147,"spawn":0.006,"wrap":0.018}
STREAMING_STEP_TIMING total=12.76ms {"drain_packets":0.252,"drain_pages":0.007,"enqueue":0.485,"evict":0.413,"player_chunk":0.019,"prune":0.067,"publish":11.389,"queue_pages":0.113,"spawn":0.003,"wrap":0.011}
STREAMING_STEP_TIMING total=26.10ms {"drain_packets":0.265,"drain_pages":0.007,"enqueue":0.644,"evict":0.919,"player_chunk":0.019,"prune":0.068,"publish":24.047,"queue_pages":0.116,"spawn":0.003,"wrap":0.012}
STREAMING_STEP_TIMING total=13.82ms {"drain_packets":0.307,"drain_pages":0.007,"enqueue":0.499,"evict":0.299,"player_chunk":0.035,"prune":0.063,"publish":12.482,"queue_pages":0.113,"spawn":0.005,"wrap":0.012}
[FrameBudget] streaming=1.6ms topology=0.0ms visual=0.0ms spawn=0.0ms total=1.6ms/6.0ms world.streaming_v0=1.6ms(60)
STREAMING_STEP_TIMING total=28.81ms {"drain_packets":0.283,"drain_pages":0.009,"enqueue":0.542,"evict":0.292,"player_chunk":0.026,"prune":0.059,"publish":27.454,"queue_pages":0.119,"spawn":0.006,"wrap":0.017}
STREAMING_STEP_TIMING total=18.61ms {"drain_packets":0.265,"drain_pages":0.007,"enqueue":0.472,"evict":0.276,"player_chunk":0.019,"prune":0.056,"publish":17.386,"queue_pages":0.116,"spawn":0.002,"wrap":0.011}
STREAMING_STEP_TIMING total=6.59ms {"drain_packets":0.008,"drain_pages":0.118,"enqueue":0.385,"evict":0.29,"player_chunk":0.027,"prune":0.042,"publish":5.613,"queue_pages":0.081,"spawn":0.004,"wrap":0.02}
STREAMING_STEP_TIMING total=19.38ms {"drain_packets":0.007,"drain_pages":0.004,"enqueue":0.378,"evict":0.303,"player_chunk":0.017,"prune":0.036,"publish":18.542,"queue_pages":0.081,"spawn":0.002,"wrap":0.009}
STREAMING_STEP_TIMING total=8.15ms {"drain_packets":0.006,"drain_pages":0.005,"enqueue":0.38,"evict":0.313,"player_chunk":0.017,"prune":0.036,"publish":7.303,"queue_pages":0.079,"spawn":0.002,"wrap":0.009}
STREAMING_STEP_TIMING total=20.77ms {"drain_packets":0.008,"drain_pages":0.006,"enqueue":0.391,"evict":0.318,"player_chunk":0.018,"prune":0.032,"publish":19.899,"queue_pages":0.086,"spawn":0.002,"wrap":0.01}
STREAMING_STEP_TIMING total=7.74ms {"drain_packets":0.006,"drain_pages":0.005,"enqueue":0.381,"evict":0.246,"player_chunk":0.016,"prune":0.033,"publish":6.968,"queue_pages":0.072,"spawn":0.003,"wrap":0.009}
STREAMING_STEP_TIMING total=17.71ms {"drain_packets":0.005,"drain_pages":0.004,"enqueue":0.319,"evict":0.257,"player_chunk":0.012,"prune":0.023,"publish":17.012,"queue_pages":0.069,"spawn":0.002,"wrap":0.006}
STREAMING_STEP_TIMING total=6.55ms {"drain_packets":0.008,"drain_pages":0.006,"enqueue":0.498,"evict":0.258,"player_chunk":0.019,"prune":0.036,"publish":5.623,"queue_pages":0.089,"spawn":0.004,"wrap":0.012}
STREAMING_STEP_TIMING total=16.65ms {"drain_packets":0.005,"drain_pages":0.003,"enqueue":0.306,"evict":0.283,"player_chunk":0.013,"prune":0.019,"publish":15.946,"queue_pages":0.068,"spawn":0.002,"wrap":0.007}
STREAMING_STEP_TIMING total=8.62ms {"drain_packets":0.006,"drain_pages":0.004,"enqueue":0.317,"evict":0.273,"player_chunk":0.015,"prune":0.02,"publish":7.905,"queue_pages":0.067,"spawn":0.003,"wrap":0.008}
STREAMING_STEP_TIMING total=19.86ms {"drain_packets":0.008,"drain_pages":0.004,"enqueue":0.315,"evict":0.279,"player_chunk":0.017,"prune":0.015,"publish":19.128,"queue_pages":0.078,"spawn":0.002,"wrap":0.011}
STREAMING_STEP_TIMING total=7.02ms {"drain_packets":0.005,"drain_pages":0.004,"enqueue":0.305,"evict":0.277,"player_chunk":0.015,"prune":0.016,"publish":6.312,"queue_pages":0.065,"spawn":0.003,"wrap":0.014}
STREAMING_STEP_TIMING total=18.58ms {"drain_packets":0.007,"drain_pages":0.005,"enqueue":0.319,"evict":0.275,"player_chunk":0.016,"prune":0.011,"publish":17.852,"queue_pages":0.078,"spawn":0.002,"wrap":0.009}
STREAMING_STEP_TIMING total=7.00ms {"drain_packets":0.007,"drain_pages":0.004,"enqueue":0.313,"evict":0.292,"player_chunk":0.021,"prune":0.011,"publish":6.276,"queue_pages":0.066,"spawn":0.002,"wrap":0.01}
STREAMING_STEP_TIMING total=20.08ms {"drain_packets":0.007,"drain_pages":0.004,"enqueue":0.324,"evict":0.292,"player_chunk":0.017,"prune":0.008,"publish":19.337,"queue_pages":0.08,"spawn":0.002,"wrap":0.006}
STREAMING_STEP_TIMING total=7.49ms {"drain_packets":0.005,"drain_pages":0.004,"enqueue":0.31,"evict":0.297,"player_chunk":0.016,"prune":0.008,"publish":6.764,"queue_pages":0.067,"spawn":0.002,"wrap":0.01}
STREAMING_STEP_TIMING total=18.65ms {"drain_packets":0.008,"drain_pages":0.004,"enqueue":0.314,"evict":0.302,"player_chunk":0.019,"prune":0.001,"publish":17.914,"queue_pages":0.078,"spawn":0.002,"wrap":0.011}
ERROR: Parameter "t" is null.
   at: texture_2d_get (./servers/rendering/dummy/storage/texture_storage.h:106)
   GDScript backtrace (most recent call first):
       [0] _capture_viewport (res://tools/runtime_mountain_raster_walk_probe.gd:440)
       [1] _run (res://tools/runtime_mountain_raster_walk_probe.gd:96)
       [2] _wait_until_settled (res://tools/runtime_mountain_raster_walk_probe.gd:293)
[FrameBudget] streaming=3.8ms topology=0.0ms visual=0.0ms spawn=0.0ms total=3.8ms/6.0ms world.streaming_v0=3.8ms(60)
[FrameBudget] streaming=0.9ms topology=0.0ms visual=0.0ms spawn=0.0ms total=0.9ms/6.0ms world.streaming_v0=0.9ms(60)
[FrameBudget] streaming=0.9ms topology=0.0ms visual=0.0ms spawn=0.0ms total=0.9ms/6.0ms world.streaming_v0=0.9ms(60)
[FrameBudget] streaming=0.9ms topology=0.0ms visual=0.0ms spawn=0.0ms total=0.9ms/6.0ms world.streaming_v0=0.9ms(60)
STREAMING_STEP_TIMING total=15.04ms {"drain_packets":0.006,"drain_pages":0.004,"enqueue":0.363,"evict":0.334,"player_chunk":4.434,"prune":0.06,"publish":8.458,"queue_pages":1.369,"spawn":0.002,"wrap":0.006}
STREAMING_STEP_TIMING total=31.90ms {"drain_packets":2.253,"drain_pages":0.008,"enqueue":0.461,"evict":0.267,"player_chunk":0.019,"prune":0.077,"publish":27.603,"queue_pages":1.191,"spawn":0.003,"wrap":0.011}
[FrameBudget] streaming=1.5ms topology=0.0ms visual=0.0ms spawn=0.0ms total=1.5ms/6.0ms world.streaming_v0=1.5ms(60)
STREAMING_STEP_TIMING total=45.64ms {"drain_packets":0.005,"drain_pages":0.003,"enqueue":0.456,"evict":44.892,"player_chunk":0.013,"prune":0.07,"publish":0.084,"queue_pages":0.103,"spawn":0.001,"wrap":0.009}
STREAMING_STEP_TIMING total=7.75ms {"drain_packets":0.007,"drain_pages":0.12,"enqueue":0.456,"evict":0.349,"player_chunk":0.019,"prune":0.063,"publish":6.621,"queue_pages":0.091,"spawn":0.004,"wrap":0.012}
STREAMING_STEP_TIMING total=23.94ms {"drain_packets":0.01,"drain_pages":0.006,"enqueue":0.499,"evict":0.322,"player_chunk":0.022,"prune":0.078,"publish":22.867,"queue_pages":0.12,"spawn":0.003,"wrap":0.012}
STREAMING_STEP_TIMING total=8.74ms {"drain_packets":0.011,"drain_pages":0.007,"enqueue":0.452,"evict":0.278,"player_chunk":0.02,"prune":0.085,"publish":7.741,"queue_pages":0.123,"spawn":0.004,"wrap":0.012}
STREAMING_STEP_TIMING total=19.00ms {"drain_packets":0.008,"drain_pages":0.125,"enqueue":0.394,"evict":0.227,"player_chunk":0.018,"prune":0.05,"publish":18.08,"queue_pages":0.092,"spawn":0.002,"wrap":0.007}
STREAMING_STEP_TIMING total=9.93ms {"drain_packets":0.006,"drain_pages":0.004,"enqueue":0.313,"evict":0.383,"player_chunk":0.015,"prune":0.042,"publish":9.078,"queue_pages":0.071,"spawn":0.002,"wrap":0.008}
STREAMING_STEP_TIMING total=24.94ms {"drain_packets":0.009,"drain_pages":0.006,"enqueue":0.447,"evict":0.437,"player_chunk":0.023,"prune":0.053,"publish":23.842,"queue_pages":0.098,"spawn":0.003,"wrap":0.014}
STREAMING_STEP_TIMING total=20.58ms {"drain_packets":0.01,"drain_pages":0.007,"enqueue":0.554,"evict":0.378,"player_chunk":0.023,"prune":0.069,"publish":19.4,"queue_pages":0.12,"spawn":0.004,"wrap":0.015}
STREAMING_STEP_TIMING total=10.31ms {"drain_packets":0.01,"drain_pages":0.007,"enqueue":0.502,"evict":0.348,"player_chunk":0.025,"prune":0.057,"publish":9.22,"queue_pages":0.122,"spawn":0.003,"wrap":0.014}
STREAMING_STEP_TIMING total=27.06ms {"drain_packets":0.013,"drain_pages":0.006,"enqueue":0.905,"evict":0.308,"player_chunk":0.03,"prune":0.079,"publish":25.587,"queue_pages":0.108,"spawn":0.004,"wrap":0.015}
STREAMING_STEP_TIMING total=9.92ms {"drain_packets":0.011,"drain_pages":0.007,"enqueue":0.407,"evict":0.369,"player_chunk":0.023,"prune":0.039,"publish":8.948,"queue_pages":0.103,"spawn":0.003,"wrap":0.009}
STREAMING_STEP_TIMING total=26.30ms {"drain_packets":0.008,"drain_pages":0.005,"enqueue":0.465,"evict":0.408,"player_chunk":0.018,"prune":0.039,"publish":25.243,"queue_pages":0.096,"spawn":0.002,"wrap":0.011}
STREAMING_STEP_TIMING total=9.43ms {"drain_packets":0.012,"drain_pages":0.006,"enqueue":0.496,"evict":0.408,"player_chunk":0.026,"prune":0.043,"publish":8.296,"queue_pages":0.124,"spawn":0.003,"wrap":0.015}
STREAMING_STEP_TIMING total=26.80ms {"drain_packets":0.009,"drain_pages":0.007,"enqueue":0.492,"evict":0.429,"player_chunk":0.02,"prune":0.039,"publish":25.672,"queue_pages":0.112,"spawn":0.003,"wrap":0.013}
STREAMING_STEP_TIMING total=21.50ms {"drain_packets":0.01,"drain_pages":0.007,"enqueue":0.495,"evict":0.413,"player_chunk":0.026,"prune":0.036,"publish":20.375,"queue_pages":0.12,"spawn":0.003,"wrap":0.015}
STREAMING_STEP_TIMING total=8.33ms {"drain_packets":0.009,"drain_pages":0.006,"enqueue":0.491,"evict":0.322,"player_chunk":0.021,"prune":0.031,"publish":7.325,"queue_pages":0.111,"spawn":0.003,"wrap":0.013}
STREAMING_STEP_TIMING total=22.91ms {"drain_packets":0.008,"drain_pages":0.005,"enqueue":0.396,"evict":0.345,"player_chunk":0.025,"prune":0.019,"publish":22.002,"queue_pages":0.091,"spawn":0.003,"wrap":0.008}
STREAMING_STEP_TIMING total=8.47ms {"drain_packets":0.006,"drain_pages":0.005,"enqueue":0.381,"evict":0.347,"player_chunk":0.017,"prune":0.019,"publish":7.594,"queue_pages":0.083,"spawn":0.002,"wrap":0.01}
STREAMING_STEP_TIMING total=21.28ms {"drain_packets":0.008,"drain_pages":0.128,"enqueue":0.386,"evict":0.285,"player_chunk":0.02,"prune":0.013,"publish":20.339,"queue_pages":0.089,"spawn":0.002,"wrap":0.011}
STREAMING_STEP_TIMING total=18.43ms {"drain_packets":0.005,"drain_pages":0.003,"enqueue":0.316,"evict":0.285,"player_chunk":0.011,"prune":0.007,"publish":17.724,"queue_pages":0.07,"spawn":0.001,"wrap":0.006}
STREAMING_STEP_TIMING total=15.37ms {"drain_packets":0.006,"drain_pages":0.004,"enqueue":0.31,"evict":0.304,"player_chunk":0.014,"prune":0.007,"publish":14.642,"queue_pages":0.067,"spawn":0.002,"wrap":0.008}
ERROR: Parameter "t" is null.
   at: texture_2d_get (./servers/rendering/dummy/storage/texture_storage.h:106)
   GDScript backtrace (most recent call first):
       [0] _capture_viewport (res://tools/runtime_mountain_raster_walk_probe.gd:440)
       [1] _run (res://tools/runtime_mountain_raster_walk_probe.gd:96)
       [2] _wait_until_settled (res://tools/runtime_mountain_raster_walk_probe.gd:293)
RUNTIME_MOUNTAIN_RASTER_WALK_PROBE_JSON={"density":0.6,"failed":false,"lake_density":0.0,"mining":{"empty_corner_walks":true,"mining_succeeds":true,"mining_tile":"(2541, 912)","ready":true,"solid_blocks_walk":true},"route_size":7,"seed":131071,"spawn_settled":{"debug":{"applied_source_chunk_count":6,"desired_mountain_chunk_count":6,"dirty":false,"dirty_requires_rebuild":false,"display_image_height":1184,"display_image_width":1152,"display_packet_count":9,"display_ready":true,"display_request_in_flight":false,"display_runtime_clip_half_height_px":560,"display_runtime_clip_half_width_px":560,"display_timing_total_ms":432,"display_worker_elapsed_ms":437,"face_pixels":36648,"hit_mask_ready":true,"hit_mask_solid_pixels":1304251,"image_height":1184,"image_width":1152,"layer_count":6,"missing_mountain_chunk_count":0,"packet_count":9,"queued_source_chunks":["(157, 53)","(156, 53)","(157, 52)","(157, 54)","(158, 53)","(156, 52)","(156, 54)","(158, 52)","(158, 54)"],"request_in_flight":false,"request_to_complete_ms":437,"rim_pixels":11060,"runtime_clip_enabled":true,"runtime_clip_half_height_px":560,"runtime_clip_half_width_px":560,"source_packet_count":9,"success":true,"timing_alpha_ms":99,"timing_blur_ms":22,"timing_normal_ms":16,"timing_paint_ms":143,"timing_total_ms":432,"top_pixels":1268206,"worker_elapsed_ms":437},"elapsed_ms":1427,"frames":60,"ready":true},"steps":[{"debug":{"applied_source_chunk_count":6,"desired_mountain_chunk_count":6,"dirty":false,"dirty_requires_rebuild":false,"display_image_height":1184,"display_image_width":1152,"display_packet_count":9,"display_ready":true,"display_request_in_flight":false,"display_runtime_clip_half_height_px":560,"display_runtime_clip_half_width_px":560,"display_timing_total_ms":432,"display_worker_elapsed_ms":437,"face_pixels":36648,"hit_mask_ready":true,"hit_mask_solid_pixels":1304251,"image_height":1184,"image_width":1152,"layer_count":6,"missing_mountain_chunk_count":0,"packet_count":9,"queued_source_chunks":["(157, 53)","(156, 53)","(157, 52)","(157, 54)","(158, 53)","(156, 52)","(156, 54)","(158, 52)","(158, 54)"],"request_in_flight":false,"request_to_complete_ms":437,"rim_pixels":11060,"runtime_clip_enabled":true,"runtime_clip_half_height_px":560,"runtime_clip_half_width_px":560,"source_packet_count":9,"success":true,"timing_alpha_ms":99,"timing_blur_ms":22,"timing_normal_ms":16,"timing_paint_ms":143,"timing_total_ms":432,"top_pixels":1268206,"worker_elapsed_ms":437},"index":0,"screenshot":"C:/Users/peaceful/Station Peaceful/Station Peaceful/artifacts/runtime_mountain_raster_walk_probe/walk_00.png","screenshot_status":{"error":"viewport_image_null","path":"C:/Users/peaceful/Station Peaceful/Station Peaceful/artifacts/runtime_mountain_raster_walk_probe/walk_00.png","saved":false},"settled":{"debug":{"applied_source_chunk_count":6,"desired_mountain_chunk_count":6,"dirty":false,"dirty_requires_rebuild":false,"display_image_height":1184,"display_image_width":1152,"display_packet_count":9,"display_ready":true,"display_request_in_flight":false,"display_runtime_clip_half_height_px":560,"display_runtime_clip_half_width_px":560,"display_timing_total_ms":432,"display_worker_elapsed_ms":437,"face_pixels":36648,"hit_mask_ready":true,"hit_mask_solid_pixels":1304251,"image_height":1184,"image_width":1152,"layer_count":6,"missing_mountain_chunk_count":0,"packet_count":9,"queued_source_chunks":["(157, 53)","(156, 53)","(157, 52)","(157, 54)","(158, 53)","(156, 52)","(156, 54)","(158, 52)","(158, 54)"],"request_in_flight":false,"request_to_complete_ms":437,"rim_pixels":11060,"runtime_clip_enabled":true,"runtime_clip_half_height_px":560,"runtime_clip_half_width_px":560,"source_packet_count":9,"success":true,"timing_alpha_ms":99,"timing_blur_ms":22,"timing_normal_ms":16,"timing_paint_ms":143,"timing_total_ms":432,"top_pixels":1268206,"worker_elapsed_ms":437},"elapsed_ms":3,"frames":1,"ready":true},"target_chunk":"(154, 54)","target_tile":"(2464, 864)"},{"debug":{"applied_source_chunk_count":11,"desired_mountain_chunk_count":11,"dirty":false,"dirty_requires_rebuild":false,"display_image_height":928,"display_image_width":1152,"display_packet_count":9,"display_ready":true,"display_request_in_flight":false,"display_runtime_clip_half_height_px":560,"display_runtime_clip_half_width_px":560,"display_timing_total_ms":300,"display_worker_elapsed_ms":304,"face_pixels":3,"hit_mask_ready":true,"hit_mask_solid_pixels":938061,"image_height":928,"image_width":1152,"layer_count":11,"missing_mountain_chunk_count":0,"packet_count":9,"queued_source_chunks":["(157, 49)","(156, 49)","(157, 48)","(157, 50)","(158, 49)","(156, 48)","(156, 50)","(158, 48)","(158, 50)"],"request_in_flight":false,"request_to_complete_ms":304,"rim_pixels":4587,"runtime_clip_enabled":true,"runtime_clip_half_height_px":560,"runtime_clip_half_width_px":560,"source_packet_count":9,"success":true,"timing_alpha_ms":68,"timing_blur_ms":27,"timing_normal_ms":11,"timing_paint_ms":84,"timing_total_ms":300,"top_pixels":938142,"worker_elapsed_ms":304},"index":1,"screenshot":"C:/Users/peaceful/Station Peaceful/Station Peaceful/artifacts/runtime_mountain_raster_walk_probe/walk_01.png","screenshot_status":{"error":"viewport_image_null","path":"C:/Users/peaceful/Station Peaceful/Station Peaceful/artifacts/runtime_mountain_raster_walk_probe/walk_01.png","saved":false},"settled":{"debug":{"applied_source_chunk_count":11,"desired_mountain_chunk_count":11,"dirty":false,"dirty_requires_rebuild":false,"display_image_height":928,"display_image_width":1152,"display_packet_count":9,"display_ready":true,"display_request_in_flight":false,"display_runtime_clip_half_height_px":560,"display_runtime_clip_half_width_px":560,"display_timing_total_ms":300,"display_worker_elapsed_ms":304,"face_pixels":3,"hit_mask_ready":true,"hit_mask_solid_pixels":938061,"image_height":928,"image_width":1152,"layer_count":11,"missing_mountain_chunk_count":0,"packet_count":9,"queued_source_chunks":["(157, 49)","(156, 49)","(157, 48)","(157, 50)","(158, 49)","(156, 48)","(156, 50)","(158, 48)","(158, 50)"],"request_in_flight":false,"request_to_complete_ms":304,"rim_pixels":4587,"runtime_clip_enabled":true,"runtime_clip_half_height_px":560,"runtime_clip_half_width_px":560,"source_packet_count":9,"success":true,"timing_alpha_ms":68,"timing_blur_ms":27,"timing_normal_ms":11,"timing_paint_ms":84,"timing_total_ms":300,"top_pixels":938142,"worker_elapsed_ms":304},"elapsed_ms":7,"frames":1,"ready":true},"target_chunk":"(154, 51)","target_tile":"(2472, 816)"},{"debug":{"applied_source_chunk_count":13,"desired_mountain_chunk_count":13,"dirty":false,"dirty_requires_rebuild":false,"display_image_height":1248,"display_image_width":1152,"display_packet_count":9,"display_ready":true,"display_request_in_flight":false,"display_runtime_clip_half_height_px":560,"display_runtime_clip_half_width_px":560,"display_timing_total_ms":364,"display_worker_elapsed_ms":368,"face_pixels":37098,"hit_mask_ready":true,"hit_mask_solid_pixels":1251606,"image_height":1248,"image_width":1152,"layer_count":13,"missing_mountain_chunk_count":0,"packet_count":9,"queued_source_chunks":["(158, 53)","(157, 53)","(158, 52)","(158, 54)","(159, 53)","(157, 52)","(157, 54)","(159, 52)","(159, 54)"],"request_in_flight":false,"request_to_complete_ms":368,"rim_pixels":7310,"runtime_clip_enabled":true,"runtime_clip_half_height_px":560,"runtime_clip_half_width_px":560,"source_packet_count":9,"success":true,"timing_alpha_ms":102,"timing_blur_ms":35,"timing_normal_ms":14,"timing_paint_ms":108,"timing_total_ms":364,"top_pixels":1214908,"worker_elapsed_ms":368},"index":2,"screenshot":"C:/Users/peaceful/Station Peaceful/Station Peaceful/artifacts/runtime_mountain_raster_walk_probe/walk_02.png","screenshot_status":{"error":"viewport_image_null","path":"C:/Users/peaceful/Station Peaceful/Station Peaceful/artifacts/runtime_mountain_raster_walk_probe/walk_02.png","saved":false},"settled":{"debug":{"applied_source_chunk_count":13,"desired_mountain_chunk_count":13,"dirty":false,"dirty_requires_rebuild":false,"display_image_height":1248,"display_image_width":1152,"display_packet_count":9,"display_ready":true,"display_request_in_flight":false,"display_runtime_clip_half_height_px":560,"display_runtime_clip_half_width_px":560,"display_timing_total_ms":364,"display_worker_elapsed_ms":368,"face_pixels":37098,"hit_mask_ready":true,"hit_mask_solid_pixels":1251606,"image_height":1248,"image_width":1152,"layer_count":13,"missing_mountain_chunk_count":0,"packet_count":9,"queued_source_chunks":["(158, 53)","(157, 53)","(158, 52)","(158, 54)","(159, 53)","(157, 52)","(157, 54)","(159, 52)","(159, 54)"],"request_in_flight":false,"request_to_complete_ms":368,"rim_pixels":7310,"runtime_clip_enabled":true,"runtime_clip_half_height_px":560,"runtime_clip_half_width_px":560,"source_packet_count":9,"success":true,"timing_alpha_ms":102,"timing_blur_ms":35,"timing_normal_ms":14,"timing_paint_ms":108,"timing_total_ms":364,"top_pixels":1214908,"worker_elapsed_ms":368},"elapsed_ms":7,"frames":1,"ready":true},"target_chunk":"(155, 52)","target_tile":"(2489, 832)"},{"debug":{"applied_source_chunk_count":15,"desired_mountain_chunk_count":15,"dirty":false,"dirty_requires_rebuild":false,"display_image_height":1312,"display_image_width":1152,"display_packet_count":9,"display_ready":true,"display_request_in_flight":false,"display_runtime_clip_half_height_px":560,"display_runtime_clip_half_width_px":560,"display_timing_total_ms":352,"display_worker_elapsed_ms":357,"face_pixels":1,"hit_mask_ready":true,"hit_mask_solid_pixels":1345170,"image_height":1312,"image_width":1152,"layer_count":15,"missing_mountain_chunk_count":0,"packet_count":9,"queued_source_chunks":["(159, 56)","(158, 56)","(159, 55)","(159, 57)","(160, 56)","(158, 55)","(158, 57)","(160, 55)","(160, 57)"],"request_in_flight":false,"request_to_complete_ms":357,"rim_pixels":5964,"runtime_clip_enabled":true,"runtime_clip_half_height_px":560,"runtime_clip_half_width_px":560,"source_packet_count":9,"success":true,"timing_alpha_ms":72,"timing_blur_ms":19,"timing_normal_ms":15,"timing_paint_ms":110,"timing_total_ms":352,"top_pixels":1345292,"worker_elapsed_ms":357},"index":3,"screenshot":"C:/Users/peaceful/Station Peaceful/Station Peaceful/artifacts/runtime_mountain_raster_walk_probe/walk_03.png","screenshot_status":{"error":"viewport_image_null","path":"C:/Users/peaceful/Station Peaceful/Station Peaceful/artifacts/runtime_mountain_raster_walk_probe/walk_03.png","saved":false},"settled":{"debug":{"applied_source_chunk_count":15,"desired_mountain_chunk_count":15,"dirty":false,"dirty_requires_rebuild":false,"display_image_height":1312,"display_image_width":1152,"display_packet_count":9,"display_ready":true,"display_request_in_flight":false,"display_runtime_clip_half_height_px":560,"display_runtime_clip_half_width_px":560,"display_timing_total_ms":352,"display_worker_elapsed_ms":357,"face_pixels":1,"hit_mask_ready":true,"hit_mask_solid_pixels":1345170,"image_height":1312,"image_width":1152,"layer_count":15,"missing_mountain_chunk_count":0,"packet_count":9,"queued_source_chunks":["(159, 56)","(158, 56)","(159, 55)","(159, 57)","(160, 56)","(158, 55)","(158, 57)","(160, 55)","(160, 57)"],"request_in_flight":false,"request_to_complete_ms":357,"rim_pixels":5964,"runtime_clip_enabled":true,"runtime_clip_half_height_px":560,"runtime_clip_half_width_px":560,"source_packet_count":9,"success":true,"timing_alpha_ms":72,"timing_blur_ms":19,"timing_normal_ms":15,"timing_paint_ms":110,"timing_total_ms":352,"top_pixels":1345292,"worker_elapsed_ms":357},"elapsed_ms":166,"frames":21,"ready":true},"target_chunk":"(156, 53)","target_tile":"(2504, 848)"},{"debug":{"applied_source_chunk_count":13,"desired_mountain_chunk_count":13,"dirty":false,"dirty_requires_rebuild":false,"display_image_height":928,"display_image_width":1152,"display_packet_count":9,"display_ready":true,"display_request_in_flight":false,"display_runtime_clip_half_height_px":560,"display_runtime_clip_half_width_px":560,"display_timing_total_ms":378,"display_worker_elapsed_ms":381,"face_pixels":0,"hit_mask_ready":true,"hit_mask_solid_pixels":852090,"image_height":928,"image_width":1152,"layer_count":13,"missing_mountain_chunk_count":0,"packet_count":9,"queued_source_chunks":["(158, 49)","(157, 49)","(158, 48)","(158, 50)","(159, 49)","(157, 48)","(157, 50)","(159, 48)","(159, 50)"],"request_in_flight":false,"request_to_complete_ms":381,"rim_pixels":8000,"runtime_clip_enabled":true,"runtime_clip_half_height_px":560,"runtime_clip_half_width_px":560,"source_packet_count":9,"success":true,"timing_alpha_ms":105,"timing_blur_ms":28,"timing_normal_ms":12,"timing_paint_ms":134,"timing_total_ms":378,"top_pixels":852228,"worker_elapsed_ms":381},"index":4,"screenshot":"C:/Users/peaceful/Station Peaceful/Station Peaceful/artifacts/runtime_mountain_raster_walk_probe/walk_04.png","screenshot_status":{"error":"viewport_image_null","path":"C:/Users/peaceful/Station Peaceful/Station Peaceful/artifacts/runtime_mountain_raster_walk_probe/walk_04.png","saved":false},"settled":{"debug":{"applied_source_chunk_count":13,"desired_mountain_chunk_count":13,"dirty":false,"dirty_requires_rebuild":false,"display_image_height":928,"display_image_width":1152,"display_packet_count":9,"display_ready":true,"display_request_in_flight":false,"display_runtime_clip_half_height_px":560,"display_runtime_clip_half_width_px":560,"display_timing_total_ms":378,"display_worker_elapsed_ms":381,"face_pixels":0,"hit_mask_ready":true,"hit_mask_solid_pixels":852090,"image_height":928,"image_width":1152,"layer_count":13,"missing_mountain_chunk_count":0,"packet_count":9,"queued_source_chunks":["(158, 49)","(157, 49)","(158, 48)","(158, 50)","(159, 49)","(157, 48)","(157, 50)","(159, 48)","(159, 50)"],"request_in_flight":false,"request_to_complete_ms":381,"rim_pixels":8000,"runtime_clip_enabled":true,"runtime_clip_half_height_px":560,"runtime_clip_half_width_px":560,"source_packet_count":9,"success":true,"timing_alpha_ms":105,"timing_blur_ms":28,"timing_normal_ms":12,"timing_paint_ms":134,"timing_total_ms":378,"top_pixels":852228,"worker_elapsed_ms":381},"elapsed_ms":7,"frames":1,"ready":true},"target_chunk":"(155, 51)","target_tile":"(2480, 816)"},{"debug":{"applied_source_chunk_count":16,"desired_mountain_chunk_count":16,"dirty":false,"dirty_requires_rebuild":false,"display_image_height":1248,"display_image_width":1152,"display_packet_count":9,"display_ready":true,"display_request_in_flight":false,"display_runtime_clip_half_height_px":560,"display_runtime_clip_half_width_px":560,"display_timing_total_ms":459,"display_worker_elapsed_ms":463,"face_pixels":35608,"hit_mask_ready":true,"hit_mask_solid_pixels":1357064,"image_height":1248,"image_width":1152,"layer_count":16,"missing_mountain_chunk_count":0,"packet_count":9,"queued_source_chunks":["(159, 53)","(158, 53)","(159, 52)","(159, 54)","(160, 53)","(158, 52)","(158, 54)","(160, 52)","(160, 54)"],"request_in_flight":false,"request_to_complete_ms":463,"rim_pixels":10279,"runtime_clip_enabled":true,"runtime_clip_half_height_px":560,"runtime_clip_half_width_px":560,"source_packet_count":9,"success":true,"timing_alpha_ms":98,"timing_blur_ms":67,"timing_normal_ms":20,"timing_paint_ms":129,"timing_total_ms":459,"top_pixels":1322018,"worker_elapsed_ms":463},"index":5,"screenshot":"C:/Users/peaceful/Station Peaceful/Station Peaceful/artifacts/runtime_mountain_raster_walk_probe/walk_05.png","screenshot_status":{"error":"viewport_image_null","path":"C:/Users/peaceful/Station Peaceful/Station Peaceful/artifacts/runtime_mountain_raster_walk_probe/walk_05.png","saved":false},"settled":{"debug":{"applied_source_chunk_count":16,"desired_mountain_chunk_count":16,"dirty":false,"dirty_requires_rebuild":false,"display_image_height":1248,"display_image_width":1152,"display_packet_count":9,"display_ready":true,"display_request_in_flight":false,"display_runtime_clip_half_height_px":560,"display_runtime_clip_half_width_px":560,"display_timing_total_ms":459,"display_worker_elapsed_ms":463,"face_pixels":35608,"hit_mask_ready":true,"hit_mask_solid_pixels":1357064,"image_height":1248,"image_width":1152,"layer_count":16,"missing_mountain_chunk_count":0,"packet_count":9,"queued_source_chunks":["(159, 53)","(158, 53)","(159, 52)","(159, 54)","(160, 53)","(158, 52)","(158, 54)","(160, 52)","(160, 54)"],"request_in_flight":false,"request_to_complete_ms":463,"rim_pixels":10279,"runtime_clip_enabled":true,"runtime_clip_half_height_px":560,"runtime_clip_half_width_px":560,"source_packet_count":9,"success":true,"timing_alpha_ms":98,"timing_blur_ms":67,"timing_normal_ms":20,"timing_paint_ms":129,"timing_total_ms":459,"top_pixels":1322018,"worker_elapsed_ms":463},"elapsed_ms":502,"frames":41,"ready":true},"target_chunk":"(156, 52)","target_tile":"(2496, 832)"},{"debug":{"applied_source_chunk_count":18,"desired_mountain_chunk_count":18,"dirty":false,"dirty_requires_rebuild":false,"display_image_height":1312,"display_image_width":1152,"display_packet_count":9,"display_ready":true,"display_request_in_flight":false,"display_runtime_clip_half_height_px":560,"display_runtime_clip_half_width_px":560,"display_timing_total_ms":347,"display_worker_elapsed_ms":351,"face_pixels":633,"hit_mask_ready":true,"hit_mask_solid_pixels":1305027,"image_height":1312,"image_width":1152,"layer_count":18,"missing_mountain_chunk_count":0,"packet_count":9,"queued_source_chunks":["(160, 50)","(159, 50)","(160, 49)","(160, 51)","(161, 50)","(159, 49)","(159, 51)","(161, 49)","(161, 51)"],"request_in_flight":false,"request_to_complete_ms":351,"rim_pixels":5499,"runtime_clip_enabled":true,"runtime_clip_half_height_px":560,"runtime_clip_half_width_px":560,"source_packet_count":9,"success":true,"timing_alpha_ms":66,"timing_blur_ms":20,"timing_normal_ms":16,"timing_paint_ms":112,"timing_total_ms":347,"top_pixels":1304522,"worker_elapsed_ms":351},"index":6,"screenshot":"C:/Users/peaceful/Station Peaceful/Station Peaceful/artifacts/runtime_mountain_raster_walk_probe/walk_06.png","screenshot_status":{"error":"viewport_image_null","path":"C:/Users/peaceful/Station Peaceful/Station Peaceful/artifacts/runtime_mountain_raster_walk_probe/walk_06.png","saved":false},"settled":{"debug":{"applied_source_chunk_count":18,"desired_mountain_chunk_count":18,"dirty":false,"dirty_requires_rebuild":false,"display_image_height":1312,"display_image_width":1152,"display_packet_count":9,"display_ready":true,"display_request_in_flight":false,"display_runtime_clip_half_height_px":560,"display_runtime_clip_half_width_px":560,"display_timing_total_ms":347,"display_worker_elapsed_ms":351,"face_pixels":633,"hit_mask_ready":true,"hit_mask_solid_pixels":1305027,"image_height":1312,"image_width":1152,"layer_count":18,"missing_mountain_chunk_count":0,"packet_count":9,"queued_source_chunks":["(160, 50)","(159, 50)","(160, 49)","(160, 51)","(161, 50)","(159, 49)","(159, 51)","(161, 49)","(161, 51)"],"request_in_flight":false,"request_to_complete_ms":351,"rim_pixels":5499,"runtime_clip_enabled":true,"runtime_clip_half_height_px":560,"runtime_clip_half_width_px":560,"source_packet_count":9,"success":true,"timing_alpha_ms":66,"timing_blur_ms":20,"timing_normal_ms":16,"timing_paint_ms":112,"timing_total_ms":347,"top_pixels":1304522,"worker_elapsed_ms":351},"elapsed_ms":882,"frames":61,"ready":true},"target_chunk":"(157, 53)","target_tile":"(2512, 848)"}]}
WARNING: ObjectDB instances leaked at exit (run with --verbose for details).
   at: cleanup (core/object/object.cpp:2641)
ERROR: 7 resources still in use at exit (run with --verbose for details).
   at: clear (core/io/resource.cpp:810)
