Godot Engine v4.6.2.stable.official.71f334935 - https://godotengine.org

runtime_mountain_raster_walk_probe: start density=0.60
runtime_mountain_raster_walk_probe: route_size=7
STREAMING_STEP_TIMING total=7.59ms {"drain_packets":0.009,"drain_pages":0.007,"enqueue":0.624,"evict":0.014,"player_chunk":0.03,"prune":0.004,"publish":0.003,"queue_pages":0.044,"spawn":6.828,"wrap":0.026}
STREAMING_STEP_TIMING total=33.22ms {"drain_packets":0.263,"drain_pages":0.004,"enqueue":0.015,"evict":0.013,"player_chunk":0.009,"prune":0.002,"publish":32.878,"queue_pages":0.033,"spawn":0.001,"wrap":0.004}
STREAMING_STEP_TIMING total=10.10ms {"drain_packets":3.743,"drain_pages":0.006,"enqueue":0.034,"evict":0.011,"player_chunk":0.015,"prune":0.002,"publish":6.236,"queue_pages":0.041,"spawn":0.003,"wrap":0.008}
STREAMING_STEP_TIMING total=12.85ms {"drain_packets":4.065,"drain_pages":0.012,"enqueue":0.116,"evict":0.028,"player_chunk":0.017,"prune":0.065,"publish":7.681,"queue_pages":0.855,"spawn":0.002,"wrap":0.007}
STREAMING_STEP_TIMING total=16.73ms {"drain_packets":4.466,"drain_pages":0.006,"enqueue":0.245,"evict":0.027,"player_chunk":0.016,"prune":0.187,"publish":8.739,"queue_pages":3.029,"spawn":0.002,"wrap":0.009}
STREAMING_STEP_TIMING total=11.39ms {"drain_packets":1.559,"drain_pages":0.007,"enqueue":0.401,"evict":0.04,"player_chunk":0.021,"prune":0.252,"publish":8.622,"queue_pages":0.472,"spawn":0.003,"wrap":0.014}
STREAMING_STEP_TIMING total=12.38ms {"drain_packets":0.009,"drain_pages":0.006,"enqueue":0.427,"evict":0.03,"player_chunk":0.018,"prune":0.247,"publish":11.473,"queue_pages":0.154,"spawn":0.003,"wrap":0.01}
STREAMING_STEP_TIMING total=11.15ms {"drain_packets":0.01,"drain_pages":0.008,"enqueue":0.79,"evict":0.06,"player_chunk":0.022,"prune":0.251,"publish":9.858,"queue_pages":0.128,"spawn":0.003,"wrap":0.012}
STREAMING_STEP_TIMING total=14.15ms {"drain_packets":0.021,"drain_pages":0.009,"enqueue":0.518,"evict":0.044,"player_chunk":0.026,"prune":0.426,"publish":12.874,"queue_pages":0.205,"spawn":0.003,"wrap":0.02}
STREAMING_STEP_TIMING total=16.13ms {"drain_packets":0.014,"drain_pages":0.007,"enqueue":0.66,"evict":0.055,"player_chunk":0.029,"prune":0.35,"publish":14.72,"queue_pages":0.278,"spawn":0.005,"wrap":0.012}
STREAMING_STEP_TIMING total=16.75ms {"drain_packets":0.012,"drain_pages":0.005,"enqueue":1.758,"evict":0.056,"player_chunk":0.021,"prune":0.326,"publish":14.385,"queue_pages":0.168,"spawn":0.003,"wrap":0.012}
STREAMING_STEP_TIMING total=13.10ms {"drain_packets":0.013,"drain_pages":0.006,"enqueue":0.46,"evict":0.062,"player_chunk":0.025,"prune":0.237,"publish":11.822,"queue_pages":0.454,"spawn":0.004,"wrap":0.017}
STREAMING_STEP_TIMING total=12.64ms {"drain_packets":0.008,"drain_pages":0.006,"enqueue":0.439,"evict":0.053,"player_chunk":0.018,"prune":0.239,"publish":11.747,"queue_pages":0.114,"spawn":0.003,"wrap":0.011}
STREAMING_STEP_TIMING total=11.28ms {"drain_packets":0.011,"drain_pages":0.006,"enqueue":0.44,"evict":0.069,"player_chunk":0.018,"prune":0.248,"publish":10.353,"queue_pages":0.119,"spawn":0.002,"wrap":0.009}
STREAMING_STEP_TIMING total=10.70ms {"drain_packets":0.008,"drain_pages":0.006,"enqueue":0.436,"evict":0.067,"player_chunk":0.019,"prune":0.229,"publish":9.814,"queue_pages":0.11,"spawn":0.002,"wrap":0.011}
STREAMING_STEP_TIMING total=11.90ms {"drain_packets":0.012,"drain_pages":0.007,"enqueue":1.442,"evict":0.076,"player_chunk":0.032,"prune":0.266,"publish":9.92,"queue_pages":0.133,"spawn":0.004,"wrap":0.011}
STREAMING_STEP_TIMING total=18.74ms {"drain_packets":0.008,"drain_pages":0.006,"enqueue":0.483,"evict":0.081,"player_chunk":0.019,"prune":0.245,"publish":17.764,"queue_pages":0.12,"spawn":0.003,"wrap":0.012}
STREAMING_STEP_TIMING total=15.96ms {"drain_packets":0.015,"drain_pages":0.008,"enqueue":1.173,"evict":0.126,"player_chunk":0.026,"prune":0.572,"publish":13.815,"queue_pages":0.199,"spawn":0.003,"wrap":0.015}
STREAMING_STEP_TIMING total=15.04ms {"drain_packets":0.017,"drain_pages":0.009,"enqueue":0.521,"evict":0.082,"player_chunk":0.025,"prune":0.347,"publish":13.76,"queue_pages":0.255,"spawn":0.004,"wrap":0.016}
STREAMING_STEP_TIMING total=12.54ms {"drain_packets":0.009,"drain_pages":0.006,"enqueue":0.449,"evict":0.086,"player_chunk":0.019,"prune":0.22,"publish":11.612,"queue_pages":0.121,"spawn":0.003,"wrap":0.011}
STREAMING_STEP_TIMING total=14.10ms {"drain_packets":0.008,"drain_pages":0.006,"enqueue":0.436,"evict":0.097,"player_chunk":0.019,"prune":0.217,"publish":13.175,"queue_pages":0.121,"spawn":0.003,"wrap":0.011}
STREAMING_STEP_TIMING total=16.24ms {"drain_packets":0.011,"drain_pages":0.182,"enqueue":0.508,"evict":0.11,"player_chunk":0.021,"prune":0.598,"publish":14.2,"queue_pages":0.594,"spawn":0.002,"wrap":0.01}
STREAMING_STEP_TIMING total=13.68ms {"drain_packets":0.011,"drain_pages":0.006,"enqueue":0.533,"evict":0.094,"player_chunk":0.022,"prune":0.247,"publish":12.623,"queue_pages":0.13,"spawn":0.003,"wrap":0.012}
STREAMING_STEP_TIMING total=14.71ms {"drain_packets":0.011,"drain_pages":0.007,"enqueue":0.521,"evict":0.101,"player_chunk":0.025,"prune":0.26,"publish":13.622,"queue_pages":0.141,"spawn":0.004,"wrap":0.013}
STREAMING_STEP_TIMING total=13.81ms {"drain_packets":0.015,"drain_pages":0.013,"enqueue":0.441,"evict":0.106,"player_chunk":0.031,"prune":0.242,"publish":12.775,"queue_pages":0.159,"spawn":0.006,"wrap":0.022}
STREAMING_STEP_TIMING total=12.93ms {"drain_packets":0.021,"drain_pages":0.284,"enqueue":0.483,"evict":0.114,"player_chunk":0.03,"prune":0.249,"publish":11.061,"queue_pages":0.662,"spawn":0.004,"wrap":0.016}
STREAMING_STEP_TIMING total=17.63ms {"drain_packets":0.008,"drain_pages":0.006,"enqueue":0.45,"evict":0.123,"player_chunk":0.02,"prune":0.202,"publish":16.489,"queue_pages":0.316,"spawn":0.003,"wrap":0.014}
STREAMING_STEP_TIMING total=13.14ms {"drain_packets":0.01,"drain_pages":0.007,"enqueue":0.446,"evict":0.198,"player_chunk":0.025,"prune":0.203,"publish":12.117,"queue_pages":0.118,"spawn":0.003,"wrap":0.01}
STREAMING_STEP_TIMING total=18.96ms {"drain_packets":0.01,"drain_pages":0.007,"enqueue":0.49,"evict":0.117,"player_chunk":0.026,"prune":0.213,"publish":17.959,"queue_pages":0.111,"spawn":0.004,"wrap":0.018}
STREAMING_STEP_TIMING total=11.07ms {"drain_packets":0.009,"drain_pages":0.007,"enqueue":0.489,"evict":0.139,"player_chunk":0.022,"prune":0.209,"publish":10.058,"queue_pages":0.121,"spawn":0.003,"wrap":0.012}
STREAMING_STEP_TIMING total=17.79ms {"drain_packets":0.01,"drain_pages":0.006,"enqueue":0.504,"evict":0.438,"player_chunk":0.021,"prune":0.212,"publish":16.464,"queue_pages":0.117,"spawn":0.003,"wrap":0.013}
STREAMING_STEP_TIMING total=13.53ms {"drain_packets":0.009,"drain_pages":0.006,"enqueue":0.493,"evict":0.172,"player_chunk":0.024,"prune":0.209,"publish":12.475,"queue_pages":0.122,"spawn":0.003,"wrap":0.013}
STREAMING_STEP_TIMING total=14.00ms {"drain_packets":0.011,"drain_pages":0.007,"enqueue":0.506,"evict":0.126,"player_chunk":0.022,"prune":0.211,"publish":12.96,"queue_pages":0.138,"spawn":0.003,"wrap":0.013}
STREAMING_STEP_TIMING total=9.60ms {"drain_packets":0.009,"drain_pages":0.168,"enqueue":0.478,"evict":0.148,"player_chunk":0.026,"prune":0.173,"publish":8.035,"queue_pages":0.539,"spawn":0.005,"wrap":0.013}
STREAMING_STEP_TIMING total=14.80ms {"drain_packets":0.009,"drain_pages":0.147,"enqueue":0.387,"evict":0.187,"player_chunk":0.018,"prune":0.169,"publish":13.784,"queue_pages":0.084,"spawn":0.002,"wrap":0.011}
STREAMING_STEP_TIMING total=10.77ms {"drain_packets":0.011,"drain_pages":0.006,"enqueue":0.47,"evict":0.263,"player_chunk":0.035,"prune":0.157,"publish":9.696,"queue_pages":0.098,"spawn":0.005,"wrap":0.028}
STREAMING_STEP_TIMING total=12.74ms {"drain_packets":0.008,"drain_pages":0.006,"enqueue":0.44,"evict":0.161,"player_chunk":0.018,"prune":0.178,"publish":11.818,"queue_pages":0.094,"spawn":0.002,"wrap":0.01}
STREAMING_STEP_TIMING total=10.54ms {"drain_packets":0.009,"drain_pages":0.006,"enqueue":0.443,"evict":0.171,"player_chunk":0.022,"prune":0.168,"publish":9.602,"queue_pages":0.104,"spawn":0.002,"wrap":0.011}
STREAMING_STEP_TIMING total=14.78ms {"drain_packets":0.012,"drain_pages":0.007,"enqueue":0.507,"evict":0.232,"player_chunk":0.023,"prune":0.198,"publish":13.666,"queue_pages":0.117,"spawn":0.003,"wrap":0.015}
STREAMING_STEP_TIMING total=10.91ms {"drain_packets":0.012,"drain_pages":0.006,"enqueue":0.507,"evict":0.182,"player_chunk":0.023,"prune":0.199,"publish":9.843,"queue_pages":0.119,"spawn":0.004,"wrap":0.01}
STREAMING_STEP_TIMING total=13.14ms {"drain_packets":0.009,"drain_pages":0.005,"enqueue":0.487,"evict":0.174,"player_chunk":0.019,"prune":0.18,"publish":12.14,"queue_pages":0.107,"spawn":0.002,"wrap":0.012}
STREAMING_STEP_TIMING total=13.45ms {"drain_packets":0.012,"drain_pages":0.007,"enqueue":0.481,"evict":0.158,"player_chunk":0.023,"prune":0.173,"publish":12.454,"queue_pages":0.123,"spawn":0.003,"wrap":0.012}
STREAMING_STEP_TIMING total=15.91ms {"drain_packets":0.009,"drain_pages":0.006,"enqueue":0.394,"evict":0.202,"player_chunk":0.019,"prune":0.14,"publish":15.008,"queue_pages":0.116,"spawn":0.003,"wrap":0.013}
STREAMING_STEP_TIMING total=11.91ms {"drain_packets":0.012,"drain_pages":0.006,"enqueue":0.505,"evict":0.363,"player_chunk":0.025,"prune":0.189,"publish":10.662,"queue_pages":0.125,"spawn":0.003,"wrap":0.013}
STREAMING_STEP_TIMING total=17.77ms {"drain_packets":0.008,"drain_pages":0.007,"enqueue":0.474,"evict":0.205,"player_chunk":0.021,"prune":0.164,"publish":16.771,"queue_pages":0.099,"spawn":0.003,"wrap":0.012}
STREAMING_STEP_TIMING total=12.27ms {"drain_packets":0.011,"drain_pages":0.008,"enqueue":0.479,"evict":0.198,"player_chunk":0.025,"prune":0.174,"publish":11.242,"queue_pages":0.119,"spawn":0.004,"wrap":0.009}
STREAMING_STEP_TIMING total=23.45ms {"drain_packets":0.01,"drain_pages":0.006,"enqueue":1.106,"evict":0.207,"player_chunk":0.02,"prune":0.28,"publish":20.993,"queue_pages":0.813,"spawn":0.004,"wrap":0.013}
STREAMING_STEP_TIMING total=12.93ms {"drain_packets":0.009,"drain_pages":0.183,"enqueue":0.455,"evict":0.24,"player_chunk":0.024,"prune":0.143,"publish":11.746,"queue_pages":0.098,"spawn":0.003,"wrap":0.021}
STREAMING_STEP_TIMING total=15.20ms {"drain_packets":0.008,"drain_pages":0.006,"enqueue":0.458,"evict":0.268,"player_chunk":0.022,"prune":0.139,"publish":14.19,"queue_pages":0.088,"spawn":0.002,"wrap":0.012}
STREAMING_STEP_TIMING total=12.98ms {"drain_packets":0.011,"drain_pages":0.006,"enqueue":0.519,"evict":0.198,"player_chunk":0.026,"prune":0.165,"publish":11.916,"queue_pages":0.12,"spawn":0.002,"wrap":0.014}
STREAMING_STEP_TIMING total=16.19ms {"drain_packets":0.007,"drain_pages":0.005,"enqueue":0.475,"evict":0.245,"player_chunk":0.021,"prune":0.122,"publish":15.221,"queue_pages":0.079,"spawn":0.003,"wrap":0.011}
STREAMING_STEP_TIMING total=11.09ms {"drain_packets":0.016,"drain_pages":0.007,"enqueue":0.488,"evict":0.232,"player_chunk":0.025,"prune":0.211,"publish":9.97,"queue_pages":0.121,"spawn":0.004,"wrap":0.012}
STREAMING_STEP_TIMING total=16.88ms {"drain_packets":0.01,"drain_pages":0.007,"enqueue":0.487,"evict":0.204,"player_chunk":0.018,"prune":0.269,"publish":14.193,"queue_pages":1.672,"spawn":0.003,"wrap":0.01}
STREAMING_STEP_TIMING total=10.24ms {"drain_packets":0.012,"drain_pages":0.007,"enqueue":0.489,"evict":0.196,"player_chunk":0.029,"prune":0.157,"publish":9.218,"queue_pages":0.108,"spawn":0.004,"wrap":0.016}
STREAMING_STEP_TIMING total=14.13ms {"drain_packets":0.007,"drain_pages":0.006,"enqueue":0.399,"evict":0.202,"player_chunk":0.017,"prune":0.108,"publish":13.294,"queue_pages":0.08,"spawn":0.002,"wrap":0.011}
STREAMING_STEP_TIMING total=8.41ms {"drain_packets":0.007,"drain_pages":0.15,"enqueue":0.384,"evict":0.213,"player_chunk":0.021,"prune":0.105,"publish":7.429,"queue_pages":0.082,"spawn":0.002,"wrap":0.011}
STREAMING_STEP_TIMING total=12.20ms {"drain_packets":0.007,"drain_pages":0.005,"enqueue":0.377,"evict":0.193,"player_chunk":0.014,"prune":0.1,"publish":11.421,"queue_pages":0.069,"spawn":0.002,"wrap":0.009}
STREAMING_STEP_TIMING total=11.09ms {"drain_packets":0.005,"drain_pages":0.005,"enqueue":0.38,"evict":0.28,"player_chunk":0.013,"prune":0.101,"publish":10.219,"queue_pages":0.073,"spawn":0.002,"wrap":0.006}
STREAMING_STEP_TIMING total=15.77ms {"drain_packets":0.009,"drain_pages":0.006,"enqueue":0.486,"evict":0.215,"player_chunk":0.022,"prune":0.128,"publish":14.795,"queue_pages":0.091,"spawn":0.002,"wrap":0.014}
STREAMING_STEP_TIMING total=9.24ms {"drain_packets":0.009,"drain_pages":0.005,"enqueue":0.398,"evict":0.223,"player_chunk":0.021,"prune":0.095,"publish":8.378,"queue_pages":0.094,"spawn":0.003,"wrap":0.01}
STREAMING_STEP_TIMING total=12.79ms {"drain_packets":0.007,"drain_pages":0.005,"enqueue":0.384,"evict":0.233,"player_chunk":0.018,"prune":0.093,"publish":11.961,"queue_pages":0.071,"spawn":0.002,"wrap":0.011}
STREAMING_STEP_TIMING total=8.18ms {"drain_packets":0.009,"drain_pages":0.006,"enqueue":0.424,"evict":0.242,"player_chunk":0.021,"prune":0.097,"publish":7.281,"queue_pages":0.082,"spawn":0.002,"wrap":0.012}
STREAMING_STEP_TIMING total=15.01ms {"drain_packets":0.007,"drain_pages":0.006,"enqueue":0.399,"evict":0.302,"player_chunk":0.016,"prune":0.088,"publish":14.102,"queue_pages":0.072,"spawn":0.002,"wrap":0.009}
STREAMING_STEP_TIMING total=13.08ms {"drain_packets":0.01,"drain_pages":0.006,"enqueue":0.531,"evict":0.341,"player_chunk":0.048,"prune":0.116,"publish":11.912,"queue_pages":0.103,"spawn":0.003,"wrap":0.011}
STREAMING_STEP_TIMING total=14.79ms {"drain_packets":0.009,"drain_pages":0.006,"enqueue":0.508,"evict":0.303,"player_chunk":0.022,"prune":0.106,"publish":13.72,"queue_pages":0.098,"spawn":0.003,"wrap":0.012}
STREAMING_STEP_TIMING total=14.46ms {"drain_packets":0.012,"drain_pages":0.006,"enqueue":0.505,"evict":0.318,"player_chunk":0.027,"prune":0.11,"publish":13.355,"queue_pages":0.107,"spawn":0.003,"wrap":0.014}
STREAMING_STEP_TIMING total=14.28ms {"drain_packets":0.007,"drain_pages":0.006,"enqueue":0.38,"evict":0.204,"player_chunk":0.017,"prune":0.078,"publish":13.507,"queue_pages":0.069,"spawn":0.002,"wrap":0.009}
STREAMING_STEP_TIMING total=10.64ms {"drain_packets":0.006,"drain_pages":0.004,"enqueue":0.317,"evict":0.21,"player_chunk":0.014,"prune":0.062,"publish":9.948,"queue_pages":0.066,"spawn":0.002,"wrap":0.007}
STREAMING_STEP_TIMING total=8.18ms {"drain_packets":0.007,"drain_pages":0.005,"enqueue":0.313,"evict":0.209,"player_chunk":0.017,"prune":0.061,"publish":7.482,"queue_pages":0.073,"spawn":0.002,"wrap":0.006}
STREAMING_STEP_TIMING total=12.23ms {"drain_packets":0.006,"drain_pages":0.005,"enqueue":0.326,"evict":0.234,"player_chunk":0.019,"prune":0.059,"publish":11.506,"queue_pages":0.068,"spawn":0.002,"wrap":0.008}
STREAMING_STEP_TIMING total=10.85ms {"drain_packets":0.006,"drain_pages":0.004,"enqueue":0.313,"evict":0.221,"player_chunk":0.015,"prune":0.055,"publish":10.165,"queue_pages":0.063,"spawn":0.001,"wrap":0.009}
STREAMING_STEP_TIMING total=8.80ms {"drain_packets":0.007,"drain_pages":0.005,"enqueue":0.321,"evict":0.273,"player_chunk":0.019,"prune":0.055,"publish":8.028,"queue_pages":0.074,"spawn":0.003,"wrap":0.01}
STREAMING_STEP_TIMING total=15.24ms {"drain_packets":0.007,"drain_pages":0.005,"enqueue":0.387,"evict":0.222,"player_chunk":0.016,"prune":0.061,"publish":14.459,"queue_pages":0.07,"spawn":0.002,"wrap":0.01}
STREAMING_STEP_TIMING total=7.05ms {"drain_packets":0.007,"drain_pages":0.012,"enqueue":0.319,"evict":0.223,"player_chunk":0.02,"prune":0.051,"publish":6.333,"queue_pages":0.074,"spawn":0.003,"wrap":0.01}
STREAMING_STEP_TIMING total=12.84ms {"drain_packets":0.005,"drain_pages":0.004,"enqueue":0.331,"evict":0.237,"player_chunk":0.012,"prune":0.047,"publish":12.133,"queue_pages":0.06,"spawn":0.002,"wrap":0.007}
STREAMING_STEP_TIMING total=6.93ms {"drain_packets":0.007,"drain_pages":0.005,"enqueue":0.342,"evict":0.234,"player_chunk":0.017,"prune":0.046,"publish":6.195,"queue_pages":0.072,"spawn":0.002,"wrap":0.006}
STREAMING_STEP_TIMING total=18.61ms {"drain_packets":0.006,"drain_pages":0.004,"enqueue":0.312,"evict":0.366,"player_chunk":0.014,"prune":0.043,"publish":17.781,"queue_pages":0.067,"spawn":0.002,"wrap":0.008}
STREAMING_STEP_TIMING total=7.47ms {"drain_packets":0.008,"drain_pages":0.005,"enqueue":0.319,"evict":0.243,"player_chunk":0.021,"prune":0.044,"publish":6.734,"queue_pages":0.075,"spawn":0.003,"wrap":0.013}
STREAMING_STEP_TIMING total=12.66ms {"drain_packets":0.006,"drain_pages":0.005,"enqueue":0.31,"evict":0.246,"player_chunk":0.015,"prune":0.039,"publish":11.958,"queue_pages":0.064,"spawn":0.003,"wrap":0.008}
STREAMING_STEP_TIMING total=8.02ms {"drain_packets":0.008,"drain_pages":0.005,"enqueue":0.322,"evict":0.303,"player_chunk":0.018,"prune":0.039,"publish":7.233,"queue_pages":0.074,"spawn":0.002,"wrap":0.011}
STREAMING_STEP_TIMING total=14.20ms {"drain_packets":0.007,"drain_pages":0.005,"enqueue":0.389,"evict":0.255,"player_chunk":0.016,"prune":0.042,"publish":13.398,"queue_pages":0.07,"spawn":0.003,"wrap":0.01}
STREAMING_STEP_TIMING total=8.33ms {"drain_packets":0.008,"drain_pages":0.005,"enqueue":0.319,"evict":0.266,"player_chunk":0.019,"prune":0.035,"publish":7.589,"queue_pages":0.074,"spawn":0.003,"wrap":0.011}
STREAMING_STEP_TIMING total=7.44ms {"drain_packets":0.008,"drain_pages":0.004,"enqueue":0.459,"evict":0.269,"player_chunk":0.015,"prune":0.034,"publish":6.575,"queue_pages":0.064,"spawn":0.002,"wrap":0.008}
STREAMING_STEP_TIMING total=18.86ms {"drain_packets":0.008,"drain_pages":0.005,"enqueue":0.322,"evict":0.312,"player_chunk":0.017,"prune":0.027,"publish":18.064,"queue_pages":0.09,"spawn":0.002,"wrap":0.007}
STREAMING_STEP_TIMING total=10.02ms {"drain_packets":0.008,"drain_pages":0.006,"enqueue":0.437,"evict":0.308,"player_chunk":0.03,"prune":0.037,"publish":9.092,"queue_pages":0.078,"spawn":0.005,"wrap":0.018}
STREAMING_STEP_TIMING total=8.97ms {"drain_packets":0.009,"drain_pages":0.005,"enqueue":0.424,"evict":0.334,"player_chunk":0.021,"prune":0.027,"publish":8.046,"queue_pages":0.084,"spawn":0.002,"wrap":0.012}
STREAMING_STEP_TIMING total=15.12ms {"drain_packets":0.007,"drain_pages":0.005,"enqueue":0.393,"evict":0.439,"player_chunk":0.017,"prune":0.025,"publish":14.14,"queue_pages":0.072,"spawn":0.003,"wrap":0.01}
STREAMING_STEP_TIMING total=11.42ms {"drain_packets":0.013,"drain_pages":0.006,"enqueue":0.488,"evict":0.436,"player_chunk":0.026,"prune":0.032,"publish":10.284,"queue_pages":0.11,"spawn":0.003,"wrap":0.016}
STREAMING_STEP_TIMING total=18.25ms {"drain_packets":0.009,"drain_pages":0.006,"enqueue":0.486,"evict":0.328,"player_chunk":0.021,"prune":0.026,"publish":17.26,"queue_pages":0.092,"spawn":0.003,"wrap":0.012}
STREAMING_STEP_TIMING total=7.23ms {"drain_packets":0.011,"drain_pages":0.005,"enqueue":0.317,"evict":0.286,"player_chunk":0.022,"prune":0.017,"publish":6.475,"queue_pages":0.078,"spawn":0.002,"wrap":0.012}
STREAMING_STEP_TIMING total=14.85ms {"drain_packets":0.006,"drain_pages":0.005,"enqueue":0.314,"evict":0.29,"player_chunk":0.015,"prune":0.012,"publish":14.134,"queue_pages":0.066,"spawn":0.002,"wrap":0.008}
STREAMING_STEP_TIMING total=9.68ms {"drain_packets":0.007,"drain_pages":0.005,"enqueue":0.312,"evict":0.328,"player_chunk":0.018,"prune":0.012,"publish":8.913,"queue_pages":0.075,"spawn":0.002,"wrap":0.007}
[FrameBudget] streaming=9.5ms topology=0.0ms visual=0.0ms spawn=0.0ms total=9.5ms/6.0ms world.streaming_v0=9.5ms(60)
STREAMING_STEP_TIMING total=7.21ms {"drain_packets":0.006,"drain_pages":0.004,"enqueue":0.315,"evict":0.299,"player_chunk":0.015,"prune":0.009,"publish":6.491,"queue_pages":0.063,"spawn":0.002,"wrap":0.009}
STREAMING_STEP_TIMING total=15.14ms {"drain_packets":0.007,"drain_pages":0.004,"enqueue":0.316,"evict":0.303,"player_chunk":0.015,"prune":0.001,"publish":14.406,"queue_pages":0.076,"spawn":0.002,"wrap":0.008}
ERROR: Parameter "t" is null.
   at: texture_2d_get (./servers/rendering/dummy/storage/texture_storage.h:106)
   GDScript backtrace (most recent call first):
       [0] _capture_viewport (res://tools/runtime_mountain_raster_walk_probe.gd:440)
       [1] _run (res://tools/runtime_mountain_raster_walk_probe.gd:96)
       [2] _wait_until_settled (res://tools/runtime_mountain_raster_walk_probe.gd:293)
STREAMING_STEP_TIMING total=7.52ms {"drain_packets":0.009,"drain_pages":0.005,"enqueue":0.43,"evict":0.332,"player_chunk":5.625,"prune":0.039,"publish":0.359,"queue_pages":0.711,"spawn":0.002,"wrap":0.008}
STREAMING_STEP_TIMING total=11.83ms {"drain_packets":0.009,"drain_pages":0.155,"enqueue":0.429,"evict":0.409,"player_chunk":0.044,"prune":0.041,"publish":10.628,"queue_pages":0.092,"spawn":0.005,"wrap":0.018}
STREAMING_STEP_TIMING total=25.72ms {"drain_packets":0.014,"drain_pages":0.007,"enqueue":0.773,"evict":0.366,"player_chunk":0.034,"prune":0.045,"publish":24.336,"queue_pages":0.119,"spawn":0.004,"wrap":0.018}
STREAMING_STEP_TIMING total=14.57ms {"drain_packets":0.011,"drain_pages":0.008,"enqueue":1.327,"evict":0.415,"player_chunk":1.11,"prune":0.048,"publish":11.524,"queue_pages":0.113,"spawn":0.002,"wrap":0.011}
STREAMING_STEP_TIMING total=25.25ms {"drain_packets":0.013,"drain_pages":0.006,"enqueue":0.77,"evict":0.379,"player_chunk":0.025,"prune":0.32,"publish":23.541,"queue_pages":0.179,"spawn":0.003,"wrap":0.013}
STREAMING_STEP_TIMING total=13.36ms {"drain_packets":0.011,"drain_pages":0.218,"enqueue":0.502,"evict":0.399,"player_chunk":0.031,"prune":0.044,"publish":12.006,"queue_pages":0.112,"spawn":0.007,"wrap":0.025}
STREAMING_STEP_TIMING total=24.50ms {"drain_packets":0.01,"drain_pages":0.006,"enqueue":0.507,"evict":0.41,"player_chunk":0.026,"prune":0.032,"publish":23.371,"queue_pages":0.109,"spawn":0.004,"wrap":0.017}
STREAMING_STEP_TIMING total=11.32ms {"drain_packets":0.009,"drain_pages":0.161,"enqueue":0.477,"evict":0.341,"player_chunk":0.019,"prune":0.029,"publish":10.163,"queue_pages":0.111,"spawn":0.002,"wrap":0.01}
STREAMING_STEP_TIMING total=20.77ms {"drain_packets":0.009,"drain_pages":0.005,"enqueue":0.413,"evict":0.479,"player_chunk":0.022,"prune":0.019,"publish":19.714,"queue_pages":0.092,"spawn":0.002,"wrap":0.012}
STREAMING_STEP_TIMING total=8.69ms {"drain_packets":0.009,"drain_pages":0.17,"enqueue":0.389,"evict":0.354,"player_chunk":0.016,"prune":0.179,"publish":7.412,"queue_pages":0.144,"spawn":0.002,"wrap":0.009}
STREAMING_STEP_TIMING total=15.99ms {"drain_packets":0.008,"drain_pages":0.005,"enqueue":0.418,"evict":0.349,"player_chunk":0.02,"prune":0.016,"publish":15.08,"queue_pages":0.085,"spawn":0.002,"wrap":0.007}
STREAMING_STEP_TIMING total=11.67ms {"drain_packets":0.01,"drain_pages":0.006,"enqueue":0.503,"evict":0.479,"player_chunk":0.02,"prune":0.019,"publish":10.515,"queue_pages":0.096,"spawn":0.003,"wrap":0.012}
STREAMING_STEP_TIMING total=20.72ms {"drain_packets":0.012,"drain_pages":0.007,"enqueue":0.448,"evict":0.366,"player_chunk":0.022,"prune":0.081,"publish":19.672,"queue_pages":0.098,"spawn":0.002,"wrap":0.012}
STREAMING_STEP_TIMING total=15.77ms {"drain_packets":0.009,"drain_pages":0.006,"enqueue":0.384,"evict":0.471,"player_chunk":0.017,"prune":0.01,"publish":14.773,"queue_pages":0.085,"spawn":0.003,"wrap":0.009}
[FrameBudget] streaming=3.6ms topology=0.0ms visual=0.0ms spawn=0.0ms total=3.6ms/6.0ms world.streaming_v0=3.6ms(60)
[FrameBudget] streaming=1.1ms topology=0.0ms visual=0.0ms spawn=0.0ms total=1.1ms/6.0ms world.streaming_v0=1.1ms(60)
[FrameBudget] streaming=1.0ms topology=0.0ms visual=0.0ms spawn=0.0ms total=1.0ms/6.0ms world.streaming_v0=1.0ms(60)
STREAMING_STEP_TIMING total=12.27ms {"drain_packets":0.006,"drain_pages":0.005,"enqueue":0.394,"evict":0.272,"player_chunk":4.48,"prune":0.03,"publish":6.708,"queue_pages":0.348,"spawn":0.005,"wrap":0.017}
STREAMING_STEP_TIMING total=22.07ms {"drain_packets":1.484,"drain_pages":0.006,"enqueue":0.304,"evict":0.34,"player_chunk":0.015,"prune":0.028,"publish":18.95,"queue_pages":0.929,"spawn":0.002,"wrap":0.007}
STREAMING_STEP_TIMING total=13.59ms {"drain_packets":0.218,"drain_pages":0.007,"enqueue":0.403,"evict":0.458,"player_chunk":0.016,"prune":0.033,"publish":12.348,"queue_pages":0.094,"spawn":0.002,"wrap":0.008}
STREAMING_STEP_TIMING total=30.32ms {"drain_packets":0.285,"drain_pages":0.006,"enqueue":0.573,"evict":0.589,"player_chunk":0.025,"prune":0.041,"publish":28.691,"queue_pages":0.086,"spawn":0.004,"wrap":0.012}
STREAMING_STEP_TIMING total=11.30ms {"drain_packets":0.49,"drain_pages":0.007,"enqueue":0.811,"evict":0.481,"player_chunk":0.017,"prune":0.035,"publish":9.332,"queue_pages":0.106,"spawn":0.004,"wrap":0.01}
STREAMING_STEP_TIMING total=25.11ms {"drain_packets":0.008,"drain_pages":0.006,"enqueue":0.474,"evict":0.519,"player_chunk":0.017,"prune":0.028,"publish":23.935,"queue_pages":0.106,"spawn":0.002,"wrap":0.009}
STREAMING_STEP_TIMING total=11.86ms {"drain_packets":0.28,"drain_pages":0.008,"enqueue":0.539,"evict":0.524,"player_chunk":0.017,"prune":0.04,"publish":10.326,"queue_pages":0.109,"spawn":0.003,"wrap":0.009}
STREAMING_STEP_TIMING total=37.25ms {"drain_packets":0.751,"drain_pages":0.008,"enqueue":0.47,"evict":0.402,"player_chunk":0.017,"prune":0.022,"publish":35.455,"queue_pages":0.11,"spawn":0.003,"wrap":0.007}
STREAMING_STEP_TIMING total=12.12ms {"drain_packets":0.012,"drain_pages":0.197,"enqueue":0.577,"evict":0.445,"player_chunk":0.063,"prune":0.028,"publish":10.652,"queue_pages":0.108,"spawn":0.008,"wrap":0.029}
STREAMING_STEP_TIMING total=20.64ms {"drain_packets":0.01,"drain_pages":0.007,"enqueue":0.492,"evict":0.452,"player_chunk":0.025,"prune":0.02,"publish":19.492,"queue_pages":0.116,"spawn":0.003,"wrap":0.013}
STREAMING_STEP_TIMING total=13.21ms {"drain_packets":0.01,"drain_pages":0.006,"enqueue":0.516,"evict":0.443,"player_chunk":0.022,"prune":0.021,"publish":12.054,"queue_pages":0.114,"spawn":0.005,"wrap":0.014}
STREAMING_STEP_TIMING total=20.34ms {"drain_packets":0.009,"drain_pages":0.194,"enqueue":0.505,"evict":0.46,"player_chunk":0.024,"prune":0.013,"publish":19.018,"queue_pages":0.104,"spawn":0.003,"wrap":0.009}
STREAMING_STEP_TIMING total=11.01ms {"drain_packets":0.009,"drain_pages":0.007,"enqueue":0.492,"evict":0.431,"player_chunk":0.02,"prune":0.014,"publish":9.908,"queue_pages":0.106,"spawn":0.003,"wrap":0.012}
STREAMING_STEP_TIMING total=14.65ms {"drain_packets":0.01,"drain_pages":0.006,"enqueue":0.49,"evict":0.289,"player_chunk":0.025,"prune":0.004,"publish":13.679,"queue_pages":0.129,"spawn":0.003,"wrap":0.013}
[FrameBudget] streaming=3.7ms topology=0.0ms visual=0.0ms spawn=0.0ms total=3.7ms/6.0ms world.streaming_v0=3.7ms(60)
[FrameBudget] streaming=0.9ms topology=0.0ms visual=0.0ms spawn=0.0ms total=0.9ms/6.0ms world.streaming_v0=0.9ms(60)
[FrameBudget] streaming=0.9ms topology=0.0ms visual=0.0ms spawn=0.0ms total=0.9ms/6.0ms world.streaming_v0=0.9ms(60)
STREAMING_STEP_TIMING total=15.03ms {"drain_packets":0.009,"drain_pages":0.006,"enqueue":0.417,"evict":0.285,"player_chunk":4.463,"prune":0.044,"publish":9.624,"queue_pages":0.163,"spawn":0.003,"wrap":0.011}
STREAMING_STEP_TIMING total=18.62ms {"drain_packets":1.558,"drain_pages":0.007,"enqueue":0.302,"evict":0.393,"player_chunk":0.015,"prune":0.029,"publish":16.227,"queue_pages":0.076,"spawn":0.002,"wrap":0.008}
STREAMING_STEP_TIMING total=11.64ms {"drain_packets":0.268,"drain_pages":0.007,"enqueue":0.505,"evict":0.438,"player_chunk":0.019,"prune":0.043,"publish":10.237,"queue_pages":0.105,"spawn":0.003,"wrap":0.01}
STREAMING_STEP_TIMING total=21.79ms {"drain_packets":0.27,"drain_pages":0.008,"enqueue":0.501,"evict":0.337,"player_chunk":0.02,"prune":0.038,"publish":20.488,"queue_pages":0.109,"spawn":0.002,"wrap":0.01}
STREAMING_STEP_TIMING total=8.49ms {"drain_packets":0.205,"drain_pages":0.006,"enqueue":0.392,"evict":0.38,"player_chunk":0.015,"prune":0.028,"publish":7.365,"queue_pages":0.085,"spawn":0.002,"wrap":0.007}
STREAMING_STEP_TIMING total=19.70ms {"drain_packets":0.206,"drain_pages":0.007,"enqueue":0.404,"evict":0.399,"player_chunk":0.015,"prune":0.023,"publish":18.551,"queue_pages":0.085,"spawn":0.002,"wrap":0.009}
STREAMING_STEP_TIMING total=8.79ms {"drain_packets":0.215,"drain_pages":0.007,"enqueue":0.399,"evict":0.464,"player_chunk":0.016,"prune":0.025,"publish":7.569,"queue_pages":0.083,"spawn":0.003,"wrap":0.008}
STREAMING_STEP_TIMING total=18.48ms {"drain_packets":0.274,"drain_pages":0.008,"enqueue":0.408,"evict":0.339,"player_chunk":0.016,"prune":0.02,"publish":17.295,"queue_pages":0.108,"spawn":0.002,"wrap":0.009}
STREAMING_STEP_TIMING total=11.01ms {"drain_packets":0.29,"drain_pages":0.008,"enqueue":0.516,"evict":0.286,"player_chunk":0.022,"prune":0.028,"publish":9.732,"queue_pages":0.109,"spawn":0.005,"wrap":0.014}
STREAMING_STEP_TIMING total=15.81ms {"drain_packets":0.008,"drain_pages":0.006,"enqueue":0.329,"evict":0.277,"player_chunk":0.018,"prune":0.012,"publish":15.07,"queue_pages":0.076,"spawn":0.002,"wrap":0.008}
STREAMING_STEP_TIMING total=7.81ms {"drain_packets":0.014,"drain_pages":0.008,"enqueue":0.611,"evict":0.306,"player_chunk":0.02,"prune":0.025,"publish":6.706,"queue_pages":0.096,"spawn":0.004,"wrap":0.015}
STREAMING_STEP_TIMING total=16.49ms {"drain_packets":0.007,"drain_pages":0.005,"enqueue":0.314,"evict":0.312,"player_chunk":0.017,"prune":0.008,"publish":15.737,"queue_pages":0.079,"spawn":0.002,"wrap":0.01}
STREAMING_STEP_TIMING total=7.10ms {"drain_packets":0.007,"drain_pages":0.005,"enqueue":0.315,"evict":0.283,"player_chunk":0.014,"prune":0.008,"publish":6.375,"queue_pages":0.08,"spawn":0.003,"wrap":0.007}
STREAMING_STEP_TIMING total=17.28ms {"drain_packets":0.006,"drain_pages":0.003,"enqueue":0.308,"evict":0.439,"player_chunk":0.011,"prune":0.001,"publish":16.429,"queue_pages":0.071,"spawn":0.002,"wrap":0.007}
[FrameBudget] streaming=3.0ms topology=0.0ms visual=0.0ms spawn=0.0ms total=3.0ms/6.0ms world.streaming_v0=3.0ms(60)
[FrameBudget] streaming=0.9ms topology=0.0ms visual=0.0ms spawn=0.0ms total=0.9ms/6.0ms world.streaming_v0=0.9ms(60)
ERROR: Parameter "t" is null.
   at: texture_2d_get (./servers/rendering/dummy/storage/texture_storage.h:106)
   GDScript backtrace (most recent call first):
       [0] _capture_viewport (res://tools/runtime_mountain_raster_walk_probe.gd:440)
       [1] _run (res://tools/runtime_mountain_raster_walk_probe.gd:96)
       [2] _wait_until_settled (res://tools/runtime_mountain_raster_walk_probe.gd:293)
[FrameBudget] streaming=0.9ms topology=0.0ms visual=0.0ms spawn=0.0ms total=0.9ms/6.0ms world.streaming_v0=0.9ms(60)
[FrameBudget] streaming=0.9ms topology=0.0ms visual=0.0ms spawn=0.0ms total=0.9ms/6.0ms world.streaming_v0=0.9ms(60)
STREAMING_STEP_TIMING total=28.34ms {"drain_packets":0.007,"drain_pages":0.006,"enqueue":0.37,"evict":0.409,"player_chunk":4.629,"prune":0.031,"publish":22.443,"queue_pages":0.434,"spawn":0.003,"wrap":0.009}
STREAMING_STEP_TIMING total=33.91ms {"drain_packets":4.095,"drain_pages":0.012,"enqueue":0.753,"evict":0.444,"player_chunk":0.19,"prune":0.059,"publish":26.36,"queue_pages":1.979,"spawn":0.003,"wrap":0.012}
STREAMING_STEP_TIMING total=28.20ms {"drain_packets":0.392,"drain_pages":0.011,"enqueue":0.753,"evict":0.347,"player_chunk":0.026,"prune":0.048,"publish":26.43,"queue_pages":0.166,"spawn":0.004,"wrap":0.015}
[FrameBudget] streaming=1.6ms topology=0.0ms visual=0.0ms spawn=0.0ms total=1.6ms/6.0ms world.streaming_v0=1.6ms(60)
STREAMING_STEP_TIMING total=7.67ms {"drain_packets":0.015,"drain_pages":0.008,"enqueue":2.111,"evict":5.136,"player_chunk":0.027,"prune":0.045,"publish":0.14,"queue_pages":0.166,"spawn":0.003,"wrap":0.015}
STREAMING_STEP_TIMING total=101.29ms {"drain_packets":0.014,"drain_pages":0.008,"enqueue":100.375,"evict":0.525,"player_chunk":0.031,"prune":0.049,"publish":0.123,"queue_pages":0.141,"spawn":0.003,"wrap":0.014}
STREAMING_STEP_TIMING total=17.50ms {"drain_packets":0.012,"drain_pages":0.251,"enqueue":0.671,"evict":0.547,"player_chunk":0.038,"prune":0.041,"publish":15.769,"queue_pages":0.128,"spawn":0.007,"wrap":0.026}
STREAMING_STEP_TIMING total=33.15ms {"drain_packets":0.016,"drain_pages":0.01,"enqueue":1.421,"evict":0.516,"player_chunk":0.037,"prune":0.042,"publish":30.91,"queue_pages":0.162,"spawn":0.005,"wrap":0.025}
STREAMING_STEP_TIMING total=10.98ms {"drain_packets":0.016,"drain_pages":0.446,"enqueue":1.147,"evict":0.497,"player_chunk":0.032,"prune":0.053,"publish":8.544,"queue_pages":0.222,"spawn":0.006,"wrap":0.018}
STREAMING_STEP_TIMING total=33.37ms {"drain_packets":0.014,"drain_pages":0.009,"enqueue":0.538,"evict":0.365,"player_chunk":0.033,"prune":0.024,"publish":32.185,"queue_pages":0.187,"spawn":0.004,"wrap":0.012}
STREAMING_STEP_TIMING total=12.84ms {"drain_packets":0.016,"drain_pages":0.01,"enqueue":0.574,"evict":0.466,"player_chunk":0.041,"prune":0.026,"publish":11.553,"queue_pages":0.122,"spawn":0.006,"wrap":0.021}
STREAMING_STEP_TIMING total=26.89ms {"drain_packets":0.013,"drain_pages":0.008,"enqueue":0.593,"evict":0.501,"player_chunk":0.034,"prune":0.015,"publish":25.584,"queue_pages":0.116,"spawn":0.003,"wrap":0.016}
STREAMING_STEP_TIMING total=9.78ms {"drain_packets":0.011,"drain_pages":0.008,"enqueue":0.535,"evict":0.49,"player_chunk":0.023,"prune":0.014,"publish":8.565,"queue_pages":0.117,"spawn":0.003,"wrap":0.013}
STREAMING_STEP_TIMING total=26.82ms {"drain_packets":0.013,"drain_pages":0.008,"enqueue":0.506,"evict":0.361,"player_chunk":0.026,"prune":0.004,"publish":25.78,"queue_pages":0.11,"spawn":0.003,"wrap":0.01}
[FrameBudget] streaming=5.1ms topology=0.0ms visual=0.0ms spawn=0.0ms total=5.1ms/6.0ms world.streaming_v0=5.1ms(60)
[FrameBudget] streaming=0.9ms topology=0.0ms visual=0.0ms spawn=0.0ms total=0.9ms/6.0ms world.streaming_v0=0.9ms(60)
STREAMING_STEP_TIMING total=12.21ms {"drain_packets":0.008,"drain_pages":0.006,"enqueue":0.331,"evict":0.231,"player_chunk":4.55,"prune":0.035,"publish":6.964,"queue_pages":0.076,"spawn":0.002,"wrap":0.008}
STREAMING_STEP_TIMING total=17.88ms {"drain_packets":0.077,"drain_pages":0.005,"enqueue":0.341,"evict":0.236,"player_chunk":0.015,"prune":0.028,"publish":17.087,"queue_pages":0.079,"spawn":0.002,"wrap":0.007}
STREAMING_STEP_TIMING total=8.61ms {"drain_packets":0.196,"drain_pages":0.007,"enqueue":0.594,"evict":0.274,"player_chunk":0.026,"prune":0.031,"publish":7.334,"queue_pages":0.107,"spawn":0.006,"wrap":0.034}
STREAMING_STEP_TIMING total=20.00ms {"drain_packets":0.192,"drain_pages":0.006,"enqueue":0.338,"evict":0.29,"player_chunk":0.014,"prune":0.023,"publish":19.045,"queue_pages":0.079,"spawn":0.002,"wrap":0.007}
STREAMING_STEP_TIMING total=7.35ms {"drain_packets":0.181,"drain_pages":0.005,"enqueue":0.34,"evict":0.331,"player_chunk":0.014,"prune":0.024,"publish":6.372,"queue_pages":0.074,"spawn":0.002,"wrap":0.006}
STREAMING_STEP_TIMING total=18.35ms {"drain_packets":0.181,"drain_pages":0.006,"enqueue":0.329,"evict":0.322,"player_chunk":0.014,"prune":0.022,"publish":17.381,"queue_pages":0.079,"spawn":0.002,"wrap":0.007}
STREAMING_STEP_TIMING total=7.43ms {"drain_packets":0.183,"drain_pages":0.006,"enqueue":0.338,"evict":0.415,"player_chunk":0.014,"prune":0.021,"publish":6.37,"queue_pages":0.075,"spawn":0.002,"wrap":0.007}
STREAMING_STEP_TIMING total=17.76ms {"drain_packets":0.185,"drain_pages":0.005,"enqueue":0.34,"evict":0.273,"player_chunk":0.014,"prune":0.017,"publish":16.841,"queue_pages":0.075,"spawn":0.002,"wrap":0.007}
STREAMING_STEP_TIMING total=10.18ms {"drain_packets":0.215,"drain_pages":0.007,"enqueue":0.416,"evict":0.331,"player_chunk":0.017,"prune":0.021,"publish":9.075,"queue_pages":0.085,"spawn":0.003,"wrap":0.011}
STREAMING_STEP_TIMING total=20.80ms {"drain_packets":0.008,"drain_pages":0.005,"enqueue":0.432,"evict":0.358,"player_chunk":0.018,"prune":0.013,"publish":19.872,"queue_pages":0.083,"spawn":0.002,"wrap":0.011}
STREAMING_STEP_TIMING total=9.88ms {"drain_packets":0.015,"drain_pages":0.01,"enqueue":0.565,"evict":0.36,"player_chunk":0.022,"prune":0.041,"publish":8.518,"queue_pages":0.331,"spawn":0.003,"wrap":0.015}
STREAMING_STEP_TIMING total=20.17ms {"drain_packets":0.008,"drain_pages":0.006,"enqueue":0.387,"evict":0.303,"player_chunk":0.019,"prune":0.009,"publish":19.332,"queue_pages":0.093,"spawn":0.003,"wrap":0.006}
STREAMING_STEP_TIMING total=8.59ms {"drain_packets":0.007,"drain_pages":0.005,"enqueue":0.312,"evict":0.296,"player_chunk":0.014,"prune":0.008,"publish":7.855,"queue_pages":0.076,"spawn":0.002,"wrap":0.008}
STREAMING_STEP_TIMING total=19.17ms {"drain_packets":0.007,"drain_pages":0.004,"enqueue":0.312,"evict":0.302,"player_chunk":0.019,"prune":0.002,"publish":18.436,"queue_pages":0.077,"spawn":0.003,"wrap":0.009}
ERROR: Parameter "t" is null.
   at: texture_2d_get (./servers/rendering/dummy/storage/texture_storage.h:106)
   GDScript backtrace (most recent call first):
       [0] _capture_viewport (res://tools/runtime_mountain_raster_walk_probe.gd:440)
       [1] _run (res://tools/runtime_mountain_raster_walk_probe.gd:96)
       [2] _wait_until_settled (res://tools/runtime_mountain_raster_walk_probe.gd:293)
[FrameBudget] streaming=3.1ms topology=0.0ms visual=0.0ms spawn=0.0ms total=3.1ms/6.0ms world.streaming_v0=3.1ms(60)
STREAMING_STEP_TIMING total=17.98ms {"drain_packets":0.005,"drain_pages":0.006,"enqueue":0.453,"evict":0.233,"player_chunk":4.485,"prune":0.032,"publish":12.268,"queue_pages":0.477,"spawn":0.005,"wrap":0.018}
STREAMING_STEP_TIMING total=20.83ms {"drain_packets":1.331,"drain_pages":0.006,"enqueue":0.307,"evict":0.323,"player_chunk":0.014,"prune":0.028,"publish":16.894,"queue_pages":1.92,"spawn":0.001,"wrap":0.008}
[FrameBudget] streaming=1.3ms topology=0.0ms visual=0.0ms spawn=0.0ms total=1.3ms/6.0ms world.streaming_v0=1.3ms(60)
STREAMING_STEP_TIMING total=8.41ms {"drain_packets":0.017,"drain_pages":0.007,"enqueue":0.444,"evict":0.407,"player_chunk":0.017,"prune":7.327,"publish":0.055,"queue_pages":0.119,"spawn":0.002,"wrap":0.011}
STREAMING_STEP_TIMING total=6.71ms {"drain_packets":0.005,"drain_pages":0.143,"enqueue":0.381,"evict":0.375,"player_chunk":0.012,"prune":0.027,"publish":5.683,"queue_pages":0.074,"spawn":0.001,"wrap":0.007}
STREAMING_STEP_TIMING total=19.48ms {"drain_packets":0.005,"drain_pages":0.004,"enqueue":0.392,"evict":0.278,"player_chunk":0.012,"prune":0.023,"publish":18.676,"queue_pages":0.077,"spawn":0.001,"wrap":0.007}
STREAMING_STEP_TIMING total=8.33ms {"drain_packets":0.007,"drain_pages":0.006,"enqueue":0.321,"evict":0.317,"player_chunk":0.018,"prune":0.02,"publish":7.548,"queue_pages":0.075,"spawn":0.002,"wrap":0.01}
STREAMING_STEP_TIMING total=21.49ms {"drain_packets":0.01,"drain_pages":0.007,"enqueue":0.387,"evict":0.345,"player_chunk":0.017,"prune":0.023,"publish":20.578,"queue_pages":0.107,"spawn":0.002,"wrap":0.01}
STREAMING_STEP_TIMING total=8.81ms {"drain_packets":0.009,"drain_pages":0.006,"enqueue":0.391,"evict":0.341,"player_chunk":0.024,"prune":0.02,"publish":7.906,"queue_pages":0.087,"spawn":0.002,"wrap":0.018}
STREAMING_STEP_TIMING total=24.04ms {"drain_packets":0.008,"drain_pages":0.006,"enqueue":0.395,"evict":0.352,"player_chunk":0.016,"prune":0.014,"publish":23.154,"queue_pages":0.083,"spawn":0.003,"wrap":0.008}
STREAMING_STEP_TIMING total=8.44ms {"drain_packets":0.009,"drain_pages":0.006,"enqueue":0.392,"evict":0.343,"player_chunk":0.021,"prune":0.014,"publish":7.55,"queue_pages":0.087,"spawn":0.002,"wrap":0.009}
STREAMING_STEP_TIMING total=23.36ms {"drain_packets":0.008,"drain_pages":0.006,"enqueue":0.39,"evict":0.344,"player_chunk":0.016,"prune":0.009,"publish":22.492,"queue_pages":0.085,"spawn":0.003,"wrap":0.009}
STREAMING_STEP_TIMING total=8.65ms {"drain_packets":0.008,"drain_pages":0.005,"enqueue":0.312,"evict":0.309,"player_chunk":0.019,"prune":0.008,"publish":7.9,"queue_pages":0.076,"spawn":0.002,"wrap":0.011}
STREAMING_STEP_TIMING total=19.73ms {"drain_packets":0.008,"drain_pages":0.005,"enqueue":0.314,"evict":0.351,"player_chunk":0.014,"prune":0.002,"publish":18.948,"queue_pages":0.076,"spawn":0.002,"wrap":0.008}
[FrameBudget] streaming=1.8ms topology=0.0ms visual=0.0ms spawn=0.0ms total=1.8ms/6.0ms world.streaming_v0=1.8ms(60)
[FrameBudget] streaming=1.0ms topology=0.0ms visual=0.0ms spawn=0.0ms total=1.0ms/6.0ms world.streaming_v0=1.0ms(60)
STREAMING_STEP_TIMING total=12.15ms {"drain_packets":0.01,"drain_pages":0.007,"enqueue":0.522,"evict":0.215,"player_chunk":4.519,"prune":0.057,"publish":6.3,"queue_pages":0.498,"spawn":0.006,"wrap":0.018}
STREAMING_STEP_TIMING total=25.05ms {"drain_packets":0.458,"drain_pages":0.005,"enqueue":0.323,"evict":0.385,"player_chunk":0.013,"prune":0.027,"publish":22.932,"queue_pages":0.899,"spawn":0.002,"wrap":0.006}
STREAMING_STEP_TIMING total=12.75ms {"drain_packets":0.255,"drain_pages":0.007,"enqueue":0.555,"evict":1.046,"player_chunk":0.021,"prune":0.048,"publish":10.705,"queue_pages":0.09,"spawn":0.004,"wrap":0.012}
STREAMING_STEP_TIMING total=30.40ms {"drain_packets":0.254,"drain_pages":0.007,"enqueue":0.5,"evict":0.412,"player_chunk":0.02,"prune":0.035,"publish":29.054,"queue_pages":0.105,"spawn":0.003,"wrap":0.012}
STREAMING_STEP_TIMING total=11.50ms {"drain_packets":0.529,"drain_pages":0.007,"enqueue":0.966,"evict":0.47,"player_chunk":0.018,"prune":0.037,"publish":9.341,"queue_pages":0.113,"spawn":0.003,"wrap":0.01}
STREAMING_STEP_TIMING total=26.76ms {"drain_packets":0.006,"drain_pages":0.005,"enqueue":0.402,"evict":0.42,"player_chunk":0.016,"prune":0.024,"publish":25.78,"queue_pages":0.094,"spawn":0.002,"wrap":0.007}
STREAMING_STEP_TIMING total=11.02ms {"drain_packets":0.123,"drain_pages":0.144,"enqueue":0.397,"evict":0.5,"player_chunk":0.015,"prune":0.023,"publish":9.718,"queue_pages":0.088,"spawn":0.003,"wrap":0.009}
STREAMING_STEP_TIMING total=28.85ms {"drain_packets":0.198,"drain_pages":0.008,"enqueue":0.567,"evict":0.398,"player_chunk":0.031,"prune":0.035,"publish":27.44,"queue_pages":0.15,"spawn":0.003,"wrap":0.014}
STREAMING_STEP_TIMING total=10.21ms {"drain_packets":0.251,"drain_pages":0.007,"enqueue":0.489,"evict":0.392,"player_chunk":0.111,"prune":0.034,"publish":8.804,"queue_pages":0.104,"spawn":0.004,"wrap":0.015}
STREAMING_STEP_TIMING total=28.29ms {"drain_packets":0.009,"drain_pages":0.006,"enqueue":0.491,"evict":0.398,"player_chunk":0.022,"prune":0.018,"publish":27.23,"queue_pages":0.103,"spawn":0.003,"wrap":0.009}
STREAMING_STEP_TIMING total=10.66ms {"drain_packets":0.008,"drain_pages":0.006,"enqueue":0.436,"evict":0.361,"player_chunk":0.017,"prune":0.016,"publish":9.699,"queue_pages":0.102,"spawn":0.002,"wrap":0.01}
STREAMING_STEP_TIMING total=25.88ms {"drain_packets":0.009,"drain_pages":0.005,"enqueue":0.39,"evict":0.419,"player_chunk":0.021,"prune":0.009,"publish":24.916,"queue_pages":0.096,"spawn":0.002,"wrap":0.012}
STREAMING_STEP_TIMING total=7.49ms {"drain_packets":0.006,"drain_pages":0.134,"enqueue":0.38,"evict":0.463,"player_chunk":0.019,"prune":0.009,"publish":6.383,"queue_pages":0.074,"spawn":0.002,"wrap":0.013}
STREAMING_STEP_TIMING total=21.17ms {"drain_packets":0.012,"drain_pages":0.007,"enqueue":0.499,"evict":0.462,"player_chunk":0.026,"prune":0.005,"publish":20.045,"queue_pages":0.09,"spawn":0.003,"wrap":0.014}
ERROR: Parameter "t" is null.
   at: texture_2d_get (./servers/rendering/dummy/storage/texture_storage.h:106)
   GDScript backtrace (most recent call first):
       [0] _capture_viewport (res://tools/runtime_mountain_raster_walk_probe.gd:440)
       [1] _run (res://tools/runtime_mountain_raster_walk_probe.gd:96)
       [2] _wait_until_settled (res://tools/runtime_mountain_raster_walk_probe.gd:293)
STREAMING_STEP_TIMING total=7.80ms {"drain_packets":0.008,"drain_pages":0.005,"enqueue":0.323,"evict":0.392,"player_chunk":4.468,"prune":0.03,"publish":0.223,"queue_pages":2.335,"spawn":0.003,"wrap":0.013}
STREAMING_STEP_TIMING total=11.16ms {"drain_packets":0.006,"drain_pages":0.173,"enqueue":0.471,"evict":0.417,"player_chunk":0.014,"prune":0.043,"publish":9.932,"queue_pages":0.097,"spawn":0.002,"wrap":0.007}
STREAMING_STEP_TIMING total=51.06ms {"drain_packets":0.009,"drain_pages":0.005,"enqueue":0.449,"evict":0.47,"player_chunk":0.021,"prune":0.038,"publish":49.943,"queue_pages":0.109,"spawn":0.002,"wrap":0.008}
STREAMING_STEP_TIMING total=12.53ms {"drain_packets":0.01,"drain_pages":0.006,"enqueue":0.517,"evict":0.405,"player_chunk":0.02,"prune":0.045,"publish":11.388,"queue_pages":0.117,"spawn":0.003,"wrap":0.012}
STREAMING_STEP_TIMING total=33.31ms {"drain_packets":0.01,"drain_pages":0.006,"enqueue":0.502,"evict":0.408,"player_chunk":0.024,"prune":0.036,"publish":32.185,"queue_pages":0.119,"spawn":0.002,"wrap":0.013}
STREAMING_STEP_TIMING total=8.36ms {"drain_packets":0.009,"drain_pages":0.162,"enqueue":0.406,"evict":0.33,"player_chunk":0.028,"prune":0.031,"publish":7.288,"queue_pages":0.084,"spawn":0.005,"wrap":0.019}
STREAMING_STEP_TIMING total=19.12ms {"drain_packets":0.008,"drain_pages":0.006,"enqueue":0.397,"evict":0.323,"player_chunk":0.021,"prune":0.024,"publish":18.239,"queue_pages":0.086,"spawn":0.002,"wrap":0.011}
STREAMING_STEP_TIMING total=8.14ms {"drain_packets":0.009,"drain_pages":0.006,"enqueue":0.383,"evict":0.275,"player_chunk":0.015,"prune":0.031,"publish":7.323,"queue_pages":0.086,"spawn":0.002,"wrap":0.01}
STREAMING_STEP_TIMING total=23.71ms {"drain_packets":0.008,"drain_pages":0.004,"enqueue":0.318,"evict":0.292,"player_chunk":0.017,"prune":0.015,"publish":22.966,"queue_pages":0.079,"spawn":0.002,"wrap":0.009}
STREAMING_STEP_TIMING total=8.41ms {"drain_packets":0.009,"drain_pages":0.005,"enqueue":0.317,"evict":0.295,"player_chunk":0.013,"prune":0.016,"publish":7.602,"queue_pages":0.138,"spawn":0.003,"wrap":0.008}
STREAMING_STEP_TIMING total=20.68ms {"drain_packets":0.007,"drain_pages":0.005,"enqueue":0.313,"evict":0.364,"player_chunk":0.016,"prune":0.011,"publish":19.879,"queue_pages":0.075,"spawn":0.002,"wrap":0.006}
STREAMING_STEP_TIMING total=8.25ms {"drain_packets":0.008,"drain_pages":0.006,"enqueue":0.391,"evict":0.348,"player_chunk":0.016,"prune":0.014,"publish":7.368,"queue_pages":0.085,"spawn":0.003,"wrap":0.01}
STREAMING_STEP_TIMING total=23.57ms {"drain_packets":0.006,"drain_pages":0.004,"enqueue":0.394,"evict":0.307,"player_chunk":0.014,"prune":0.008,"publish":22.744,"queue_pages":0.081,"spawn":0.002,"wrap":0.008}
[FrameBudget] streaming=7.0ms topology=0.0ms visual=0.0ms spawn=0.0ms total=7.0ms/6.0ms world.streaming_v0=7.0ms(60)
STREAMING_STEP_TIMING total=7.07ms {"drain_packets":0.007,"drain_pages":0.005,"enqueue":0.322,"evict":0.305,"player_chunk":0.014,"prune":0.008,"publish":6.318,"queue_pages":0.078,"spawn":0.003,"wrap":0.009}
STREAMING_STEP_TIMING total=18.79ms {"drain_packets":0.006,"drain_pages":0.004,"enqueue":0.35,"evict":0.31,"player_chunk":0.012,"prune":0.003,"publish":18.027,"queue_pages":0.067,"spawn":0.002,"wrap":0.007}
[FrameBudget] streaming=1.3ms topology=0.0ms visual=0.0ms spawn=0.0ms total=1.3ms/6.0ms world.streaming_v0=1.3ms(60)
STREAMING_STEP_TIMING total=12.49ms {"drain_packets":0.009,"drain_pages":0.005,"enqueue":0.42,"evict":0.379,"player_chunk":4.937,"prune":0.045,"publish":6.6,"queue_pages":0.079,"spawn":0.002,"wrap":0.008}
STREAMING_STEP_TIMING total=20.60ms {"drain_packets":0.007,"drain_pages":0.004,"enqueue":0.336,"evict":0.39,"player_chunk":0.015,"prune":0.03,"publish":19.724,"queue_pages":0.079,"spawn":0.001,"wrap":0.008}
STREAMING_STEP_TIMING total=7.66ms {"drain_packets":0.185,"drain_pages":0.005,"enqueue":0.33,"evict":0.397,"player_chunk":0.014,"prune":0.029,"publish":6.607,"queue_pages":0.083,"spawn":0.003,"wrap":0.007}
STREAMING_STEP_TIMING total=18.97ms {"drain_packets":0.072,"drain_pages":0.005,"enqueue":0.329,"evict":0.441,"player_chunk":0.014,"prune":0.024,"publish":17.996,"queue_pages":0.075,"spawn":0.002,"wrap":0.006}
[FrameBudget] streaming=1.6ms topology=0.0ms visual=0.0ms spawn=0.0ms total=1.6ms/6.0ms world.streaming_v0=1.6ms(60)
STREAMING_STEP_TIMING total=7.60ms {"drain_packets":0.241,"drain_pages":0.005,"enqueue":0.327,"evict":0.406,"player_chunk":0.013,"prune":0.024,"publish":6.496,"queue_pages":0.075,"spawn":0.002,"wrap":0.007}
STREAMING_STEP_TIMING total=17.65ms {"drain_packets":0.317,"drain_pages":0.006,"enqueue":0.398,"evict":0.363,"player_chunk":0.014,"prune":0.028,"publish":16.438,"queue_pages":0.076,"spawn":0.003,"wrap":0.007}
STREAMING_STEP_TIMING total=7.28ms {"drain_packets":0.23,"drain_pages":0.006,"enqueue":0.333,"evict":0.363,"player_chunk":0.014,"prune":0.021,"publish":6.224,"queue_pages":0.075,"spawn":0.003,"wrap":0.007}
STREAMING_STEP_TIMING total=17.23ms {"drain_packets":0.182,"drain_pages":0.005,"enqueue":0.322,"evict":0.271,"player_chunk":0.013,"prune":0.016,"publish":16.334,"queue_pages":0.077,"spawn":0.002,"wrap":0.007}
STREAMING_STEP_TIMING total=10.13ms {"drain_packets":0.169,"drain_pages":0.005,"enqueue":0.311,"evict":0.292,"player_chunk":0.014,"prune":0.016,"publish":9.234,"queue_pages":0.075,"spawn":0.002,"wrap":0.008}
STREAMING_STEP_TIMING total=18.31ms {"drain_packets":0.007,"drain_pages":0.005,"enqueue":0.313,"evict":0.287,"player_chunk":0.018,"prune":0.012,"publish":17.588,"queue_pages":0.075,"spawn":0.002,"wrap":0.006}
STREAMING_STEP_TIMING total=7.78ms {"drain_packets":0.008,"drain_pages":0.006,"enqueue":0.437,"evict":0.507,"player_chunk":0.019,"prune":0.013,"publish":6.663,"queue_pages":0.105,"spawn":0.004,"wrap":0.012}
STREAMING_STEP_TIMING total=18.21ms {"drain_packets":0.007,"drain_pages":0.005,"enqueue":0.323,"evict":0.291,"player_chunk":0.02,"prune":0.008,"publish":17.459,"queue_pages":0.085,"spawn":0.002,"wrap":0.01}
STREAMING_STEP_TIMING total=7.34ms {"drain_packets":0.007,"drain_pages":0.005,"enqueue":0.369,"evict":0.285,"player_chunk":0.014,"prune":0.009,"publish":6.559,"queue_pages":0.079,"spawn":0.002,"wrap":0.008}
STREAMING_STEP_TIMING total=17.71ms {"drain_packets":0.006,"drain_pages":0.004,"enqueue":0.319,"evict":0.294,"player_chunk":0.016,"prune":0.002,"publish":16.987,"queue_pages":0.072,"spawn":0.002,"wrap":0.01}
[FrameBudget] streaming=2.3ms topology=0.0ms visual=0.0ms spawn=0.0ms total=2.3ms/6.0ms world.streaming_v0=2.3ms(60)
STREAMING_STEP_TIMING total=11.50ms {"drain_packets":0.008,"drain_pages":0.005,"enqueue":0.32,"evict":0.246,"player_chunk":4.516,"prune":0.031,"publish":6.286,"queue_pages":0.075,"spawn":0.002,"wrap":0.007}
STREAMING_STEP_TIMING total=17.67ms {"drain_packets":0.006,"drain_pages":0.006,"enqueue":0.334,"evict":0.261,"player_chunk":0.014,"prune":0.033,"publish":16.928,"queue_pages":0.077,"spawn":0.002,"wrap":0.007}
STREAMING_STEP_TIMING total=7.49ms {"drain_packets":0.258,"drain_pages":0.006,"enqueue":0.363,"evict":0.327,"player_chunk":0.014,"prune":0.04,"publish":6.398,"queue_pages":0.073,"spawn":0.002,"wrap":0.008}
STREAMING_STEP_TIMING total=18.43ms {"drain_packets":0.209,"drain_pages":0.006,"enqueue":0.327,"evict":0.306,"player_chunk":0.016,"prune":0.024,"publish":17.455,"queue_pages":0.077,"spawn":0.002,"wrap":0.008}
STREAMING_STEP_TIMING total=7.26ms {"drain_packets":0.178,"drain_pages":0.006,"enqueue":0.327,"evict":0.296,"player_chunk":0.014,"prune":0.023,"publish":6.336,"queue_pages":0.073,"spawn":0.002,"wrap":0.006}
STREAMING_STEP_TIMING total=18.24ms {"drain_packets":0.174,"drain_pages":0.005,"enqueue":0.317,"evict":0.35,"player_chunk":0.011,"prune":0.019,"publish":17.271,"queue_pages":0.08,"spawn":0.001,"wrap":0.007}
STREAMING_STEP_TIMING total=8.45ms {"drain_packets":0.207,"drain_pages":0.006,"enqueue":0.998,"evict":0.367,"player_chunk":0.034,"prune":0.03,"publish":6.704,"queue_pages":0.079,"spawn":0.007,"wrap":0.015}
STREAMING_STEP_TIMING total=18.93ms {"drain_packets":0.228,"drain_pages":0.006,"enqueue":0.322,"evict":0.277,"player_chunk":0.014,"prune":0.018,"publish":17.981,"queue_pages":0.072,"spawn":0.002,"wrap":0.007}
STREAMING_STEP_TIMING total=8.37ms {"drain_packets":0.184,"drain_pages":0.005,"enqueue":0.309,"evict":0.276,"player_chunk":0.013,"prune":0.015,"publish":7.479,"queue_pages":0.079,"spawn":0.002,"wrap":0.008}
STREAMING_STEP_TIMING total=19.07ms {"drain_packets":0.007,"drain_pages":0.005,"enqueue":0.328,"evict":0.282,"player_chunk":0.018,"prune":0.012,"publish":18.329,"queue_pages":0.075,"spawn":0.002,"wrap":0.01}
STREAMING_STEP_TIMING total=7.00ms {"drain_packets":0.007,"drain_pages":0.005,"enqueue":0.317,"evict":0.271,"player_chunk":0.014,"prune":0.012,"publish":6.284,"queue_pages":0.075,"spawn":0.002,"wrap":0.009}
STREAMING_STEP_TIMING total=18.32ms {"drain_packets":0.005,"drain_pages":0.003,"enqueue":0.308,"evict":0.274,"player_chunk":0.011,"prune":0.007,"publish":17.634,"queue_pages":0.066,"spawn":0.002,"wrap":0.005}
STREAMING_STEP_TIMING total=8.26ms {"drain_packets":0.007,"drain_pages":0.005,"enqueue":0.315,"evict":0.351,"player_chunk":0.015,"prune":0.009,"publish":7.472,"queue_pages":0.075,"spawn":0.003,"wrap":0.01}
STREAMING_STEP_TIMING total=19.59ms {"drain_packets":0.007,"drain_pages":0.005,"enqueue":0.324,"evict":0.357,"player_chunk":0.017,"prune":0.002,"publish":18.789,"queue_pages":0.075,"spawn":0.002,"wrap":0.009}
[FrameBudget] streaming=3.1ms topology=0.0ms visual=0.0ms spawn=0.0ms total=3.1ms/6.0ms world.streaming_v0=3.1ms(60)
[FrameBudget] streaming=0.9ms topology=0.0ms visual=0.0ms spawn=0.0ms total=0.9ms/6.0ms world.streaming_v0=0.9ms(60)
[FrameBudget] streaming=0.9ms topology=0.0ms visual=0.0ms spawn=0.0ms total=0.9ms/6.0ms world.streaming_v0=0.9ms(60)
ERROR: Parameter "t" is null.
   at: texture_2d_get (./servers/rendering/dummy/storage/texture_storage.h:106)
   GDScript backtrace (most recent call first):
       [0] _capture_viewport (res://tools/runtime_mountain_raster_walk_probe.gd:440)
       [1] _run (res://tools/runtime_mountain_raster_walk_probe.gd:96)
       [2] _wait_until_settled (res://tools/runtime_mountain_raster_walk_probe.gd:293)
[FrameBudget] streaming=0.9ms topology=0.0ms visual=0.0ms spawn=0.0ms total=0.9ms/6.0ms world.streaming_v0=0.9ms(60)
[FrameBudget] streaming=0.9ms topology=0.0ms visual=0.0ms spawn=0.0ms total=0.9ms/6.0ms world.streaming_v0=0.9ms(60)
[FrameBudget] streaming=0.9ms topology=0.0ms visual=0.0ms spawn=0.0ms total=0.9ms/6.0ms world.streaming_v0=0.9ms(60)
[FrameBudget] streaming=1.0ms topology=0.0ms visual=0.0ms spawn=0.0ms total=1.0ms/6.0ms world.streaming_v0=1.0ms(60)
STREAMING_STEP_TIMING total=18.29ms {"drain_packets":0.019,"drain_pages":0.007,"enqueue":0.516,"evict":0.295,"player_chunk":5.972,"prune":0.085,"publish":9.196,"queue_pages":2.188,"spawn":0.001,"wrap":0.006}
STREAMING_STEP_TIMING total=27.70ms {"drain_packets":0.008,"drain_pages":0.007,"enqueue":0.459,"evict":0.29,"player_chunk":0.017,"prune":0.072,"publish":26.568,"queue_pages":0.262,"spawn":0.002,"wrap":0.009}
STREAMING_STEP_TIMING total=17.45ms {"drain_packets":0.3,"drain_pages":0.007,"enqueue":0.451,"evict":0.3,"player_chunk":0.017,"prune":0.07,"publish":16.182,"queue_pages":0.106,"spawn":0.002,"wrap":0.009}
STREAMING_STEP_TIMING total=12.00ms {"drain_packets":0.23,"drain_pages":0.006,"enqueue":0.518,"evict":0.318,"player_chunk":0.017,"prune":0.064,"publish":10.514,"queue_pages":0.316,"spawn":0.002,"wrap":0.009}
STREAMING_STEP_TIMING total=23.26ms {"drain_packets":0.249,"drain_pages":0.006,"enqueue":0.51,"evict":0.227,"player_chunk":0.021,"prune":0.073,"publish":22.051,"queue_pages":0.109,"spawn":0.003,"wrap":0.01}
STREAMING_STEP_TIMING total=12.35ms {"drain_packets":0.325,"drain_pages":0.011,"enqueue":0.472,"evict":0.343,"player_chunk":0.027,"prune":0.064,"publish":10.982,"queue_pages":0.109,"spawn":0.005,"wrap":0.013}
STREAMING_STEP_TIMING total=31.12ms {"drain_packets":0.467,"drain_pages":0.007,"enqueue":0.778,"evict":0.278,"player_chunk":0.018,"prune":0.16,"publish":29.274,"queue_pages":0.124,"spawn":0.003,"wrap":0.009}
STREAMING_STEP_TIMING total=24.43ms {"drain_packets":0.008,"drain_pages":0.006,"enqueue":0.505,"evict":0.266,"player_chunk":0.018,"prune":0.055,"publish":23.45,"queue_pages":0.109,"spawn":0.003,"wrap":0.008}
[FrameBudget] streaming=2.3ms topology=0.0ms visual=0.0ms spawn=0.0ms total=2.3ms/6.0ms world.streaming_v0=2.3ms(60)
STREAMING_STEP_TIMING total=7.43ms {"drain_packets":0.004,"drain_pages":0.127,"enqueue":0.372,"evict":0.287,"player_chunk":0.012,"prune":0.04,"publish":6.509,"queue_pages":0.072,"spawn":0.001,"wrap":0.008}
STREAMING_STEP_TIMING total=20.33ms {"drain_packets":0.006,"drain_pages":0.003,"enqueue":0.389,"evict":0.263,"player_chunk":0.014,"prune":0.037,"publish":19.53,"queue_pages":0.079,"spawn":0.002,"wrap":0.007}
STREAMING_STEP_TIMING total=6.95ms {"drain_packets":0.006,"drain_pages":0.004,"enqueue":0.314,"evict":0.257,"player_chunk":0.015,"prune":0.031,"publish":6.243,"queue_pages":0.064,"spawn":0.002,"wrap":0.009}
STREAMING_STEP_TIMING total=24.06ms {"drain_packets":0.006,"drain_pages":0.005,"enqueue":0.354,"evict":0.444,"player_chunk":0.013,"prune":0.033,"publish":23.125,"queue_pages":0.067,"spawn":0.002,"wrap":0.008}
STREAMING_STEP_TIMING total=7.70ms {"drain_packets":0.008,"drain_pages":0.005,"enqueue":0.399,"evict":0.333,"player_chunk":0.016,"prune":0.035,"publish":6.82,"queue_pages":0.07,"spawn":0.003,"wrap":0.01}
STREAMING_STEP_TIMING total=20.74ms {"drain_packets":0.009,"drain_pages":0.006,"enqueue":0.397,"evict":0.329,"player_chunk":0.022,"prune":0.029,"publish":19.85,"queue_pages":0.09,"spawn":0.002,"wrap":0.008}
STREAMING_STEP_TIMING total=10.38ms {"drain_packets":0.007,"drain_pages":0.005,"enqueue":0.388,"evict":0.414,"player_chunk":0.017,"prune":0.029,"publish":9.432,"queue_pages":0.074,"spawn":0.003,"wrap":0.009}
STREAMING_STEP_TIMING total=20.71ms {"drain_packets":0.01,"drain_pages":0.006,"enqueue":0.506,"evict":0.327,"player_chunk":0.026,"prune":0.032,"publish":19.677,"queue_pages":0.108,"spawn":0.004,"wrap":0.013}
STREAMING_STEP_TIMING total=8.56ms {"drain_packets":0.007,"drain_pages":0.006,"enqueue":0.378,"evict":0.328,"player_chunk":0.016,"prune":0.023,"publish":7.717,"queue_pages":0.073,"spawn":0.002,"wrap":0.01}
STREAMING_STEP_TIMING total=22.18ms {"drain_packets":0.009,"drain_pages":0.006,"enqueue":0.386,"evict":0.331,"player_chunk":0.022,"prune":0.018,"publish":21.306,"queue_pages":0.086,"spawn":0.003,"wrap":0.011}
STREAMING_STEP_TIMING total=10.18ms {"drain_packets":0.008,"drain_pages":0.005,"enqueue":0.376,"evict":0.345,"player_chunk":0.016,"prune":0.024,"publish":9.313,"queue_pages":0.075,"spawn":0.002,"wrap":0.01}
STREAMING_STEP_TIMING total=20.00ms {"drain_packets":0.008,"drain_pages":0.006,"enqueue":0.392,"evict":0.291,"player_chunk":0.02,"prune":0.014,"publish":19.172,"queue_pages":0.087,"spawn":0.003,"wrap":0.006}
STREAMING_STEP_TIMING total=7.22ms {"drain_packets":0.006,"drain_pages":0.005,"enqueue":0.318,"evict":0.287,"player_chunk":0.015,"prune":0.011,"publish":6.499,"queue_pages":0.066,"spawn":0.002,"wrap":0.008}
STREAMING_STEP_TIMING total=18.90ms {"drain_packets":0.007,"drain_pages":0.005,"enqueue":0.314,"evict":0.293,"player_chunk":0.016,"prune":0.007,"publish":18.168,"queue_pages":0.074,"spawn":0.002,"wrap":0.008}
STREAMING_STEP_TIMING total=7.39ms {"drain_packets":0.006,"drain_pages":0.005,"enqueue":0.312,"evict":0.294,"player_chunk":0.014,"prune":0.007,"publish":6.675,"queue_pages":0.065,"spawn":0.002,"wrap":0.008}
STREAMING_STEP_TIMING total=20.49ms {"drain_packets":0.007,"drain_pages":0.004,"enqueue":0.314,"evict":0.303,"player_chunk":0.018,"prune":0.002,"publish":19.754,"queue_pages":0.078,"spawn":0.003,"wrap":0.009}
ERROR: Parameter "t" is null.
   at: texture_2d_get (./servers/rendering/dummy/storage/texture_storage.h:106)
   GDScript backtrace (most recent call first):
       [0] _capture_viewport (res://tools/runtime_mountain_raster_walk_probe.gd:440)
       [1] _run (res://tools/runtime_mountain_raster_walk_probe.gd:96)
       [2] _wait_until_settled (res://tools/runtime_mountain_raster_walk_probe.gd:293)
[FrameBudget] streaming=3.6ms topology=0.0ms visual=0.0ms spawn=0.0ms total=3.6ms/6.0ms world.streaming_v0=3.6ms(60)
[FrameBudget] streaming=0.9ms topology=0.0ms visual=0.0ms spawn=0.0ms total=0.9ms/6.0ms world.streaming_v0=0.9ms(60)
[FrameBudget] streaming=0.9ms topology=0.0ms visual=0.0ms spawn=0.0ms total=0.9ms/6.0ms world.streaming_v0=0.9ms(60)
[FrameBudget] streaming=0.9ms topology=0.0ms visual=0.0ms spawn=0.0ms total=0.9ms/6.0ms world.streaming_v0=0.9ms(60)
STREAMING_STEP_TIMING total=13.14ms {"drain_packets":0.004,"drain_pages":0.003,"enqueue":0.373,"evict":0.256,"player_chunk":4.437,"prune":0.052,"publish":6.637,"queue_pages":1.369,"spawn":0.002,"wrap":0.009}
STREAMING_STEP_TIMING total=29.36ms {"drain_packets":1.47,"drain_pages":0.005,"enqueue":0.301,"evict":0.598,"player_chunk":0.013,"prune":0.051,"publish":26.118,"queue_pages":0.792,"spawn":0.002,"wrap":0.007}
[FrameBudget] streaming=1.6ms topology=0.0ms visual=0.0ms spawn=0.0ms total=1.6ms/6.0ms world.streaming_v0=1.6ms(60)
STREAMING_STEP_TIMING total=11.79ms {"drain_packets":0.013,"drain_pages":0.199,"enqueue":1.206,"evict":0.635,"player_chunk":0.022,"prune":0.088,"publish":9.017,"queue_pages":0.585,"spawn":0.004,"wrap":0.012}
STREAMING_STEP_TIMING total=29.42ms {"drain_packets":0.011,"drain_pages":0.006,"enqueue":1.044,"evict":0.507,"player_chunk":0.024,"prune":0.075,"publish":27.604,"queue_pages":0.124,"spawn":0.004,"wrap":0.015}
STREAMING_STEP_TIMING total=14.99ms {"drain_packets":0.011,"drain_pages":0.199,"enqueue":0.679,"evict":0.579,"player_chunk":0.032,"prune":0.071,"publish":13.285,"queue_pages":0.116,"spawn":0.003,"wrap":0.01}
STREAMING_STEP_TIMING total=30.55ms {"drain_packets":0.012,"drain_pages":0.008,"enqueue":0.522,"evict":0.376,"player_chunk":0.029,"prune":0.076,"publish":29.369,"queue_pages":0.137,"spawn":0.003,"wrap":0.016}
STREAMING_STEP_TIMING total=10.00ms {"drain_packets":0.008,"drain_pages":0.155,"enqueue":0.429,"evict":0.421,"player_chunk":0.024,"prune":0.056,"publish":8.796,"queue_pages":0.086,"spawn":0.004,"wrap":0.017}
STREAMING_STEP_TIMING total=22.86ms {"drain_packets":0.011,"drain_pages":0.007,"enqueue":0.824,"evict":0.291,"player_chunk":0.027,"prune":0.059,"publish":21.479,"queue_pages":0.137,"spawn":0.003,"wrap":0.017}
STREAMING_STEP_TIMING total=22.83ms {"drain_packets":0.012,"drain_pages":0.007,"enqueue":0.522,"evict":0.362,"player_chunk":0.024,"prune":0.062,"publish":21.71,"queue_pages":0.111,"spawn":0.004,"wrap":0.016}
STREAMING_STEP_TIMING total=19.54ms {"drain_packets":0.016,"drain_pages":0.008,"enqueue":0.802,"evict":1.143,"player_chunk":0.026,"prune":0.113,"publish":17.268,"queue_pages":0.148,"spawn":0.003,"wrap":0.011}
STREAMING_STEP_TIMING total=35.32ms {"drain_packets":0.01,"drain_pages":0.007,"enqueue":0.722,"evict":0.365,"player_chunk":0.022,"prune":0.054,"publish":34.01,"queue_pages":0.112,"spawn":0.004,"wrap":0.013}
STREAMING_STEP_TIMING total=13.63ms {"drain_packets":0.009,"drain_pages":0.792,"enqueue":0.448,"evict":0.363,"player_chunk":0.024,"prune":0.043,"publish":11.826,"queue_pages":0.109,"spawn":0.002,"wrap":0.012}
STREAMING_STEP_TIMING total=30.57ms {"drain_packets":0.008,"drain_pages":0.006,"enqueue":0.727,"evict":0.437,"player_chunk":0.018,"prune":0.044,"publish":29.223,"queue_pages":0.092,"spawn":0.002,"wrap":0.011}
STREAMING_STEP_TIMING total=8.40ms {"drain_packets":0.012,"drain_pages":0.007,"enqueue":0.517,"evict":0.402,"player_chunk":0.035,"prune":0.047,"publish":7.216,"queue_pages":0.117,"spawn":0.006,"wrap":0.04}
STREAMING_STEP_TIMING total=27.60ms {"drain_packets":0.008,"drain_pages":0.006,"enqueue":0.469,"evict":0.397,"player_chunk":0.018,"prune":0.04,"publish":26.551,"queue_pages":0.097,"spawn":0.003,"wrap":0.011}
STREAMING_STEP_TIMING total=22.32ms {"drain_packets":0.009,"drain_pages":0.006,"enqueue":0.486,"evict":0.399,"player_chunk":0.022,"prune":0.034,"publish":21.238,"queue_pages":0.111,"spawn":0.002,"wrap":0.012}
STREAMING_STEP_TIMING total=8.89ms {"drain_packets":0.009,"drain_pages":0.007,"enqueue":0.418,"evict":0.341,"player_chunk":0.02,"prune":0.03,"publish":7.953,"queue_pages":0.099,"spawn":0.003,"wrap":0.012}
STREAMING_STEP_TIMING total=24.63ms {"drain_packets":0.008,"drain_pages":0.006,"enqueue":0.404,"evict":0.501,"player_chunk":0.021,"prune":0.02,"publish":23.551,"queue_pages":0.1,"spawn":0.002,"wrap":0.008}
STREAMING_STEP_TIMING total=8.76ms {"drain_packets":0.01,"drain_pages":0.2,"enqueue":0.507,"evict":0.39,"player_chunk":0.017,"prune":0.029,"publish":7.486,"queue_pages":0.109,"spawn":0.002,"wrap":0.011}
STREAMING_STEP_TIMING total=24.28ms {"drain_packets":0.009,"drain_pages":0.007,"enqueue":0.395,"evict":0.389,"player_chunk":0.021,"prune":0.015,"publish":23.339,"queue_pages":0.088,"spawn":0.003,"wrap":0.01}
STREAMING_STEP_TIMING total=7.31ms {"drain_packets":0.009,"drain_pages":0.007,"enqueue":0.486,"evict":0.372,"player_chunk":0.018,"prune":0.022,"publish":6.289,"queue_pages":0.086,"spawn":0.003,"wrap":0.011}
STREAMING_STEP_TIMING total=23.33ms {"drain_packets":0.009,"drain_pages":0.005,"enqueue":0.399,"evict":0.399,"player_chunk":0.02,"prune":0.009,"publish":22.393,"queue_pages":0.086,"spawn":0.002,"wrap":0.007}
STREAMING_STEP_TIMING total=21.96ms {"drain_packets":0.011,"drain_pages":0.007,"enqueue":0.494,"evict":0.406,"player_chunk":0.02,"prune":0.015,"publish":20.822,"queue_pages":0.165,"spawn":0.003,"wrap":0.011}
ERROR: Parameter "t" is null.
   at: texture_2d_get (./servers/rendering/dummy/storage/texture_storage.h:106)
   GDScript backtrace (most recent call first):
       [0] _capture_viewport (res://tools/runtime_mountain_raster_walk_probe.gd:440)
       [1] _run (res://tools/runtime_mountain_raster_walk_probe.gd:96)
       [2] _wait_until_settled (res://tools/runtime_mountain_raster_walk_probe.gd:293)
RUNTIME_MOUNTAIN_RASTER_WALK_PROBE_JSON={"density":0.6,"failed":false,"lake_density":0.0,"mining":{"empty_corner_walks":true,"mining_succeeds":true,"mining_tile":"(2541, 912)","ready":true,"solid_blocks_walk":true},"route_size":7,"seed":131071,"spawn_settled":{"debug":{"applied_source_chunk_count":6,"desired_mountain_chunk_count":6,"dirty":false,"dirty_requires_rebuild":false,"display_image_height":563,"display_image_width":1152,"display_packet_count":9,"display_ready":true,"display_request_in_flight":false,"display_runtime_clip_half_height_px":560,"display_runtime_clip_half_width_px":560,"display_timing_total_ms":315,"display_worker_elapsed_ms":319,"face_pixels":36648,"hit_mask_ready":true,"hit_mask_solid_pixels":1304251,"image_height":563,"image_width":1152,"layer_count":6,"missing_mountain_chunk_count":0,"packet_count":9,"queued_source_chunks":["(157, 53)","(156, 53)","(157, 52)","(157, 54)","(158, 53)","(156, 52)","(156, 54)","(158, 52)","(158, 54)"],"request_in_flight":false,"request_to_complete_ms":319,"rim_pixels":11060,"runtime_clip_enabled":true,"runtime_clip_half_height_px":560,"runtime_clip_half_width_px":560,"source_packet_count":9,"success":true,"timing_alpha_ms":77,"timing_blur_ms":54,"timing_normal_ms":0,"timing_paint_ms":45,"timing_total_ms":315,"top_pixels":1268206,"worker_elapsed_ms":319},"elapsed_ms":1432,"frames":61,"ready":true},"steps":[{"debug":{"applied_source_chunk_count":6,"desired_mountain_chunk_count":6,"dirty":false,"dirty_requires_rebuild":false,"display_image_height":563,"display_image_width":1152,"display_packet_count":9,"display_ready":true,"display_request_in_flight":false,"display_runtime_clip_half_height_px":560,"display_runtime_clip_half_width_px":560,"display_timing_total_ms":315,"display_worker_elapsed_ms":319,"face_pixels":36648,"hit_mask_ready":true,"hit_mask_solid_pixels":1304251,"image_height":563,"image_width":1152,"layer_count":6,"missing_mountain_chunk_count":0,"packet_count":9,"queued_source_chunks":["(157, 53)","(156, 53)","(157, 52)","(157, 54)","(158, 53)","(156, 52)","(156, 54)","(158, 52)","(158, 54)"],"request_in_flight":false,"request_to_complete_ms":319,"rim_pixels":11060,"runtime_clip_enabled":true,"runtime_clip_half_height_px":560,"runtime_clip_half_width_px":560,"source_packet_count":9,"success":true,"timing_alpha_ms":77,"timing_blur_ms":54,"timing_normal_ms":0,"timing_paint_ms":45,"timing_total_ms":315,"top_pixels":1268206,"worker_elapsed_ms":319},"index":0,"screenshot":"C:/Users/peaceful/Station Peaceful/Station Peaceful/artifacts/runtime_mountain_raster_walk_probe/walk_00.png","screenshot_status":{"error":"viewport_image_null","path":"C:/Users/peaceful/Station Peaceful/Station Peaceful/artifacts/runtime_mountain_raster_walk_probe/walk_00.png","saved":false},"settled":{"debug":{"applied_source_chunk_count":6,"desired_mountain_chunk_count":6,"dirty":false,"dirty_requires_rebuild":false,"display_image_height":563,"display_image_width":1152,"display_packet_count":9,"display_ready":true,"display_request_in_flight":false,"display_runtime_clip_half_height_px":560,"display_runtime_clip_half_width_px":560,"display_timing_total_ms":315,"display_worker_elapsed_ms":319,"face_pixels":36648,"hit_mask_ready":true,"hit_mask_solid_pixels":1304251,"image_height":563,"image_width":1152,"layer_count":6,"missing_mountain_chunk_count":0,"packet_count":9,"queued_source_chunks":["(157, 53)","(156, 53)","(157, 52)","(157, 54)","(158, 53)","(156, 52)","(156, 54)","(158, 52)","(158, 54)"],"request_in_flight":false,"request_to_complete_ms":319,"rim_pixels":11060,"runtime_clip_enabled":true,"runtime_clip_half_height_px":560,"runtime_clip_half_width_px":560,"source_packet_count":9,"success":true,"timing_alpha_ms":77,"timing_blur_ms":54,"timing_normal_ms":0,"timing_paint_ms":45,"timing_total_ms":315,"top_pixels":1268206,"worker_elapsed_ms":319},"elapsed_ms":3,"frames":1,"ready":true},"target_chunk":"(154, 54)","target_tile":"(2464, 864)"},{"debug":{"applied_source_chunk_count":11,"desired_mountain_chunk_count":11,"dirty":false,"dirty_requires_rebuild":false,"display_image_height":320,"display_image_width":762,"display_packet_count":9,"display_ready":true,"display_request_in_flight":false,"display_runtime_clip_half_height_px":560,"display_runtime_clip_half_width_px":560,"display_timing_total_ms":213,"display_worker_elapsed_ms":215,"face_pixels":3,"hit_mask_ready":true,"hit_mask_solid_pixels":938061,"image_height":320,"image_width":762,"layer_count":11,"missing_mountain_chunk_count":0,"packet_count":9,"queued_source_chunks":["(157, 49)","(156, 49)","(157, 48)","(157, 50)","(158, 49)","(156, 48)","(156, 50)","(158, 48)","(158, 50)"],"request_in_flight":false,"request_to_complete_ms":215,"rim_pixels":4587,"runtime_clip_enabled":true,"runtime_clip_half_height_px":560,"runtime_clip_half_width_px":560,"source_packet_count":9,"success":true,"timing_alpha_ms":62,"timing_blur_ms":16,"timing_normal_ms":0,"timing_paint_ms":36,"timing_total_ms":213,"top_pixels":938142,"worker_elapsed_ms":215},"index":1,"screenshot":"C:/Users/peaceful/Station Peaceful/Station Peaceful/artifacts/runtime_mountain_raster_walk_probe/walk_01.png","screenshot_status":{"error":"viewport_image_null","path":"C:/Users/peaceful/Station Peaceful/Station Peaceful/artifacts/runtime_mountain_raster_walk_probe/walk_01.png","saved":false},"settled":{"debug":{"applied_source_chunk_count":11,"desired_mountain_chunk_count":11,"dirty":false,"dirty_requires_rebuild":false,"display_image_height":320,"display_image_width":762,"display_packet_count":9,"display_ready":true,"display_request_in_flight":false,"display_runtime_clip_half_height_px":560,"display_runtime_clip_half_width_px":560,"display_timing_total_ms":213,"display_worker_elapsed_ms":215,"face_pixels":3,"hit_mask_ready":true,"hit_mask_solid_pixels":938061,"image_height":320,"image_width":762,"layer_count":11,"missing_mountain_chunk_count":0,"packet_count":9,"queued_source_chunks":["(157, 49)","(156, 49)","(157, 48)","(157, 50)","(158, 49)","(156, 48)","(156, 50)","(158, 48)","(158, 50)"],"request_in_flight":false,"request_to_complete_ms":215,"rim_pixels":4587,"runtime_clip_enabled":true,"runtime_clip_half_height_px":560,"runtime_clip_half_width_px":560,"source_packet_count":9,"success":true,"timing_alpha_ms":62,"timing_blur_ms":16,"timing_normal_ms":0,"timing_paint_ms":36,"timing_total_ms":213,"top_pixels":938142,"worker_elapsed_ms":215},"elapsed_ms":7,"frames":1,"ready":true},"target_chunk":"(154, 51)","target_tile":"(2472, 816)"},{"debug":{"applied_source_chunk_count":13,"desired_mountain_chunk_count":13,"dirty":false,"dirty_requires_rebuild":false,"display_image_height":215,"display_image_width":1152,"display_packet_count":9,"display_ready":true,"display_request_in_flight":false,"display_runtime_clip_half_height_px":560,"display_runtime_clip_half_width_px":560,"display_timing_total_ms":657,"display_worker_elapsed_ms":662,"face_pixels":37098,"hit_mask_ready":true,"hit_mask_solid_pixels":1251606,"image_height":215,"image_width":1152,"layer_count":13,"missing_mountain_chunk_count":0,"packet_count":9,"queued_source_chunks":["(158, 53)","(157, 53)","(158, 52)","(158, 54)","(159, 53)","(157, 52)","(157, 54)","(159, 52)","(159, 54)"],"request_in_flight":false,"request_to_complete_ms":668,"rim_pixels":7310,"runtime_clip_enabled":true,"runtime_clip_half_height_px":560,"runtime_clip_half_width_px":560,"source_packet_count":9,"success":true,"timing_alpha_ms":243,"timing_blur_ms":161,"timing_normal_ms":0,"timing_paint_ms":67,"timing_total_ms":657,"top_pixels":1214908,"worker_elapsed_ms":662},"index":2,"screenshot":"C:/Users/peaceful/Station Peaceful/Station Peaceful/artifacts/runtime_mountain_raster_walk_probe/walk_02.png","screenshot_status":{"error":"viewport_image_null","path":"C:/Users/peaceful/Station Peaceful/Station Peaceful/artifacts/runtime_mountain_raster_walk_probe/walk_02.png","saved":false},"settled":{"debug":{"applied_source_chunk_count":13,"desired_mountain_chunk_count":13,"dirty":false,"dirty_requires_rebuild":false,"display_image_height":215,"display_image_width":1152,"display_packet_count":9,"display_ready":true,"display_request_in_flight":false,"display_runtime_clip_half_height_px":560,"display_runtime_clip_half_width_px":560,"display_timing_total_ms":657,"display_worker_elapsed_ms":662,"face_pixels":37098,"hit_mask_ready":true,"hit_mask_solid_pixels":1251606,"image_height":215,"image_width":1152,"layer_count":13,"missing_mountain_chunk_count":0,"packet_count":9,"queued_source_chunks":["(158, 53)","(157, 53)","(158, 52)","(158, 54)","(159, 53)","(157, 52)","(157, 54)","(159, 52)","(159, 54)"],"request_in_flight":false,"request_to_complete_ms":668,"rim_pixels":7310,"runtime_clip_enabled":true,"runtime_clip_half_height_px":560,"runtime_clip_half_width_px":560,"source_packet_count":9,"success":true,"timing_alpha_ms":243,"timing_blur_ms":161,"timing_normal_ms":0,"timing_paint_ms":67,"timing_total_ms":657,"top_pixels":1214908,"worker_elapsed_ms":662},"elapsed_ms":8,"frames":1,"ready":true},"target_chunk":"(155, 52)","target_tile":"(2489, 832)"},{"debug":{"applied_source_chunk_count":15,"desired_mountain_chunk_count":15,"dirty":false,"dirty_requires_rebuild":false,"display_image_height":638,"display_image_width":747,"display_packet_count":9,"display_ready":true,"display_request_in_flight":false,"display_runtime_clip_half_height_px":560,"display_runtime_clip_half_width_px":560,"display_timing_total_ms":276,"display_worker_elapsed_ms":279,"face_pixels":1,"hit_mask_ready":true,"hit_mask_solid_pixels":1345170,"image_height":638,"image_width":747,"layer_count":15,"missing_mountain_chunk_count":0,"packet_count":9,"queued_source_chunks":["(159, 56)","(158, 56)","(159, 55)","(159, 57)","(160, 56)","(158, 55)","(158, 57)","(160, 55)","(160, 57)"],"request_in_flight":false,"request_to_complete_ms":280,"rim_pixels":5964,"runtime_clip_enabled":true,"runtime_clip_half_height_px":560,"runtime_clip_half_width_px":560,"source_packet_count":9,"success":true,"timing_alpha_ms":71,"timing_blur_ms":23,"timing_normal_ms":0,"timing_paint_ms":49,"timing_total_ms":276,"top_pixels":1345292,"worker_elapsed_ms":279},"index":3,"screenshot":"C:/Users/peaceful/Station Peaceful/Station Peaceful/artifacts/runtime_mountain_raster_walk_probe/walk_03.png","screenshot_status":{"error":"viewport_image_null","path":"C:/Users/peaceful/Station Peaceful/Station Peaceful/artifacts/runtime_mountain_raster_walk_probe/walk_03.png","saved":false},"settled":{"debug":{"applied_source_chunk_count":15,"desired_mountain_chunk_count":15,"dirty":false,"dirty_requires_rebuild":false,"display_image_height":638,"display_image_width":747,"display_packet_count":9,"display_ready":true,"display_request_in_flight":false,"display_runtime_clip_half_height_px":560,"display_runtime_clip_half_width_px":560,"display_timing_total_ms":276,"display_worker_elapsed_ms":279,"face_pixels":1,"hit_mask_ready":true,"hit_mask_solid_pixels":1345170,"image_height":638,"image_width":747,"layer_count":15,"missing_mountain_chunk_count":0,"packet_count":9,"queued_source_chunks":["(159, 56)","(158, 56)","(159, 55)","(159, 57)","(160, 56)","(158, 55)","(158, 57)","(160, 55)","(160, 57)"],"request_in_flight":false,"request_to_complete_ms":280,"rim_pixels":5964,"runtime_clip_enabled":true,"runtime_clip_half_height_px":560,"runtime_clip_half_width_px":560,"source_packet_count":9,"success":true,"timing_alpha_ms":71,"timing_blur_ms":23,"timing_normal_ms":0,"timing_paint_ms":49,"timing_total_ms":276,"top_pixels":1345292,"worker_elapsed_ms":279},"elapsed_ms":73,"frames":7,"ready":true},"target_chunk":"(156, 53)","target_tile":"(2504, 848)"},{"debug":{"applied_source_chunk_count":13,"desired_mountain_chunk_count":13,"dirty":false,"dirty_requires_rebuild":false,"display_image_height":320,"display_image_width":762,"display_packet_count":9,"display_ready":true,"display_request_in_flight":false,"display_runtime_clip_half_height_px":560,"display_runtime_clip_half_width_px":560,"display_timing_total_ms":290,"display_worker_elapsed_ms":293,"face_pixels":3,"hit_mask_ready":true,"hit_mask_solid_pixels":938061,"image_height":320,"image_width":762,"layer_count":13,"missing_mountain_chunk_count":0,"packet_count":9,"queued_source_chunks":["(157, 49)","(156, 49)","(157, 48)","(157, 50)","(158, 49)","(156, 48)","(156, 50)","(158, 48)","(158, 50)"],"request_in_flight":false,"request_to_complete_ms":293,"rim_pixels":4587,"runtime_clip_enabled":true,"runtime_clip_half_height_px":560,"runtime_clip_half_width_px":560,"source_packet_count":9,"success":true,"timing_alpha_ms":79,"timing_blur_ms":59,"timing_normal_ms":0,"timing_paint_ms":42,"timing_total_ms":290,"top_pixels":938142,"worker_elapsed_ms":293},"index":4,"screenshot":"C:/Users/peaceful/Station Peaceful/Station Peaceful/artifacts/runtime_mountain_raster_walk_probe/walk_04.png","screenshot_status":{"error":"viewport_image_null","path":"C:/Users/peaceful/Station Peaceful/Station Peaceful/artifacts/runtime_mountain_raster_walk_probe/walk_04.png","saved":false},"settled":{"debug":{"applied_source_chunk_count":13,"desired_mountain_chunk_count":13,"dirty":false,"dirty_requires_rebuild":false,"display_image_height":320,"display_image_width":762,"display_packet_count":9,"display_ready":true,"display_request_in_flight":false,"display_runtime_clip_half_height_px":560,"display_runtime_clip_half_width_px":560,"display_timing_total_ms":290,"display_worker_elapsed_ms":293,"face_pixels":3,"hit_mask_ready":true,"hit_mask_solid_pixels":938061,"image_height":320,"image_width":762,"layer_count":13,"missing_mountain_chunk_count":0,"packet_count":9,"queued_source_chunks":["(157, 49)","(156, 49)","(157, 48)","(157, 50)","(158, 49)","(156, 48)","(156, 50)","(158, 48)","(158, 50)"],"request_in_flight":false,"request_to_complete_ms":293,"rim_pixels":4587,"runtime_clip_enabled":true,"runtime_clip_half_height_px":560,"runtime_clip_half_width_px":560,"source_packet_count":9,"success":true,"timing_alpha_ms":79,"timing_blur_ms":59,"timing_normal_ms":0,"timing_paint_ms":42,"timing_total_ms":290,"top_pixels":938142,"worker_elapsed_ms":293},"elapsed_ms":7,"frames":1,"ready":true},"target_chunk":"(155, 51)","target_tile":"(2480, 816)"},{"debug":{"applied_source_chunk_count":16,"desired_mountain_chunk_count":16,"dirty":false,"dirty_requires_rebuild":false,"display_image_height":281,"display_image_width":1152,"display_packet_count":9,"display_ready":true,"display_request_in_flight":false,"display_runtime_clip_half_height_px":560,"display_runtime_clip_half_width_px":560,"display_timing_total_ms":361,"display_worker_elapsed_ms":365,"face_pixels":35608,"hit_mask_ready":true,"hit_mask_solid_pixels":1357064,"image_height":281,"image_width":1152,"layer_count":16,"missing_mountain_chunk_count":0,"packet_count":9,"queued_source_chunks":["(159, 53)","(158, 53)","(159, 52)","(159, 54)","(160, 53)","(158, 52)","(158, 54)","(160, 52)","(160, 54)"],"request_in_flight":false,"request_to_complete_ms":365,"rim_pixels":10279,"runtime_clip_enabled":true,"runtime_clip_half_height_px":560,"runtime_clip_half_width_px":560,"source_packet_count":9,"success":true,"timing_alpha_ms":126,"timing_blur_ms":51,"timing_normal_ms":0,"timing_paint_ms":48,"timing_total_ms":361,"top_pixels":1322018,"worker_elapsed_ms":365},"index":5,"screenshot":"C:/Users/peaceful/Station Peaceful/Station Peaceful/artifacts/runtime_mountain_raster_walk_probe/walk_05.png","screenshot_status":{"error":"viewport_image_null","path":"C:/Users/peaceful/Station Peaceful/Station Peaceful/artifacts/runtime_mountain_raster_walk_probe/walk_05.png","saved":false},"settled":{"debug":{"applied_source_chunk_count":16,"desired_mountain_chunk_count":16,"dirty":false,"dirty_requires_rebuild":false,"display_image_height":281,"display_image_width":1152,"display_packet_count":9,"display_ready":true,"display_request_in_flight":false,"display_runtime_clip_half_height_px":560,"display_runtime_clip_half_width_px":560,"display_timing_total_ms":361,"display_worker_elapsed_ms":365,"face_pixels":35608,"hit_mask_ready":true,"hit_mask_solid_pixels":1357064,"image_height":281,"image_width":1152,"layer_count":16,"missing_mountain_chunk_count":0,"packet_count":9,"queued_source_chunks":["(159, 53)","(158, 53)","(159, 52)","(159, 54)","(160, 53)","(158, 52)","(158, 54)","(160, 52)","(160, 54)"],"request_in_flight":false,"request_to_complete_ms":365,"rim_pixels":10279,"runtime_clip_enabled":true,"runtime_clip_half_height_px":560,"runtime_clip_half_width_px":560,"source_packet_count":9,"success":true,"timing_alpha_ms":126,"timing_blur_ms":51,"timing_normal_ms":0,"timing_paint_ms":48,"timing_total_ms":361,"top_pixels":1322018,"worker_elapsed_ms":365},"elapsed_ms":427,"frames":32,"ready":true},"target_chunk":"(156, 52)","target_tile":"(2496, 832)"},{"debug":{"applied_source_chunk_count":18,"desired_mountain_chunk_count":18,"dirty":false,"dirty_requires_rebuild":false,"display_image_height":656,"display_image_width":609,"display_packet_count":9,"display_ready":true,"display_request_in_flight":false,"display_runtime_clip_half_height_px":560,"display_runtime_clip_half_width_px":560,"display_timing_total_ms":323,"display_worker_elapsed_ms":327,"face_pixels":633,"hit_mask_ready":true,"hit_mask_solid_pixels":1305027,"image_height":656,"image_width":609,"layer_count":18,"missing_mountain_chunk_count":0,"packet_count":9,"queued_source_chunks":["(160, 50)","(159, 50)","(160, 49)","(160, 51)","(161, 50)","(159, 49)","(159, 51)","(161, 49)","(161, 51)"],"request_in_flight":false,"request_to_complete_ms":327,"rim_pixels":5499,"runtime_clip_enabled":true,"runtime_clip_half_height_px":560,"runtime_clip_half_width_px":560,"source_packet_count":9,"success":true,"timing_alpha_ms":90,"timing_blur_ms":27,"timing_normal_ms":0,"timing_paint_ms":57,"timing_total_ms":323,"top_pixels":1304522,"worker_elapsed_ms":327},"index":6,"screenshot":"C:/Users/peaceful/Station Peaceful/Station Peaceful/artifacts/runtime_mountain_raster_walk_probe/walk_06.png","screenshot_status":{"error":"viewport_image_null","path":"C:/Users/peaceful/Station Peaceful/Station Peaceful/artifacts/runtime_mountain_raster_walk_probe/walk_06.png","saved":false},"settled":{"debug":{"applied_source_chunk_count":18,"desired_mountain_chunk_count":18,"dirty":false,"dirty_requires_rebuild":false,"display_image_height":656,"display_image_width":609,"display_packet_count":9,"display_ready":true,"display_request_in_flight":false,"display_runtime_clip_half_height_px":560,"display_runtime_clip_half_width_px":560,"display_timing_total_ms":323,"display_worker_elapsed_ms":327,"face_pixels":633,"hit_mask_ready":true,"hit_mask_solid_pixels":1305027,"image_height":656,"image_width":609,"layer_count":18,"missing_mountain_chunk_count":0,"packet_count":9,"queued_source_chunks":["(160, 50)","(159, 50)","(160, 49)","(160, 51)","(161, 50)","(159, 49)","(159, 51)","(161, 49)","(161, 51)"],"request_in_flight":false,"request_to_complete_ms":327,"rim_pixels":5499,"runtime_clip_enabled":true,"runtime_clip_half_height_px":560,"runtime_clip_half_width_px":560,"source_packet_count":9,"success":true,"timing_alpha_ms":90,"timing_blur_ms":27,"timing_normal_ms":0,"timing_paint_ms":57,"timing_total_ms":323,"top_pixels":1304522,"worker_elapsed_ms":327},"elapsed_ms":815,"frames":46,"ready":true},"target_chunk":"(157, 53)","target_tile":"(2512, 848)"}]}
WARNING: ObjectDB instances leaked at exit (run with --verbose for details).
   at: cleanup (core/object/object.cpp:2641)
ERROR: 7 resources still in use at exit (run with --verbose for details).
   at: clear (core/io/resource.cpp:810)
