22:14:27 | INFO: Data are loaded, start creating Blender stuff
22:14:27 | INFO: Blender create Mesh node meshes[0]
22:14:27 | INFO: glTF import finished in 0.02s
00:11.250  render           | Saved: 'C:\Users\peaceful\Station Peaceful\Station Peaceful\artifacts\rock_shadow_bake\rock_2\frames_512\rock_2_rot_00_000deg.png'
00:20.141  render           | Saved: 'C:\Users\peaceful\Station Peaceful\Station Peaceful\artifacts\rock_shadow_bake\rock_2\frames_512\rock_2_rot_01_011deg.png'
00:28.859  render           | Saved: 'C:\Users\peaceful\Station Peaceful\Station Peaceful\artifacts\rock_shadow_bake\rock_2\frames_512\rock_2_rot_02_022deg.png'
00:37.375  render           | Saved: 'C:\Users\peaceful\Station Peaceful\Station Peaceful\artifacts\rock_shadow_bake\rock_2\frames_512\rock_2_rot_03_034deg.png'
00:46.641  render           | Saved: 'C:\Users\peaceful\Station Peaceful\Station Peaceful\artifacts\rock_shadow_bake\rock_2\frames_512\rock_2_rot_04_045deg.png'
00:55.203  render           | Saved: 'C:\Users\peaceful\Station Peaceful\Station Peaceful\artifacts\rock_shadow_bake\rock_2\frames_512\rock_2_rot_05_056deg.png'
01:03.250  render           | Saved: 'C:\Users\peaceful\Station Peaceful\Station Peaceful\artifacts\rock_shadow_bake\rock_2\frames_512\rock_2_rot_06_068deg.png'
01:11.453  render           | Saved: 'C:\Users\peaceful\Station Peaceful\Station Peaceful\artifacts\rock_shadow_bake\rock_2\frames_512\rock_2_rot_07_079deg.png'
01:19.656  render           | Saved: 'C:\Users\peaceful\Station Peaceful\Station Peaceful\artifacts\rock_shadow_bake\rock_2\frames_512\rock_2_rot_08_090deg.png'
01:28.000  render           | Saved: 'C:\Users\peaceful\Station Peaceful\Station Peaceful\artifacts\rock_shadow_bake\rock_2\frames_512\rock_2_rot_09_101deg.png'
01:35.984  render           | Saved: 'C:\Users\peaceful\Station Peaceful\Station Peaceful\artifacts\rock_shadow_bake\rock_2\frames_512\rock_2_rot_10_112deg.png'
01:44.469  render           | Saved: 'C:\Users\peaceful\Station Peaceful\Station Peaceful\artifacts\rock_shadow_bake\rock_2\frames_512\rock_2_rot_11_124deg.png'
01:52.969  render           | Saved: 'C:\Users\peaceful\Station Peaceful\Station Peaceful\artifacts\rock_shadow_bake\rock_2\frames_512\rock_2_rot_12_135deg.png'
02:01.625  render           | Saved: 'C:\Users\peaceful\Station Peaceful\Station Peaceful\artifacts\rock_shadow_bake\rock_2\frames_512\rock_2_rot_13_146deg.png'
02:10.203  render           | Saved: 'C:\Users\peaceful\Station Peaceful\Station Peaceful\artifacts\rock_shadow_bake\rock_2\frames_512\rock_2_rot_14_158deg.png'
02:18.344  render           | Saved: 'C:\Users\peaceful\Station Peaceful\Station Peaceful\artifacts\rock_shadow_bake\rock_2\frames_512\rock_2_rot_15_169deg.png'
02:26.594  render           | Saved: 'C:\Users\peaceful\Station Peaceful\Station Peaceful\artifacts\rock_shadow_bake\rock_2\frames_512\rock_2_rot_16_180deg.png'
02:34.641  render           | Saved: 'C:\Users\peaceful\Station Peaceful\Station Peaceful\artifacts\rock_shadow_bake\rock_2\frames_512\rock_2_rot_17_191deg.png'
02:42.906  render           | Saved: 'C:\Users\peaceful\Station Peaceful\Station Peaceful\artifacts\rock_shadow_bake\rock_2\frames_512\rock_2_rot_18_202deg.png'
02:51.109  render           | Saved: 'C:\Users\peaceful\Station Peaceful\Station Peaceful\artifacts\rock_shadow_bake\rock_2\frames_512\rock_2_rot_19_214deg.png'
02:59.328  render           | Saved: 'C:\Users\peaceful\Station Peaceful\Station Peaceful\artifacts\rock_shadow_bake\rock_2\frames_512\rock_2_rot_20_225deg.png'
03:07.516  render           | Saved: 'C:\Users\peaceful\Station Peaceful\Station Peaceful\artifacts\rock_shadow_bake\rock_2\frames_512\rock_2_rot_21_236deg.png'
03:16.109  render           | Saved: 'C:\Users\peaceful\Station Peaceful\Station Peaceful\artifacts\rock_shadow_bake\rock_2\frames_512\rock_2_rot_22_248deg.png'
03:24.797  render           | Saved: 'C:\Users\peaceful\Station Peaceful\Station Peaceful\artifacts\rock_shadow_bake\rock_2\frames_512\rock_2_rot_23_259deg.png'
03:33.188  render           | Saved: 'C:\Users\peaceful\Station Peaceful\Station Peaceful\artifacts\rock_shadow_bake\rock_2\frames_512\rock_2_rot_24_270deg.png'
03:41.922  render           | Saved: 'C:\Users\peaceful\Station Peaceful\Station Peaceful\artifacts\rock_shadow_bake\rock_2\frames_512\rock_2_rot_25_281deg.png'
03:50.516  render           | Saved: 'C:\Users\peaceful\Station Peaceful\Station Peaceful\artifacts\rock_shadow_bake\rock_2\frames_512\rock_2_rot_26_292deg.png'
03:58.781  render           | Saved: 'C:\Users\peaceful\Station Peaceful\Station Peaceful\artifacts\rock_shadow_bake\rock_2\frames_512\rock_2_rot_27_304deg.png'
04:07.109  render           | Saved: 'C:\Users\peaceful\Station Peaceful\Station Peaceful\artifacts\rock_shadow_bake\rock_2\frames_512\rock_2_rot_28_315deg.png'
04:16.031  render           | Saved: 'C:\Users\peaceful\Station Peaceful\Station Peaceful\artifacts\rock_shadow_bake\rock_2\frames_512\rock_2_rot_29_326deg.png'
04:24.500  render           | Saved: 'C:\Users\peaceful\Station Peaceful\Station Peaceful\artifacts\rock_shadow_bake\rock_2\frames_512\rock_2_rot_30_338deg.png'
04:32.875  render           | Saved: 'C:\Users\peaceful\Station Peaceful\Station Peaceful\artifacts\rock_shadow_bake\rock_2\frames_512\rock_2_rot_31_349deg.png'
Rock overhead shadow sprite render complete
input_glb=C:\Users\peaceful\Station Peaceful\flora glb\rock 2.glb
output_dir=C:\Users\peaceful\Station Peaceful\Station Peaceful\artifacts\rock_shadow_bake\rock_2\frames_512
asset_name=rock_2
rotations=32
frame_size=512
bounds_min=(-0.4189, -0.4268, 0.0)
bounds_max=(0.4189, 0.4268, 0.998)
render_engine=CYCLES
camera_ortho_scale=1.6465
shadow=cycles shadow catcher, overhead sun
Blender 5.0.1 (hash a3db93c5b259 built 2025-12-16 01:32:30)

Blender quit
