21:55:30 | INFO: Data are loaded, start creating Blender stuff
21:55:30 | INFO: Blender create Mesh node meshes[0]
21:55:30 | INFO: glTF import finished in 0.02s
00:10.859  render           | Saved: 'C:\Users\peaceful\Station Peaceful\Station Peaceful\artifacts\rock_shadow_bake\rock_2\frames_512\rock_2_rot_00_000deg.png'
00:19.469  render           | Saved: 'C:\Users\peaceful\Station Peaceful\Station Peaceful\artifacts\rock_shadow_bake\rock_2\frames_512\rock_2_rot_01_011deg.png'
00:27.813  render           | Saved: 'C:\Users\peaceful\Station Peaceful\Station Peaceful\artifacts\rock_shadow_bake\rock_2\frames_512\rock_2_rot_02_022deg.png'
00:36.516  render           | Saved: 'C:\Users\peaceful\Station Peaceful\Station Peaceful\artifacts\rock_shadow_bake\rock_2\frames_512\rock_2_rot_03_034deg.png'
00:44.859  render           | Saved: 'C:\Users\peaceful\Station Peaceful\Station Peaceful\artifacts\rock_shadow_bake\rock_2\frames_512\rock_2_rot_04_045deg.png'
00:53.547  render           | Saved: 'C:\Users\peaceful\Station Peaceful\Station Peaceful\artifacts\rock_shadow_bake\rock_2\frames_512\rock_2_rot_05_056deg.png'
01:01.547  render           | Saved: 'C:\Users\peaceful\Station Peaceful\Station Peaceful\artifacts\rock_shadow_bake\rock_2\frames_512\rock_2_rot_06_068deg.png'
01:09.781  render           | Saved: 'C:\Users\peaceful\Station Peaceful\Station Peaceful\artifacts\rock_shadow_bake\rock_2\frames_512\rock_2_rot_07_079deg.png'
01:17.641  render           | Saved: 'C:\Users\peaceful\Station Peaceful\Station Peaceful\artifacts\rock_shadow_bake\rock_2\frames_512\rock_2_rot_08_090deg.png'
01:26.656  render           | Saved: 'C:\Users\peaceful\Station Peaceful\Station Peaceful\artifacts\rock_shadow_bake\rock_2\frames_512\rock_2_rot_09_101deg.png'
01:35.859  render           | Saved: 'C:\Users\peaceful\Station Peaceful\Station Peaceful\artifacts\rock_shadow_bake\rock_2\frames_512\rock_2_rot_10_112deg.png'
01:45.219  render           | Saved: 'C:\Users\peaceful\Station Peaceful\Station Peaceful\artifacts\rock_shadow_bake\rock_2\frames_512\rock_2_rot_11_124deg.png'
01:54.078  render           | Saved: 'C:\Users\peaceful\Station Peaceful\Station Peaceful\artifacts\rock_shadow_bake\rock_2\frames_512\rock_2_rot_12_135deg.png'
02:02.250  render           | Saved: 'C:\Users\peaceful\Station Peaceful\Station Peaceful\artifacts\rock_shadow_bake\rock_2\frames_512\rock_2_rot_13_146deg.png'
02:10.484  render           | Saved: 'C:\Users\peaceful\Station Peaceful\Station Peaceful\artifacts\rock_shadow_bake\rock_2\frames_512\rock_2_rot_14_158deg.png'
02:18.531  render           | Saved: 'C:\Users\peaceful\Station Peaceful\Station Peaceful\artifacts\rock_shadow_bake\rock_2\frames_512\rock_2_rot_15_169deg.png'
02:26.828  render           | Saved: 'C:\Users\peaceful\Station Peaceful\Station Peaceful\artifacts\rock_shadow_bake\rock_2\frames_512\rock_2_rot_16_180deg.png'
02:34.891  render           | Saved: 'C:\Users\peaceful\Station Peaceful\Station Peaceful\artifacts\rock_shadow_bake\rock_2\frames_512\rock_2_rot_17_191deg.png'
02:43.188  render           | Saved: 'C:\Users\peaceful\Station Peaceful\Station Peaceful\artifacts\rock_shadow_bake\rock_2\frames_512\rock_2_rot_18_202deg.png'
02:51.516  render           | Saved: 'C:\Users\peaceful\Station Peaceful\Station Peaceful\artifacts\rock_shadow_bake\rock_2\frames_512\rock_2_rot_19_214deg.png'
03:00.250  render           | Saved: 'C:\Users\peaceful\Station Peaceful\Station Peaceful\artifacts\rock_shadow_bake\rock_2\frames_512\rock_2_rot_20_225deg.png'
03:08.750  render           | Saved: 'C:\Users\peaceful\Station Peaceful\Station Peaceful\artifacts\rock_shadow_bake\rock_2\frames_512\rock_2_rot_21_236deg.png'
03:17.000  render           | Saved: 'C:\Users\peaceful\Station Peaceful\Station Peaceful\artifacts\rock_shadow_bake\rock_2\frames_512\rock_2_rot_22_248deg.png'
03:25.359  render           | Saved: 'C:\Users\peaceful\Station Peaceful\Station Peaceful\artifacts\rock_shadow_bake\rock_2\frames_512\rock_2_rot_23_259deg.png'
03:34.078  render           | Saved: 'C:\Users\peaceful\Station Peaceful\Station Peaceful\artifacts\rock_shadow_bake\rock_2\frames_512\rock_2_rot_24_270deg.png'
03:42.266  render           | Saved: 'C:\Users\peaceful\Station Peaceful\Station Peaceful\artifacts\rock_shadow_bake\rock_2\frames_512\rock_2_rot_25_281deg.png'
03:50.641  render           | Saved: 'C:\Users\peaceful\Station Peaceful\Station Peaceful\artifacts\rock_shadow_bake\rock_2\frames_512\rock_2_rot_26_292deg.png'
03:58.844  render           | Saved: 'C:\Users\peaceful\Station Peaceful\Station Peaceful\artifacts\rock_shadow_bake\rock_2\frames_512\rock_2_rot_27_304deg.png'
04:07.188  render           | Saved: 'C:\Users\peaceful\Station Peaceful\Station Peaceful\artifacts\rock_shadow_bake\rock_2\frames_512\rock_2_rot_28_315deg.png'
04:15.531  render           | Saved: 'C:\Users\peaceful\Station Peaceful\Station Peaceful\artifacts\rock_shadow_bake\rock_2\frames_512\rock_2_rot_29_326deg.png'
04:24.250  render           | Saved: 'C:\Users\peaceful\Station Peaceful\Station Peaceful\artifacts\rock_shadow_bake\rock_2\frames_512\rock_2_rot_30_338deg.png'
04:32.656  render           | Saved: 'C:\Users\peaceful\Station Peaceful\Station Peaceful\artifacts\rock_shadow_bake\rock_2\frames_512\rock_2_rot_31_349deg.png'
Rock overhead shadow sprite render complete
input_glb=C:\Users\peaceful\Station Peaceful\flora glb\rock 2.glb
output_dir=C:\Users\peaceful\Station Peaceful\Station Peaceful\artifacts\rock_shadow_bake\rock_2\frames_512
asset_name=rock_2
rotations=32
frame_size=512
bounds_min=(-0.4189, -0.4268, 0.0)
bounds_max=(0.4189, 0.4268, 0.998)
render_engine=CYCLES
camera_ortho_scale=1.6465
shadow=cycles shadow catcher, overhead sun
Blender 5.0.1 (hash a3db93c5b259 built 2025-12-16 01:32:30)

Blender quit
