Godot Engine v4.6.2.stable.official.71f334935 - https://godotengine.org
D3D12 12_0 - Forward+ - Using Device #0: NVIDIA - NVIDIA GeForce GTX 1060 6GB

[FrameBudget] streaming=7.5ms topology=0.0ms visual=0.0ms spawn=0.0ms total=7.6ms/6.0ms world.streaming_v0=7.5ms(60) world.mountain_native_mask_visual_upload=0.0ms(53)
mountain_variant_probe: mountain chunk (186, 18) tile (2, 7)
[FrameBudget] streaming=9.3ms topology=0.0ms visual=0.0ms spawn=0.0ms total=9.3ms/6.0ms world.streaming_v0=9.3ms(60) world.mountain_native_mask_visual_upload=0.0ms(40)
[FrameBudget] streaming=12.6ms topology=0.0ms visual=0.0ms spawn=0.0ms total=12.6ms/6.0ms world.streaming_v0=12.6ms(60) world.mountain_native_mask_visual_upload=0.0ms(21)
mountain_variant_probe: saved C:/Users/peaceful/Station Peaceful/Station Peaceful/artifacts/mountain_variants/v0_current_z045.png
mountain_variant_probe: saved C:/Users/peaceful/Station Peaceful/Station Peaceful/artifacts/mountain_variants/v0_current_z100.png
mountain_variant_probe: saved C:/Users/peaceful/Station Peaceful/Station Peaceful/artifacts/mountain_variants/v1_drama_z045.png
mountain_variant_probe: saved C:/Users/peaceful/Station Peaceful/Station Peaceful/artifacts/mountain_variants/v1_drama_z100.png
mountain_variant_probe: saved C:/Users/peaceful/Station Peaceful/Station Peaceful/artifacts/mountain_variants/v2_volume_z045.png
mountain_variant_probe: saved C:/Users/peaceful/Station Peaceful/Station Peaceful/artifacts/mountain_variants/v2_volume_z100.png
mountain_variant_probe: saved C:/Users/peaceful/Station Peaceful/Station Peaceful/artifacts/mountain_variants/v3_jagged_z045.png
mountain_variant_probe: saved C:/Users/peaceful/Station Peaceful/Station Peaceful/artifacts/mountain_variants/v3_jagged_z100.png
mountain_variant_probe: saved C:/Users/peaceful/Station Peaceful/Station Peaceful/artifacts/mountain_variants/v4_epic_z045.png
[FrameBudget] streaming=8.2ms topology=0.0ms visual=0.0ms spawn=0.0ms total=8.2ms/6.0ms world.streaming_v0=8.2ms(60) world.mountain_native_mask_visual_upload=0.0ms(30)
mountain_variant_probe: saved C:/Users/peaceful/Station Peaceful/Station Peaceful/artifacts/mountain_variants/v4_epic_z100.png
WARNING: ObjectDB instances leaked at exit (run with --verbose for details).
   at: cleanup (core/object/object.cpp:2641)
ERROR: 7 resources still in use at exit (run with --verbose for details).
   at: clear (core/io/resource.cpp:810)
