Godot Engine v4.6.2.stable.official.71f334935 - https://godotengine.org
D3D12 12_0 - Forward+ - Using Device #0: NVIDIA - NVIDIA GeForce GTX 1060 6GB

ground_zoom_probe: shore chunk (248, 23) tile (15, 14)
[FrameBudget] streaming=7.5ms topology=0.0ms visual=0.0ms spawn=0.0ms total=7.5ms/6.0ms world.streaming_v0=7.5ms(60) world.mountain_native_mask_visual_upload=0.0ms(53)
ground_zoom_probe: saved C:/Users/peaceful/Station Peaceful/Station Peaceful/artifacts/ground_zoom_probe/spawn_zoom_100.png
[FrameBudget] streaming=9.4ms topology=0.0ms visual=0.0ms spawn=0.0ms total=9.4ms/6.0ms world.streaming_v0=9.4ms(60) world.mountain_native_mask_visual_upload=0.0ms(45)
ground_zoom_probe: saved C:/Users/peaceful/Station Peaceful/Station Peaceful/artifacts/ground_zoom_probe/spawn_zoom_045.png
[FrameBudget] streaming=10.9ms topology=0.0ms visual=0.0ms spawn=0.0ms total=10.9ms/6.0ms world.streaming_v0=10.9ms(60) world.mountain_native_mask_visual_upload=0.0ms(40)
[FrameBudget] streaming=13.6ms topology=0.0ms visual=0.0ms spawn=0.0ms total=13.6ms/6.0ms world.streaming_v0=13.6ms(60) world.mountain_native_mask_visual_upload=0.0ms(36)
ground_zoom_probe: saved C:/Users/peaceful/Station Peaceful/Station Peaceful/artifacts/ground_zoom_probe/spawn_zoom_022.png
[FrameBudget] streaming=7.3ms topology=0.0ms visual=0.0ms spawn=0.0ms total=7.3ms/6.0ms world.streaming_v0=7.3ms(60) world.mountain_native_mask_visual_upload=0.0ms(49)
ground_zoom_probe: saved C:/Users/peaceful/Station Peaceful/Station Peaceful/artifacts/ground_zoom_probe/edge_zoom_100.png
[FrameBudget] streaming=10.7ms topology=0.0ms visual=0.0ms spawn=0.0ms total=10.7ms/6.0ms world.streaming_v0=10.7ms(60) world.mountain_native_mask_visual_upload=0.0ms(44)
ground_zoom_probe: saved C:/Users/peaceful/Station Peaceful/Station Peaceful/artifacts/ground_zoom_probe/edge_zoom_045.png
[FrameBudget] streaming=10.2ms topology=0.0ms visual=0.0ms spawn=0.0ms total=10.3ms/6.0ms world.streaming_v0=10.2ms(60) world.mountain_native_mask_visual_upload=0.0ms(37)
ground_zoom_probe: saved C:/Users/peaceful/Station Peaceful/Station Peaceful/artifacts/ground_zoom_probe/edge_zoom_022.png
[FrameBudget] streaming=11.1ms topology=0.0ms visual=0.0ms spawn=0.0ms total=11.1ms/6.0ms world.streaming_v0=11.1ms(60) world.mountain_native_mask_visual_upload=0.0ms(37)
[FrameBudget] streaming=14.6ms topology=0.0ms visual=0.0ms spawn=0.0ms total=14.6ms/6.0ms world.streaming_v0=14.6ms(60) world.mountain_native_mask_visual_upload=0.0ms(30)
[FrameBudget] streaming=14.9ms topology=0.0ms visual=0.0ms spawn=0.0ms total=14.9ms/6.0ms world.streaming_v0=14.9ms(60) world.mountain_native_mask_visual_upload=0.0ms(28)
[FrameBudget] streaming=14.4ms topology=0.0ms visual=0.0ms spawn=0.0ms total=14.4ms/6.0ms world.streaming_v0=14.4ms(60) world.mountain_native_mask_visual_upload=0.0ms(29)
ground_zoom_probe: edge_state [(246, 21): act=0 w=0 shore=0] [(247, 21): act=0 w=0 shore=0] [(248, 21): act=0 w=0 shore=0] [(249, 21): act=0 w=0 shore=0] [(250, 21): act=0 w=0 shore=0]
ground_zoom_probe: edge_state [(246, 22): act=0 w=0 shore=0] [(247, 22): act=0 w=0 shore=0] [(248, 22): act=0 w=0 shore=0] [(249, 22): act=0 w=0 shore=0] [(250, 22): act=0 w=0 shore=0]
ground_zoom_probe: edge_state [(246, 23): act=0 w=0 shore=0] [(247, 23): act=0 w=0 shore=0] [(248, 23): act=1 w=1 shore=1] [(249, 23): act=1 w=3 shore=1] [(250, 23): act=1 w=0 shore=1]
ground_zoom_probe: edge_state [(246, 24): act=1 w=0 shore=1] [(247, 24): act=1 w=0 shore=1] [(248, 24): act=1 w=20 shore=1] [(249, 24): act=1 w=74 shore=1] [(250, 24): act=1 w=90 shore=1]
ground_zoom_probe: edge_state [(246, 25): act=1 w=0 shore=1] [(247, 25): act=1 w=134 shore=1] [(248, 25): act=1 w=171 shore=1] [(249, 25): act=1 w=100 shore=1] [(250, 25): act=1 w=242 shore=1]
[FrameBudget] streaming=13.5ms topology=0.0ms visual=0.0ms spawn=0.0ms total=13.5ms/6.0ms world.streaming_v0=13.5ms(60) world.mountain_native_mask_visual_upload=0.0ms(31)
ground_zoom_probe: saved C:/Users/peaceful/Station Peaceful/Station Peaceful/artifacts/ground_zoom_probe/shore_zoom_100.png
[FrameBudget] streaming=8.7ms topology=0.0ms visual=0.0ms spawn=0.0ms total=8.7ms/6.0ms world.streaming_v0=8.7ms(60) world.mountain_native_mask_visual_upload=0.0ms(41)
ground_zoom_probe: saved C:/Users/peaceful/Station Peaceful/Station Peaceful/artifacts/ground_zoom_probe/shore_zoom_045.png
[FrameBudget] streaming=10.3ms topology=0.0ms visual=0.0ms spawn=0.0ms total=10.3ms/6.0ms world.streaming_v0=10.3ms(60) world.mountain_native_mask_visual_upload=0.0ms(37)
[FrameBudget] streaming=14.4ms topology=0.0ms visual=0.0ms spawn=0.0ms total=14.4ms/6.0ms world.streaming_v0=14.4ms(60) world.mountain_native_mask_visual_upload=0.0ms(30)
ground_zoom_probe: saved C:/Users/peaceful/Station Peaceful/Station Peaceful/artifacts/ground_zoom_probe/shore_zoom_022.png
WARNING: ObjectDB instances leaked at exit (run with --verbose for details).
   at: cleanup (core/object/object.cpp:2641)
ERROR: 7 resources still in use at exit (run with --verbose for details).
   at: clear (core/io/resource.cpp:810)
