Godot Engine v4.6.2.stable.official.71f334935 - https://godotengine.org
D3D12 12_0 - Forward+ - Using Device #0: NVIDIA - NVIDIA GeForce GTX 1060 6GB

ground_zoom_probe: shore chunk (248, 23) tile (15, 14)
[FrameBudget] streaming=8.2ms topology=0.0ms visual=0.0ms spawn=0.0ms total=8.2ms/6.0ms world.streaming_v0=8.2ms(60) world.mountain_native_mask_visual_upload=0.0ms(52)
ground_zoom_probe: saved C:/Users/peaceful/Station Peaceful/Station Peaceful/artifacts/ground_zoom_probe/spawn_zoom_100.png
[FrameBudget] streaming=9.2ms topology=0.0ms visual=0.0ms spawn=0.0ms total=9.2ms/6.0ms world.streaming_v0=9.2ms(60) world.mountain_native_mask_visual_upload=0.0ms(45)
ground_zoom_probe: saved C:/Users/peaceful/Station Peaceful/Station Peaceful/artifacts/ground_zoom_probe/spawn_zoom_045.png
[FrameBudget] streaming=11.5ms topology=0.0ms visual=0.0ms spawn=0.0ms total=11.5ms/6.0ms world.streaming_v0=11.5ms(60) world.mountain_native_mask_visual_upload=0.0ms(38)
[FrameBudget] streaming=13.7ms topology=0.0ms visual=0.0ms spawn=0.0ms total=13.7ms/6.0ms world.streaming_v0=13.7ms(60) world.mountain_native_mask_visual_upload=0.0ms(36)
ground_zoom_probe: saved C:/Users/peaceful/Station Peaceful/Station Peaceful/artifacts/ground_zoom_probe/spawn_zoom_022.png
[FrameBudget] streaming=6.4ms topology=0.0ms visual=0.0ms spawn=0.0ms total=6.4ms/6.0ms world.streaming_v0=6.4ms(60) world.mountain_native_mask_visual_upload=0.0ms(51)
ground_zoom_probe: saved C:/Users/peaceful/Station Peaceful/Station Peaceful/artifacts/ground_zoom_probe/edge_zoom_100.png
[FrameBudget] streaming=9.3ms topology=0.0ms visual=0.0ms spawn=0.0ms total=9.3ms/6.0ms world.streaming_v0=9.3ms(60) world.mountain_native_mask_visual_upload=0.0ms(43)
ground_zoom_probe: saved C:/Users/peaceful/Station Peaceful/Station Peaceful/artifacts/ground_zoom_probe/edge_zoom_045.png
[FrameBudget] streaming=9.8ms topology=0.0ms visual=0.0ms spawn=0.0ms total=9.9ms/6.0ms world.streaming_v0=9.8ms(60) world.mountain_native_mask_visual_upload=0.0ms(39)
ground_zoom_probe: saved C:/Users/peaceful/Station Peaceful/Station Peaceful/artifacts/ground_zoom_probe/edge_zoom_022.png
[FrameBudget] streaming=10.6ms topology=0.0ms visual=0.0ms spawn=0.0ms total=10.6ms/6.0ms world.streaming_v0=10.6ms(60) world.mountain_native_mask_visual_upload=0.0ms(39)
[FrameBudget] streaming=14.2ms topology=0.0ms visual=0.0ms spawn=0.0ms total=14.2ms/6.0ms world.streaming_v0=14.2ms(60) world.mountain_native_mask_visual_upload=0.0ms(31)
[FrameBudget] streaming=13.4ms topology=0.0ms visual=0.0ms spawn=0.0ms total=13.5ms/6.0ms world.streaming_v0=13.4ms(60) world.mountain_native_mask_visual_upload=0.0ms(31)
[FrameBudget] streaming=14.3ms topology=0.0ms visual=0.0ms spawn=0.0ms total=14.3ms/6.0ms world.streaming_v0=14.3ms(60) world.mountain_native_mask_visual_upload=0.0ms(29)
ground_zoom_probe: edge_state [(246, 21): act=0 w=0 shore=0] [(247, 21): act=0 w=0 shore=0] [(248, 21): act=0 w=0 shore=0] [(249, 21): act=0 w=0 shore=0] [(250, 21): act=0 w=0 shore=0]
ground_zoom_probe: edge_state [(246, 22): act=0 w=0 shore=0] [(247, 22): act=0 w=0 shore=0] [(248, 22): act=0 w=0 shore=0] [(249, 22): act=0 w=0 shore=0] [(250, 22): act=0 w=0 shore=0]
ground_zoom_probe: edge_state [(246, 23): act=0 w=0 shore=0] [(247, 23): act=0 w=0 shore=0] [(248, 23): act=1 w=1 shore=1] [(249, 23): act=1 w=3 shore=1] [(250, 23): act=1 w=0 shore=1]
ground_zoom_probe: edge_state [(246, 24): act=1 w=0 shore=1] [(247, 24): act=1 w=0 shore=1] [(248, 24): act=1 w=20 shore=1] [(249, 24): act=1 w=74 shore=1] [(250, 24): act=1 w=90 shore=1]
ground_zoom_probe: edge_state [(246, 25): act=1 w=0 shore=1] [(247, 25): act=1 w=134 shore=1] [(248, 25): act=1 w=171 shore=1] [(249, 25): act=1 w=100 shore=1] [(250, 25): act=1 w=242 shore=1]
[FrameBudget] streaming=12.2ms topology=0.0ms visual=0.0ms spawn=0.0ms total=12.2ms/6.0ms world.streaming_v0=12.2ms(60) world.mountain_native_mask_visual_upload=0.0ms(35)
ground_zoom_probe: saved C:/Users/peaceful/Station Peaceful/Station Peaceful/artifacts/ground_zoom_probe/shore_zoom_100.png
[FrameBudget] streaming=8.4ms topology=0.0ms visual=0.0ms spawn=0.0ms total=8.4ms/6.0ms world.streaming_v0=8.4ms(60) world.mountain_native_mask_visual_upload=0.0ms(42)
ground_zoom_probe: saved C:/Users/peaceful/Station Peaceful/Station Peaceful/artifacts/ground_zoom_probe/shore_zoom_045.png
[FrameBudget] streaming=10.3ms topology=0.0ms visual=0.0ms spawn=0.0ms total=10.3ms/6.0ms world.streaming_v0=10.3ms(60) world.mountain_native_mask_visual_upload=0.0ms(37)
[FrameBudget] streaming=13.9ms topology=0.0ms visual=0.0ms spawn=0.0ms total=13.9ms/6.0ms world.streaming_v0=13.9ms(60) world.mountain_native_mask_visual_upload=0.0ms(30)
ground_zoom_probe: saved C:/Users/peaceful/Station Peaceful/Station Peaceful/artifacts/ground_zoom_probe/shore_zoom_022.png
WARNING: ObjectDB instances leaked at exit (run with --verbose for details).
   at: cleanup (core/object/object.cpp:2641)
ERROR: 7 resources still in use at exit (run with --verbose for details).
   at: clear (core/io/resource.cpp:810)
