Godot Engine v4.6.2.stable.official.71f334935 - https://godotengine.org
D3D12 12_0 - Forward+ - Using Device #0: NVIDIA - NVIDIA GeForce GTX 1060 6GB

ground_zoom_probe: shore chunk (248, 23) tile (15, 14)
[FrameBudget] streaming=8.2ms topology=0.0ms visual=0.0ms spawn=0.0ms total=8.2ms/6.0ms world.streaming_v0=8.2ms(60) world.mountain_native_mask_visual_upload=0.0ms(52)
ground_zoom_probe: saved C:/Users/peaceful/Station Peaceful/Station Peaceful/artifacts/ground_zoom_probe/spawn_zoom_100.png
[FrameBudget] streaming=9.3ms topology=0.0ms visual=0.0ms spawn=0.0ms total=9.3ms/6.0ms world.streaming_v0=9.3ms(60) world.mountain_native_mask_visual_upload=0.0ms(44)
ground_zoom_probe: saved C:/Users/peaceful/Station Peaceful/Station Peaceful/artifacts/ground_zoom_probe/spawn_zoom_045.png
[FrameBudget] streaming=11.6ms topology=0.0ms visual=0.0ms spawn=0.0ms total=11.6ms/6.0ms world.streaming_v0=11.6ms(60) world.mountain_native_mask_visual_upload=0.0ms(39)
[FrameBudget] streaming=13.7ms topology=0.0ms visual=0.0ms spawn=0.0ms total=13.7ms/6.0ms world.streaming_v0=13.7ms(60) world.mountain_native_mask_visual_upload=0.0ms(36)
ground_zoom_probe: saved C:/Users/peaceful/Station Peaceful/Station Peaceful/artifacts/ground_zoom_probe/spawn_zoom_022.png
[FrameBudget] streaming=6.8ms topology=0.0ms visual=0.0ms spawn=0.0ms total=6.8ms/6.0ms world.streaming_v0=6.8ms(60) world.mountain_native_mask_visual_upload=0.0ms(49)
ground_zoom_probe: saved C:/Users/peaceful/Station Peaceful/Station Peaceful/artifacts/ground_zoom_probe/edge_zoom_100.png
[FrameBudget] streaming=9.4ms topology=0.0ms visual=0.0ms spawn=0.0ms total=9.4ms/6.0ms world.streaming_v0=9.4ms(60) world.mountain_native_mask_visual_upload=0.0ms(45)
ground_zoom_probe: saved C:/Users/peaceful/Station Peaceful/Station Peaceful/artifacts/ground_zoom_probe/edge_zoom_045.png
[FrameBudget] streaming=10.3ms topology=0.0ms visual=0.0ms spawn=0.0ms total=10.3ms/6.0ms world.streaming_v0=10.3ms(60) world.mountain_native_mask_visual_upload=0.0ms(38)
ground_zoom_probe: saved C:/Users/peaceful/Station Peaceful/Station Peaceful/artifacts/ground_zoom_probe/edge_zoom_022.png
[FrameBudget] streaming=10.3ms topology=0.0ms visual=0.0ms spawn=0.0ms total=10.3ms/6.0ms world.streaming_v0=10.3ms(60) world.mountain_native_mask_visual_upload=0.0ms(40)
[FrameBudget] streaming=13.5ms topology=0.0ms visual=0.0ms spawn=0.0ms total=13.5ms/6.0ms world.streaming_v0=13.5ms(60) world.mountain_native_mask_visual_upload=0.0ms(33)
[FrameBudget] streaming=13.1ms topology=0.0ms visual=0.0ms spawn=0.0ms total=13.1ms/6.0ms world.streaming_v0=13.1ms(60) world.mountain_native_mask_visual_upload=0.0ms(31)
[FrameBudget] streaming=14.4ms topology=0.0ms visual=0.0ms spawn=0.0ms total=14.4ms/6.0ms world.streaming_v0=14.4ms(60) world.mountain_native_mask_visual_upload=0.0ms(29)
ground_zoom_probe: edge_state [(246, 21): act=0 vis=0] [(247, 21): act=0 vis=0] [(248, 21): act=0 vis=0] [(249, 21): act=0 vis=0] [(250, 21): act=0 vis=0]
ground_zoom_probe: edge_state [(246, 22): act=0 vis=0] [(247, 22): act=0 vis=0] [(248, 22): act=0 vis=0] [(249, 22): act=0 vis=0] [(250, 22): act=0 vis=0]
ground_zoom_probe: edge_state [(246, 23): act=0 vis=0] [(247, 23): act=0 vis=0] [(248, 23): act=1 vis=1] [(249, 23): act=1 vis=1] [(250, 23): act=1 vis=1]
ground_zoom_probe: edge_state [(246, 24): act=1 vis=1] [(247, 24): act=1 vis=1] [(248, 24): act=1 vis=1] [(249, 24): act=1 vis=1] [(250, 24): act=1 vis=1]
ground_zoom_probe: edge_state [(246, 25): act=1 vis=1] [(247, 25): act=1 vis=1] [(248, 25): act=1 vis=1] [(249, 25): act=1 vis=1] [(250, 25): act=1 vis=1]
[FrameBudget] streaming=12.6ms topology=0.0ms visual=0.0ms spawn=0.0ms total=12.6ms/6.0ms world.streaming_v0=12.6ms(60) world.mountain_native_mask_visual_upload=0.0ms(34)
ground_zoom_probe: saved C:/Users/peaceful/Station Peaceful/Station Peaceful/artifacts/ground_zoom_probe/shore_zoom_100.png
[FrameBudget] streaming=9.4ms topology=0.0ms visual=0.0ms spawn=0.0ms total=9.4ms/6.0ms world.streaming_v0=9.4ms(60) world.mountain_native_mask_visual_upload=0.0ms(40)
ground_zoom_probe: saved C:/Users/peaceful/Station Peaceful/Station Peaceful/artifacts/ground_zoom_probe/shore_zoom_045.png
[FrameBudget] streaming=10.1ms topology=0.0ms visual=0.0ms spawn=0.0ms total=10.1ms/6.0ms world.streaming_v0=10.1ms(60) world.mountain_native_mask_visual_upload=0.0ms(37)
[FrameBudget] streaming=13.6ms topology=0.0ms visual=0.0ms spawn=0.0ms total=13.6ms/6.0ms world.streaming_v0=13.6ms(60) world.mountain_native_mask_visual_upload=0.0ms(30)
ground_zoom_probe: saved C:/Users/peaceful/Station Peaceful/Station Peaceful/artifacts/ground_zoom_probe/shore_zoom_022.png
WARNING: ObjectDB instances leaked at exit (run with --verbose for details).
   at: cleanup (core/object/object.cpp:2641)
ERROR: 7 resources still in use at exit (run with --verbose for details).
   at: clear (core/io/resource.cpp:810)
